Command line invocation:
    /Applications/Xcode.app/Contents/Developer/usr/bin/xcodebuild -project entourage.xcodeproj -scheme Entourage-ios -configuration Debug -destination "generic/platform=iOS Simulator" build

Resolve Package Graph


Resolved source packages:
  SimpleKeychain: https://github.com/auth0/SimpleKeychain @ 0.12.5
  Firebase: https://github.com/firebase/firebase-ios-sdk @ 10.26.0
  Mantis: https://github.com/guoyingtao/Mantis.git @ 2.31.1
  gRPC: https://github.com/google/grpc-binary.git @ 1.62.2
  Nantes: https://github.com/instacart/Nantes @ 0.1.2
  GooglePlaces: https://github.com/googlemaps/ios-places-sdk @ 9.4.1
  abseil: https://github.com/google/abseil-cpp-binary.git @ 1.2024011602.0
  Lottie: https://github.com/airbnb/lottie-ios.git @ 3.5.0
  GTMSessionFetcher: https://github.com/google/gtm-session-fetcher.git @ 3.5.0
  AppCheck: https://github.com/google/app-check.git @ 10.19.2
  SVProgressHUD: https://github.com/SVProgressHUD/SVProgressHUD @ 2.3.1
  GoogleAppMeasurement: https://github.com/google/GoogleAppMeasurement.git @ 10.25.0
  IQKeyboardManagerSwift: https://github.com/hackiftekhar/IQKeyboardManager.git @ 6.5.16
  Promises: https://github.com/google/promises.git @ 2.4.0
  GoogleDataTransport: https://github.com/google/GoogleDataTransport.git @ 9.4.0
  GoogleUtilities: https://github.com/google/GoogleUtilities.git @ 7.13.3
  nanopb: https://github.com/firebase/nanopb.git @ 2.30910.0
  SDWebImage: https://github.com/SDWebImage/SDWebImage.git @ 5.21.5
  leveldb: https://github.com/firebase/leveldb.git @ 1.22.5
  ActiveLabel: https://github.com/optonaut/ActiveLabel.swift.git @ 1.1.5
  SwiftProtobuf: https://github.com/apple/swift-protobuf.git @ 1.33.3
  InteropForGoogle: https://github.com/google/interop-ios-for-google-sdks.git @ 100.0.0

ComputePackagePrebuildTargetDependencyGraph

Prepare packages

CreateBuildRequest

SendProjectDescription

CreateBuildOperation

ComputeTargetDependencyGraph
note: Building targets in dependency order
note: Target dependency graph (99 targets)
    Target 'entourage' in project 'entourage'
        ➜ Explicit dependency on target 'FirebaseAnalytics' in project 'Firebase'
        ➜ Explicit dependency on target 'GooglePlaces' in project 'GooglePlaces'
        ➜ Explicit dependency on target 'FirebaseMessaging' in project 'Firebase'
        ➜ Explicit dependency on target 'SDWebImage' in project 'SDWebImage'
        ➜ Explicit dependency on target 'FirebaseCrashlytics' in project 'Firebase'
        ➜ Explicit dependency on target 'SDWebImageMapKit' in project 'SDWebImage'
        ➜ Explicit dependency on target 'SimpleKeychain' in project 'SimpleKeychain'
        ➜ Explicit dependency on target 'Nantes' in project 'Nantes'
        ➜ Explicit dependency on target 'FirebaseRemoteConfig' in project 'Firebase'
        ➜ Explicit dependency on target 'IQKeyboardManagerSwift' in project 'IQKeyboardManagerSwift'
        ➜ Explicit dependency on target 'SVProgressHUD' in project 'SVProgressHUD'
        ➜ Explicit dependency on target 'ActiveLabel' in project 'ActiveLabel'
        ➜ Explicit dependency on target 'FirebaseAppCheck' in project 'Firebase'
        ➜ Explicit dependency on target 'Lottie' in project 'Lottie'
        ➜ Explicit dependency on target 'Mantis' in project 'Mantis'
    Target 'Mantis' in project 'Mantis'
        ➜ Explicit dependency on target 'Mantis' in project 'Mantis'
        ➜ Explicit dependency on target 'Mantis_Mantis' in project 'Mantis'
    Target 'Mantis' in project 'Mantis'
        ➜ Explicit dependency on target 'Mantis_Mantis' in project 'Mantis'
    Target 'Mantis_Mantis' in project 'Mantis' (no dependencies)
    Target 'Lottie' in project 'Lottie'
        ➜ Explicit dependency on target 'Lottie' in project 'Lottie'
    Target 'Lottie' in project 'Lottie' (no dependencies)
    Target 'FirebaseAppCheck' in project 'Firebase'
        ➜ Explicit dependency on target 'FirebaseAppCheck' in project 'Firebase'
        ➜ Explicit dependency on target 'FirebaseAppCheckInterop' in project 'Firebase'
        ➜ Explicit dependency on target 'Firebase' in project 'Firebase'
        ➜ Explicit dependency on target 'FirebaseCoreInternal' in project 'Firebase'
        ➜ Explicit dependency on target 'FirebaseCore' in project 'Firebase'
        ➜ Explicit dependency on target 'GULNSData' in project 'GoogleUtilities'
        ➜ Explicit dependency on target 'GULEnvironment' in project 'GoogleUtilities'
        ➜ Explicit dependency on target 'GULLogger' in project 'GoogleUtilities'
        ➜ Explicit dependency on target 'AppCheckCore' in project 'AppCheck'
        ➜ Explicit dependency on target 'FBLPromises' in project 'Promises'
        ➜ Explicit dependency on target 'GULUserDefaults' in project 'GoogleUtilities'
    Target 'FirebaseAppCheck' in project 'Firebase'
        ➜ Explicit dependency on target 'FirebaseAppCheckInterop' in project 'Firebase'
        ➜ Explicit dependency on target 'Firebase' in project 'Firebase'
        ➜ Explicit dependency on target 'FirebaseCoreInternal' in project 'Firebase'
        ➜ Explicit dependency on target 'FirebaseCore' in project 'Firebase'
        ➜ Explicit dependency on target 'GULNSData' in project 'GoogleUtilities'
        ➜ Explicit dependency on target 'GULEnvironment' in project 'GoogleUtilities'
        ➜ Explicit dependency on target 'GULLogger' in project 'GoogleUtilities'
        ➜ Explicit dependency on target 'AppCheckCore' in project 'AppCheck'
        ➜ Explicit dependency on target 'FBLPromises' in project 'Promises'
        ➜ Explicit dependency on target 'GULUserDefaults' in project 'GoogleUtilities'
    Target 'AppCheckCore' in project 'AppCheck'
        ➜ Explicit dependency on target 'AppCheckCore' in project 'AppCheck'
        ➜ Explicit dependency on target 'FBLPromises' in project 'Promises'
        ➜ Explicit dependency on target 'GULEnvironment' in project 'GoogleUtilities'
        ➜ Explicit dependency on target 'GULUserDefaults' in project 'GoogleUtilities'
    Target 'AppCheckCore' in project 'AppCheck'
        ➜ Explicit dependency on target 'FBLPromises' in project 'Promises'
        ➜ Explicit dependency on target 'GULEnvironment' in project 'GoogleUtilities'
        ➜ Explicit dependency on target 'GULUserDefaults' in project 'GoogleUtilities'
    Target 'FirebaseAppCheckInterop' in project 'Firebase' (no dependencies)
    Target 'ActiveLabel' in project 'ActiveLabel'
        ➜ Explicit dependency on target 'ActiveLabel' in project 'ActiveLabel'
    Target 'ActiveLabel' in project 'ActiveLabel' (no dependencies)
    Target 'SVProgressHUD' in project 'SVProgressHUD'
        ➜ Explicit dependency on target 'SVProgressHUD' in project 'SVProgressHUD'
        ➜ Explicit dependency on target 'SVProgressHUD_SVProgressHUD' in project 'SVProgressHUD'
    Target 'SVProgressHUD' in project 'SVProgressHUD'
        ➜ Explicit dependency on target 'SVProgressHUD_SVProgressHUD' in project 'SVProgressHUD'
    Target 'SVProgressHUD_SVProgressHUD' in project 'SVProgressHUD' (no dependencies)
    Target 'IQKeyboardManagerSwift' in project 'IQKeyboardManagerSwift'
        ➜ Explicit dependency on target 'IQKeyboardManagerSwift' in project 'IQKeyboardManagerSwift'
    Target 'IQKeyboardManagerSwift' in project 'IQKeyboardManagerSwift' (no dependencies)
    Target 'FirebaseRemoteConfig' in project 'Firebase'
        ➜ Explicit dependency on target 'FirebaseRemoteConfig' in project 'Firebase'
        ➜ Explicit dependency on target 'Firebase_FirebaseRemoteConfig' in project 'Firebase'
        ➜ Explicit dependency on target 'Firebase' in project 'Firebase'
        ➜ Explicit dependency on target 'FirebaseCoreInternal' in project 'Firebase'
        ➜ Explicit dependency on target 'FirebaseCore' in project 'Firebase'
        ➜ Explicit dependency on target 'FirebaseABTesting' in project 'Firebase'
        ➜ Explicit dependency on target 'FirebaseInstallations' in project 'Firebase'
        ➜ Explicit dependency on target 'FirebaseRemoteConfigInterop' in project 'Firebase'
        ➜ Explicit dependency on target 'FirebaseRemoteConfigInternal' in project 'Firebase'
        ➜ Explicit dependency on target 'FirebaseSharedSwift' in project 'Firebase'
        ➜ Explicit dependency on target 'GULNSData' in project 'GoogleUtilities'
        ➜ Explicit dependency on target 'GULEnvironment' in project 'GoogleUtilities'
        ➜ Explicit dependency on target 'GULLogger' in project 'GoogleUtilities'
        ➜ Explicit dependency on target 'FBLPromises' in project 'Promises'
        ➜ Explicit dependency on target 'GULUserDefaults' in project 'GoogleUtilities'
    Target 'FirebaseRemoteConfig' in project 'Firebase'
        ➜ Explicit dependency on target 'Firebase_FirebaseRemoteConfig' in project 'Firebase'
        ➜ Explicit dependency on target 'Firebase' in project 'Firebase'
        ➜ Explicit dependency on target 'FirebaseCoreInternal' in project 'Firebase'
        ➜ Explicit dependency on target 'FirebaseCore' in project 'Firebase'
        ➜ Explicit dependency on target 'FirebaseABTesting' in project 'Firebase'
        ➜ Explicit dependency on target 'FirebaseInstallations' in project 'Firebase'
        ➜ Explicit dependency on target 'FirebaseRemoteConfigInterop' in project 'Firebase'
        ➜ Explicit dependency on target 'FirebaseRemoteConfigInternal' in project 'Firebase'
        ➜ Explicit dependency on target 'FirebaseSharedSwift' in project 'Firebase'
        ➜ Explicit dependency on target 'GULNSData' in project 'GoogleUtilities'
        ➜ Explicit dependency on target 'GULEnvironment' in project 'GoogleUtilities'
        ➜ Explicit dependency on target 'GULLogger' in project 'GoogleUtilities'
        ➜ Explicit dependency on target 'FBLPromises' in project 'Promises'
        ➜ Explicit dependency on target 'GULUserDefaults' in project 'GoogleUtilities'
    Target 'FirebaseSharedSwift' in project 'Firebase' (no dependencies)
    Target 'FirebaseRemoteConfigInternal' in project 'Firebase'
        ➜ Explicit dependency on target 'Firebase' in project 'Firebase'
        ➜ Explicit dependency on target 'FirebaseCoreInternal' in project 'Firebase'
        ➜ Explicit dependency on target 'FirebaseCore' in project 'Firebase'
        ➜ Explicit dependency on target 'FirebaseABTesting' in project 'Firebase'
        ➜ Explicit dependency on target 'FirebaseInstallations' in project 'Firebase'
        ➜ Explicit dependency on target 'FirebaseRemoteConfigInterop' in project 'Firebase'
        ➜ Explicit dependency on target 'GULNSData' in project 'GoogleUtilities'
        ➜ Explicit dependency on target 'GULEnvironment' in project 'GoogleUtilities'
        ➜ Explicit dependency on target 'GULLogger' in project 'GoogleUtilities'
        ➜ Explicit dependency on target 'FBLPromises' in project 'Promises'
        ➜ Explicit dependency on target 'GULUserDefaults' in project 'GoogleUtilities'
    Target 'FirebaseABTesting' in project 'Firebase'
        ➜ Explicit dependency on target 'Firebase_FirebaseABTesting' in project 'Firebase'
        ➜ Explicit dependency on target 'Firebase' in project 'Firebase'
        ➜ Explicit dependency on target 'FirebaseCoreInternal' in project 'Firebase'
        ➜ Explicit dependency on target 'FirebaseCore' in project 'Firebase'
        ➜ Explicit dependency on target 'GULNSData' in project 'GoogleUtilities'
        ➜ Explicit dependency on target 'GULEnvironment' in project 'GoogleUtilities'
        ➜ Explicit dependency on target 'GULLogger' in project 'GoogleUtilities'
    Target 'Firebase_FirebaseABTesting' in project 'Firebase' (no dependencies)
    Target 'Firebase_FirebaseRemoteConfig' in project 'Firebase' (no dependencies)
    Target 'Nantes' in project 'Nantes'
        ➜ Explicit dependency on target 'Nantes' in project 'Nantes'
    Target 'Nantes' in project 'Nantes' (no dependencies)
    Target 'SimpleKeychain' in project 'SimpleKeychain'
        ➜ Explicit dependency on target 'SimpleKeychain' in project 'SimpleKeychain'
    Target 'SimpleKeychain' in project 'SimpleKeychain' (no dependencies)
    Target 'SDWebImageMapKit' in project 'SDWebImage'
        ➜ Explicit dependency on target 'SDWebImageMapKit' in project 'SDWebImage'
        ➜ Explicit dependency on target 'SDWebImage_SDWebImageMapKit' in project 'SDWebImage'
        ➜ Explicit dependency on target 'SDWebImage' in project 'SDWebImage'
    Target 'SDWebImageMapKit' in project 'SDWebImage'
        ➜ Explicit dependency on target 'SDWebImage_SDWebImageMapKit' in project 'SDWebImage'
        ➜ Explicit dependency on target 'SDWebImage' in project 'SDWebImage'
    Target 'SDWebImage_SDWebImageMapKit' in project 'SDWebImage' (no dependencies)
    Target 'FirebaseCrashlytics' in project 'Firebase'
        ➜ Explicit dependency on target 'FirebaseCrashlytics' in project 'Firebase'
        ➜ Explicit dependency on target 'Firebase_FirebaseCrashlytics' in project 'Firebase'
        ➜ Explicit dependency on target 'Firebase' in project 'Firebase'
        ➜ Explicit dependency on target 'FirebaseCoreInternal' in project 'Firebase'
        ➜ Explicit dependency on target 'FirebaseCore' in project 'Firebase'
        ➜ Explicit dependency on target 'FirebaseInstallations' in project 'Firebase'
        ➜ Explicit dependency on target 'FirebaseCoreExtension' in project 'Firebase'
        ➜ Explicit dependency on target 'FirebaseSessionsObjC' in project 'Firebase'
        ➜ Explicit dependency on target 'FirebaseSessions' in project 'Firebase'
        ➜ Explicit dependency on target 'FirebaseRemoteConfigInterop' in project 'Firebase'
        ➜ Explicit dependency on target 'FirebaseCrashlyticsSwift' in project 'Firebase'
        ➜ Explicit dependency on target 'GULNSData' in project 'GoogleUtilities'
        ➜ Explicit dependency on target 'GULEnvironment' in project 'GoogleUtilities'
        ➜ Explicit dependency on target 'GULLogger' in project 'GoogleUtilities'
        ➜ Explicit dependency on target 'FBLPromises' in project 'Promises'
        ➜ Explicit dependency on target 'GULUserDefaults' in project 'GoogleUtilities'
        ➜ Explicit dependency on target 'nanopb' in project 'nanopb'
        ➜ Explicit dependency on target 'Promises' in project 'Promises'
        ➜ Explicit dependency on target 'GoogleDataTransport' in project 'GoogleDataTransport'
    Target 'FirebaseCrashlytics' in project 'Firebase'
        ➜ Explicit dependency on target 'Firebase_FirebaseCrashlytics' in project 'Firebase'
        ➜ Explicit dependency on target 'Firebase' in project 'Firebase'
        ➜ Explicit dependency on target 'FirebaseCoreInternal' in project 'Firebase'
        ➜ Explicit dependency on target 'FirebaseCore' in project 'Firebase'
        ➜ Explicit dependency on target 'FirebaseInstallations' in project 'Firebase'
        ➜ Explicit dependency on target 'FirebaseCoreExtension' in project 'Firebase'
        ➜ Explicit dependency on target 'FirebaseSessionsObjC' in project 'Firebase'
        ➜ Explicit dependency on target 'FirebaseSessions' in project 'Firebase'
        ➜ Explicit dependency on target 'FirebaseRemoteConfigInterop' in project 'Firebase'
        ➜ Explicit dependency on target 'FirebaseCrashlyticsSwift' in project 'Firebase'
        ➜ Explicit dependency on target 'GULNSData' in project 'GoogleUtilities'
        ➜ Explicit dependency on target 'GULEnvironment' in project 'GoogleUtilities'
        ➜ Explicit dependency on target 'GULLogger' in project 'GoogleUtilities'
        ➜ Explicit dependency on target 'FBLPromises' in project 'Promises'
        ➜ Explicit dependency on target 'GULUserDefaults' in project 'GoogleUtilities'
        ➜ Explicit dependency on target 'nanopb' in project 'nanopb'
        ➜ Explicit dependency on target 'Promises' in project 'Promises'
        ➜ Explicit dependency on target 'GoogleDataTransport' in project 'GoogleDataTransport'
    Target 'FirebaseCrashlyticsSwift' in project 'Firebase'
        ➜ Explicit dependency on target 'FirebaseRemoteConfigInterop' in project 'Firebase'
    Target 'FirebaseRemoteConfigInterop' in project 'Firebase' (no dependencies)
    Target 'FirebaseSessions' in project 'Firebase'
        ➜ Explicit dependency on target 'Firebase' in project 'Firebase'
        ➜ Explicit dependency on target 'FirebaseCoreInternal' in project 'Firebase'
        ➜ Explicit dependency on target 'FirebaseCore' in project 'Firebase'
        ➜ Explicit dependency on target 'FirebaseInstallations' in project 'Firebase'
        ➜ Explicit dependency on target 'FirebaseCoreExtension' in project 'Firebase'
        ➜ Explicit dependency on target 'FirebaseSessionsObjC' in project 'Firebase'
        ➜ Explicit dependency on target 'GULNSData' in project 'GoogleUtilities'
        ➜ Explicit dependency on target 'GULEnvironment' in project 'GoogleUtilities'
        ➜ Explicit dependency on target 'GULLogger' in project 'GoogleUtilities'
        ➜ Explicit dependency on target 'FBLPromises' in project 'Promises'
        ➜ Explicit dependency on target 'GULUserDefaults' in project 'GoogleUtilities'
        ➜ Explicit dependency on target 'nanopb' in project 'nanopb'
        ➜ Explicit dependency on target 'Promises' in project 'Promises'
        ➜ Explicit dependency on target 'GoogleDataTransport' in project 'GoogleDataTransport'
    Target 'Promises' in project 'Promises'
        ➜ Explicit dependency on target 'Promises' in project 'Promises'
        ➜ Explicit dependency on target 'Promises_Promises' in project 'Promises'
        ➜ Explicit dependency on target 'FBLPromises' in project 'Promises'
    Target 'Promises' in project 'Promises'
        ➜ Explicit dependency on target 'Promises_Promises' in project 'Promises'
        ➜ Explicit dependency on target 'FBLPromises' in project 'Promises'
    Target 'Promises_Promises' in project 'Promises' (no dependencies)
    Target 'FirebaseSessionsObjC' in project 'Firebase'
        ➜ Explicit dependency on target 'Firebase' in project 'Firebase'
        ➜ Explicit dependency on target 'FirebaseCoreInternal' in project 'Firebase'
        ➜ Explicit dependency on target 'FirebaseCore' in project 'Firebase'
        ➜ Explicit dependency on target 'FirebaseCoreExtension' in project 'Firebase'
        ➜ Explicit dependency on target 'GULNSData' in project 'GoogleUtilities'
        ➜ Explicit dependency on target 'GULEnvironment' in project 'GoogleUtilities'
        ➜ Explicit dependency on target 'GULLogger' in project 'GoogleUtilities'
        ➜ Explicit dependency on target 'nanopb' in project 'nanopb'
    Target 'FirebaseCoreExtension' in project 'Firebase'
        ➜ Explicit dependency on target 'Firebase_FirebaseCoreExtension' in project 'Firebase'
    Target 'Firebase_FirebaseCoreExtension' in project 'Firebase' (no dependencies)
    Target 'Firebase_FirebaseCrashlytics' in project 'Firebase' (no dependencies)
    Target 'SDWebImage' in project 'SDWebImage'
        ➜ Explicit dependency on target 'SDWebImage' in project 'SDWebImage'
        ➜ Explicit dependency on target 'SDWebImage_SDWebImage' in project 'SDWebImage'
    Target 'SDWebImage' in project 'SDWebImage'
        ➜ Explicit dependency on target 'SDWebImage_SDWebImage' in project 'SDWebImage'
    Target 'SDWebImage_SDWebImage' in project 'SDWebImage' (no dependencies)
    Target 'FirebaseMessaging' in project 'Firebase'
        ➜ Explicit dependency on target 'FirebaseMessaging' in project 'Firebase'
        ➜ Explicit dependency on target 'Firebase_FirebaseMessaging' in project 'Firebase'
        ➜ Explicit dependency on target 'Firebase' in project 'Firebase'
        ➜ Explicit dependency on target 'FirebaseCoreInternal' in project 'Firebase'
        ➜ Explicit dependency on target 'FirebaseCore' in project 'Firebase'
        ➜ Explicit dependency on target 'FirebaseInstallations' in project 'Firebase'
        ➜ Explicit dependency on target 'GULNSData' in project 'GoogleUtilities'
        ➜ Explicit dependency on target 'GULEnvironment' in project 'GoogleUtilities'
        ➜ Explicit dependency on target 'GULLogger' in project 'GoogleUtilities'
        ➜ Explicit dependency on target 'FBLPromises' in project 'Promises'
        ➜ Explicit dependency on target 'GULUserDefaults' in project 'GoogleUtilities'
        ➜ Explicit dependency on target 'GULAppDelegateSwizzler' in project 'GoogleUtilities'
        ➜ Explicit dependency on target 'GULReachability' in project 'GoogleUtilities'
        ➜ Explicit dependency on target 'GoogleDataTransport' in project 'GoogleDataTransport'
        ➜ Explicit dependency on target 'nanopb' in project 'nanopb'
    Target 'FirebaseMessaging' in project 'Firebase'
        ➜ Explicit dependency on target 'Firebase_FirebaseMessaging' in project 'Firebase'
        ➜ Explicit dependency on target 'Firebase' in project 'Firebase'
        ➜ Explicit dependency on target 'FirebaseCoreInternal' in project 'Firebase'
        ➜ Explicit dependency on target 'FirebaseCore' in project 'Firebase'
        ➜ Explicit dependency on target 'FirebaseInstallations' in project 'Firebase'
        ➜ Explicit dependency on target 'GULNSData' in project 'GoogleUtilities'
        ➜ Explicit dependency on target 'GULEnvironment' in project 'GoogleUtilities'
        ➜ Explicit dependency on target 'GULLogger' in project 'GoogleUtilities'
        ➜ Explicit dependency on target 'FBLPromises' in project 'Promises'
        ➜ Explicit dependency on target 'GULUserDefaults' in project 'GoogleUtilities'
        ➜ Explicit dependency on target 'GULAppDelegateSwizzler' in project 'GoogleUtilities'
        ➜ Explicit dependency on target 'GULReachability' in project 'GoogleUtilities'
        ➜ Explicit dependency on target 'GoogleDataTransport' in project 'GoogleDataTransport'
        ➜ Explicit dependency on target 'nanopb' in project 'nanopb'
    Target 'GoogleDataTransport' in project 'GoogleDataTransport'
        ➜ Explicit dependency on target 'GoogleDataTransport' in project 'GoogleDataTransport'
        ➜ Explicit dependency on target 'GoogleDataTransport_GoogleDataTransport' in project 'GoogleDataTransport'
        ➜ Explicit dependency on target 'nanopb' in project 'nanopb'
        ➜ Explicit dependency on target 'FBLPromises' in project 'Promises'
        ➜ Explicit dependency on target 'GULEnvironment' in project 'GoogleUtilities'
    Target 'GoogleDataTransport' in project 'GoogleDataTransport'
        ➜ Explicit dependency on target 'GoogleDataTransport_GoogleDataTransport' in project 'GoogleDataTransport'
        ➜ Explicit dependency on target 'nanopb' in project 'nanopb'
        ➜ Explicit dependency on target 'FBLPromises' in project 'Promises'
        ➜ Explicit dependency on target 'GULEnvironment' in project 'GoogleUtilities'
    Target 'GoogleDataTransport_GoogleDataTransport' in project 'GoogleDataTransport' (no dependencies)
    Target 'GULReachability' in project 'GoogleUtilities'
        ➜ Explicit dependency on target 'GoogleUtilities-Reachability' in project 'GoogleUtilities'
        ➜ Explicit dependency on target 'GoogleUtilities_GoogleUtilities-Reachability' in project 'GoogleUtilities'
        ➜ Explicit dependency on target 'third-party-IsAppEncrypted' in project 'GoogleUtilities'
        ➜ Explicit dependency on target 'GoogleUtilities-Environment' in project 'GoogleUtilities'
        ➜ Explicit dependency on target 'GoogleUtilities-Logger' in project 'GoogleUtilities'
        ➜ Explicit dependency on target 'FBLPromises' in project 'Promises'
    Target 'Firebase_FirebaseMessaging' in project 'Firebase' (no dependencies)
    Target 'GooglePlaces' in project 'GooglePlaces'
        ➜ Explicit dependency on target 'GooglePlacesTarget' in project 'GooglePlaces'
        ➜ Explicit dependency on target 'GooglePlaces_GooglePlacesTarget' in project 'GooglePlaces'
    Target 'GooglePlacesTarget' in project 'GooglePlaces'
        ➜ Explicit dependency on target 'GooglePlaces_GooglePlacesTarget' in project 'GooglePlaces'
    Target 'GooglePlaces_GooglePlacesTarget' in project 'GooglePlaces' (no dependencies)
    Target 'FirebaseAnalytics' in project 'Firebase'
        ➜ Explicit dependency on target 'FirebaseAnalyticsTarget' in project 'Firebase'
        ➜ Explicit dependency on target 'Firebase' in project 'Firebase'
        ➜ Explicit dependency on target 'FirebaseCoreInternal' in project 'Firebase'
        ➜ Explicit dependency on target 'FirebaseCore' in project 'Firebase'
        ➜ Explicit dependency on target 'FirebaseInstallations' in project 'Firebase'
        ➜ Explicit dependency on target 'FirebaseAnalyticsWrapper' in project 'Firebase'
        ➜ Explicit dependency on target 'GULNSData' in project 'GoogleUtilities'
        ➜ Explicit dependency on target 'GULEnvironment' in project 'GoogleUtilities'
        ➜ Explicit dependency on target 'GULLogger' in project 'GoogleUtilities'
        ➜ Explicit dependency on target 'FBLPromises' in project 'Promises'
        ➜ Explicit dependency on target 'GULUserDefaults' in project 'GoogleUtilities'
        ➜ Explicit dependency on target 'GoogleAppMeasurement' in project 'GoogleAppMeasurement'
        ➜ Explicit dependency on target 'GULAppDelegateSwizzler' in project 'GoogleUtilities'
        ➜ Explicit dependency on target 'GULMethodSwizzler' in project 'GoogleUtilities'
        ➜ Explicit dependency on target 'GULNetwork' in project 'GoogleUtilities'
        ➜ Explicit dependency on target 'nanopb' in project 'nanopb'
    Target 'FirebaseAnalyticsTarget' in project 'Firebase'
        ➜ Explicit dependency on target 'Firebase' in project 'Firebase'
        ➜ Explicit dependency on target 'FirebaseCoreInternal' in project 'Firebase'
        ➜ Explicit dependency on target 'FirebaseCore' in project 'Firebase'
        ➜ Explicit dependency on target 'FirebaseInstallations' in project 'Firebase'
        ➜ Explicit dependency on target 'FirebaseAnalyticsWrapper' in project 'Firebase'
        ➜ Explicit dependency on target 'GULNSData' in project 'GoogleUtilities'
        ➜ Explicit dependency on target 'GULEnvironment' in project 'GoogleUtilities'
        ➜ Explicit dependency on target 'GULLogger' in project 'GoogleUtilities'
        ➜ Explicit dependency on target 'FBLPromises' in project 'Promises'
        ➜ Explicit dependency on target 'GULUserDefaults' in project 'GoogleUtilities'
        ➜ Explicit dependency on target 'GoogleAppMeasurement' in project 'GoogleAppMeasurement'
        ➜ Explicit dependency on target 'GULAppDelegateSwizzler' in project 'GoogleUtilities'
        ➜ Explicit dependency on target 'GULMethodSwizzler' in project 'GoogleUtilities'
        ➜ Explicit dependency on target 'GULNetwork' in project 'GoogleUtilities'
        ➜ Explicit dependency on target 'nanopb' in project 'nanopb'
    Target 'FirebaseAnalyticsWrapper' in project 'Firebase'
        ➜ Explicit dependency on target 'Firebase' in project 'Firebase'
        ➜ Explicit dependency on target 'FirebaseCoreInternal' in project 'Firebase'
        ➜ Explicit dependency on target 'FirebaseCore' in project 'Firebase'
        ➜ Explicit dependency on target 'FirebaseInstallations' in project 'Firebase'
        ➜ Explicit dependency on target 'GULNSData' in project 'GoogleUtilities'
        ➜ Explicit dependency on target 'GULEnvironment' in project 'GoogleUtilities'
        ➜ Explicit dependency on target 'GULLogger' in project 'GoogleUtilities'
        ➜ Explicit dependency on target 'FBLPromises' in project 'Promises'
        ➜ Explicit dependency on target 'GULUserDefaults' in project 'GoogleUtilities'
        ➜ Explicit dependency on target 'GoogleAppMeasurement' in project 'GoogleAppMeasurement'
        ➜ Explicit dependency on target 'GULAppDelegateSwizzler' in project 'GoogleUtilities'
        ➜ Explicit dependency on target 'GULMethodSwizzler' in project 'GoogleUtilities'
        ➜ Explicit dependency on target 'GULNetwork' in project 'GoogleUtilities'
        ➜ Explicit dependency on target 'nanopb' in project 'nanopb'
    Target 'GoogleAppMeasurement' in project 'GoogleAppMeasurement'
        ➜ Explicit dependency on target 'GoogleAppMeasurementTarget' in project 'GoogleAppMeasurement'
        ➜ Explicit dependency on target 'GULAppDelegateSwizzler' in project 'GoogleUtilities'
        ➜ Explicit dependency on target 'GULMethodSwizzler' in project 'GoogleUtilities'
        ➜ Explicit dependency on target 'GULNSData' in project 'GoogleUtilities'
        ➜ Explicit dependency on target 'GULNetwork' in project 'GoogleUtilities'
        ➜ Explicit dependency on target 'nanopb' in project 'nanopb'
    Target 'GoogleAppMeasurementTarget' in project 'GoogleAppMeasurement'
        ➜ Explicit dependency on target 'GULAppDelegateSwizzler' in project 'GoogleUtilities'
        ➜ Explicit dependency on target 'GULMethodSwizzler' in project 'GoogleUtilities'
        ➜ Explicit dependency on target 'GULNSData' in project 'GoogleUtilities'
        ➜ Explicit dependency on target 'GULNetwork' in project 'GoogleUtilities'
        ➜ Explicit dependency on target 'nanopb' in project 'nanopb'
    Target 'nanopb' in project 'nanopb'
        ➜ Explicit dependency on target 'nanopb' in project 'nanopb'
        ➜ Explicit dependency on target 'nanopb_nanopb' in project 'nanopb'
    Target 'nanopb' in project 'nanopb'
        ➜ Explicit dependency on target 'nanopb_nanopb' in project 'nanopb'
    Target 'nanopb_nanopb' in project 'nanopb' (no dependencies)
    Target 'GULNetwork' in project 'GoogleUtilities'
        ➜ Explicit dependency on target 'GoogleUtilities-Network' in project 'GoogleUtilities'
        ➜ Explicit dependency on target 'GoogleUtilities_GoogleUtilities-Network' in project 'GoogleUtilities'
        ➜ Explicit dependency on target 'third-party-IsAppEncrypted' in project 'GoogleUtilities'
        ➜ Explicit dependency on target 'GoogleUtilities-Environment' in project 'GoogleUtilities'
        ➜ Explicit dependency on target 'GoogleUtilities-Logger' in project 'GoogleUtilities'
        ➜ Explicit dependency on target 'GoogleUtilities-NSData' in project 'GoogleUtilities'
        ➜ Explicit dependency on target 'GoogleUtilities-Reachability' in project 'GoogleUtilities'
        ➜ Explicit dependency on target 'FBLPromises' in project 'Promises'
    Target 'GULMethodSwizzler' in project 'GoogleUtilities'
        ➜ Explicit dependency on target 'GoogleUtilities-MethodSwizzler' in project 'GoogleUtilities'
        ➜ Explicit dependency on target 'GoogleUtilities_GoogleUtilities-MethodSwizzler' in project 'GoogleUtilities'
        ➜ Explicit dependency on target 'third-party-IsAppEncrypted' in project 'GoogleUtilities'
        ➜ Explicit dependency on target 'GoogleUtilities-Environment' in project 'GoogleUtilities'
        ➜ Explicit dependency on target 'GoogleUtilities-Logger' in project 'GoogleUtilities'
        ➜ Explicit dependency on target 'FBLPromises' in project 'Promises'
    Target 'GoogleUtilities-MethodSwizzler' in project 'GoogleUtilities'
        ➜ Explicit dependency on target 'GoogleUtilities_GoogleUtilities-MethodSwizzler' in project 'GoogleUtilities'
        ➜ Explicit dependency on target 'third-party-IsAppEncrypted' in project 'GoogleUtilities'
        ➜ Explicit dependency on target 'GoogleUtilities-Environment' in project 'GoogleUtilities'
        ➜ Explicit dependency on target 'GoogleUtilities-Logger' in project 'GoogleUtilities'
        ➜ Explicit dependency on target 'FBLPromises' in project 'Promises'
    Target 'GoogleUtilities_GoogleUtilities-MethodSwizzler' in project 'GoogleUtilities' (no dependencies)
    Target 'GULAppDelegateSwizzler' in project 'GoogleUtilities'
        ➜ Explicit dependency on target 'GoogleUtilities-AppDelegateSwizzler' in project 'GoogleUtilities'
        ➜ Explicit dependency on target 'GoogleUtilities_GoogleUtilities-AppDelegateSwizzler' in project 'GoogleUtilities'
        ➜ Explicit dependency on target 'third-party-IsAppEncrypted' in project 'GoogleUtilities'
        ➜ Explicit dependency on target 'GoogleUtilities-Environment' in project 'GoogleUtilities'
        ➜ Explicit dependency on target 'GoogleUtilities-Logger' in project 'GoogleUtilities'
        ➜ Explicit dependency on target 'GoogleUtilities-NSData' in project 'GoogleUtilities'
        ➜ Explicit dependency on target 'GoogleUtilities-Reachability' in project 'GoogleUtilities'
        ➜ Explicit dependency on target 'GoogleUtilities-Network' in project 'GoogleUtilities'
        ➜ Explicit dependency on target 'FBLPromises' in project 'Promises'
    Target 'GoogleUtilities-AppDelegateSwizzler' in project 'GoogleUtilities'
        ➜ Explicit dependency on target 'GoogleUtilities_GoogleUtilities-AppDelegateSwizzler' in project 'GoogleUtilities'
        ➜ Explicit dependency on target 'third-party-IsAppEncrypted' in project 'GoogleUtilities'
        ➜ Explicit dependency on target 'GoogleUtilities-Environment' in project 'GoogleUtilities'
        ➜ Explicit dependency on target 'GoogleUtilities-Logger' in project 'GoogleUtilities'
        ➜ Explicit dependency on target 'GoogleUtilities-NSData' in project 'GoogleUtilities'
        ➜ Explicit dependency on target 'GoogleUtilities-Reachability' in project 'GoogleUtilities'
        ➜ Explicit dependency on target 'GoogleUtilities-Network' in project 'GoogleUtilities'
        ➜ Explicit dependency on target 'FBLPromises' in project 'Promises'
    Target 'GoogleUtilities-Network' in project 'GoogleUtilities'
        ➜ Explicit dependency on target 'GoogleUtilities_GoogleUtilities-Network' in project 'GoogleUtilities'
        ➜ Explicit dependency on target 'third-party-IsAppEncrypted' in project 'GoogleUtilities'
        ➜ Explicit dependency on target 'GoogleUtilities-Environment' in project 'GoogleUtilities'
        ➜ Explicit dependency on target 'GoogleUtilities-Logger' in project 'GoogleUtilities'
        ➜ Explicit dependency on target 'GoogleUtilities-NSData' in project 'GoogleUtilities'
        ➜ Explicit dependency on target 'GoogleUtilities-Reachability' in project 'GoogleUtilities'
        ➜ Explicit dependency on target 'FBLPromises' in project 'Promises'
    Target 'GoogleUtilities_GoogleUtilities-Network' in project 'GoogleUtilities' (no dependencies)
    Target 'GoogleUtilities-Reachability' in project 'GoogleUtilities'
        ➜ Explicit dependency on target 'GoogleUtilities_GoogleUtilities-Reachability' in project 'GoogleUtilities'
        ➜ Explicit dependency on target 'third-party-IsAppEncrypted' in project 'GoogleUtilities'
        ➜ Explicit dependency on target 'GoogleUtilities-Environment' in project 'GoogleUtilities'
        ➜ Explicit dependency on target 'GoogleUtilities-Logger' in project 'GoogleUtilities'
        ➜ Explicit dependency on target 'FBLPromises' in project 'Promises'
    Target 'GoogleUtilities_GoogleUtilities-Reachability' in project 'GoogleUtilities' (no dependencies)
    Target 'GoogleUtilities_GoogleUtilities-AppDelegateSwizzler' in project 'GoogleUtilities' (no dependencies)
    Target 'FirebaseInstallations' in project 'Firebase'
        ➜ Explicit dependency on target 'Firebase_FirebaseInstallations' in project 'Firebase'
        ➜ Explicit dependency on target 'Firebase' in project 'Firebase'
        ➜ Explicit dependency on target 'FirebaseCoreInternal' in project 'Firebase'
        ➜ Explicit dependency on target 'FirebaseCore' in project 'Firebase'
        ➜ Explicit dependency on target 'GULNSData' in project 'GoogleUtilities'
        ➜ Explicit dependency on target 'GULEnvironment' in project 'GoogleUtilities'
        ➜ Explicit dependency on target 'GULLogger' in project 'GoogleUtilities'
        ➜ Explicit dependency on target 'FBLPromises' in project 'Promises'
        ➜ Explicit dependency on target 'GULUserDefaults' in project 'GoogleUtilities'
    Target 'GULUserDefaults' in project 'GoogleUtilities'
        ➜ Explicit dependency on target 'GoogleUtilities-UserDefaults' in project 'GoogleUtilities'
        ➜ Explicit dependency on target 'GoogleUtilities_GoogleUtilities-UserDefaults' in project 'GoogleUtilities'
        ➜ Explicit dependency on target 'third-party-IsAppEncrypted' in project 'GoogleUtilities'
        ➜ Explicit dependency on target 'GoogleUtilities-Environment' in project 'GoogleUtilities'
        ➜ Explicit dependency on target 'GoogleUtilities-Logger' in project 'GoogleUtilities'
        ➜ Explicit dependency on target 'FBLPromises' in project 'Promises'
    Target 'GoogleUtilities-UserDefaults' in project 'GoogleUtilities'
        ➜ Explicit dependency on target 'GoogleUtilities_GoogleUtilities-UserDefaults' in project 'GoogleUtilities'
        ➜ Explicit dependency on target 'third-party-IsAppEncrypted' in project 'GoogleUtilities'
        ➜ Explicit dependency on target 'GoogleUtilities-Environment' in project 'GoogleUtilities'
        ➜ Explicit dependency on target 'GoogleUtilities-Logger' in project 'GoogleUtilities'
        ➜ Explicit dependency on target 'FBLPromises' in project 'Promises'
    Target 'GoogleUtilities_GoogleUtilities-UserDefaults' in project 'GoogleUtilities' (no dependencies)
    Target 'Firebase_FirebaseInstallations' in project 'Firebase' (no dependencies)
    Target 'FirebaseCore' in project 'Firebase'
        ➜ Explicit dependency on target 'Firebase_FirebaseCore' in project 'Firebase'
        ➜ Explicit dependency on target 'Firebase' in project 'Firebase'
        ➜ Explicit dependency on target 'FirebaseCoreInternal' in project 'Firebase'
        ➜ Explicit dependency on target 'GULNSData' in project 'GoogleUtilities'
        ➜ Explicit dependency on target 'GULEnvironment' in project 'GoogleUtilities'
        ➜ Explicit dependency on target 'GULLogger' in project 'GoogleUtilities'
    Target 'GULLogger' in project 'GoogleUtilities'
        ➜ Explicit dependency on target 'GoogleUtilities-Logger' in project 'GoogleUtilities'
        ➜ Explicit dependency on target 'GoogleUtilities_GoogleUtilities-Logger' in project 'GoogleUtilities'
        ➜ Explicit dependency on target 'third-party-IsAppEncrypted' in project 'GoogleUtilities'
        ➜ Explicit dependency on target 'GoogleUtilities-Environment' in project 'GoogleUtilities'
        ➜ Explicit dependency on target 'FBLPromises' in project 'Promises'
    Target 'GoogleUtilities-Logger' in project 'GoogleUtilities'
        ➜ Explicit dependency on target 'GoogleUtilities_GoogleUtilities-Logger' in project 'GoogleUtilities'
        ➜ Explicit dependency on target 'third-party-IsAppEncrypted' in project 'GoogleUtilities'
        ➜ Explicit dependency on target 'GoogleUtilities-Environment' in project 'GoogleUtilities'
        ➜ Explicit dependency on target 'FBLPromises' in project 'Promises'
    Target 'GoogleUtilities_GoogleUtilities-Logger' in project 'GoogleUtilities' (no dependencies)
    Target 'GULEnvironment' in project 'GoogleUtilities'
        ➜ Explicit dependency on target 'GoogleUtilities-Environment' in project 'GoogleUtilities'
        ➜ Explicit dependency on target 'GoogleUtilities_GoogleUtilities-Environment' in project 'GoogleUtilities'
        ➜ Explicit dependency on target 'third-party-IsAppEncrypted' in project 'GoogleUtilities'
        ➜ Explicit dependency on target 'FBLPromises' in project 'Promises'
    Target 'GoogleUtilities-Environment' in project 'GoogleUtilities'
        ➜ Explicit dependency on target 'GoogleUtilities_GoogleUtilities-Environment' in project 'GoogleUtilities'
        ➜ Explicit dependency on target 'third-party-IsAppEncrypted' in project 'GoogleUtilities'
        ➜ Explicit dependency on target 'FBLPromises' in project 'Promises'
    Target 'FBLPromises' in project 'Promises'
        ➜ Explicit dependency on target 'FBLPromises' in project 'Promises'
        ➜ Explicit dependency on target 'Promises_FBLPromises' in project 'Promises'
    Target 'FBLPromises' in project 'Promises'
        ➜ Explicit dependency on target 'Promises_FBLPromises' in project 'Promises'
    Target 'Promises_FBLPromises' in project 'Promises' (no dependencies)
    Target 'third-party-IsAppEncrypted' in project 'GoogleUtilities' (no dependencies)
    Target 'GoogleUtilities_GoogleUtilities-Environment' in project 'GoogleUtilities' (no dependencies)
    Target 'Firebase_FirebaseCore' in project 'Firebase' (no dependencies)
    Target 'FirebaseCoreInternal' in project 'Firebase'
        ➜ Explicit dependency on target 'Firebase_FirebaseCoreInternal' in project 'Firebase'
        ➜ Explicit dependency on target 'GULNSData' in project 'GoogleUtilities'
    Target 'GULNSData' in project 'GoogleUtilities'
        ➜ Explicit dependency on target 'GoogleUtilities-NSData' in project 'GoogleUtilities'
        ➜ Explicit dependency on target 'GoogleUtilities_GoogleUtilities-NSData' in project 'GoogleUtilities'
    Target 'GoogleUtilities-NSData' in project 'GoogleUtilities'
        ➜ Explicit dependency on target 'GoogleUtilities_GoogleUtilities-NSData' in project 'GoogleUtilities'
    Target 'GoogleUtilities_GoogleUtilities-NSData' in project 'GoogleUtilities' (no dependencies)
    Target 'Firebase_FirebaseCoreInternal' in project 'Firebase' (no dependencies)
    Target 'Firebase' in project 'Firebase' (no dependencies)

GatherProvisioningInputs

CreateBuildDescription

ClangStatCache /Applications/Xcode.app/Contents/Developer/Toolchains/XcodeDefault.xctoolchain/usr/bin/clang-stat-cache /Applications/Xcode.app/Contents/Developer/Platforms/iPhoneSimulator.platform/Developer/SDKs/iPhoneSimulator26.2.sdk /Users/clementperrousset/Library/Developer/Xcode/DerivedData/SDKStatCaches.noindex/iphonesimulator26.2-23C53-7d00a8b37fbd7999ea79df8ebc024bf0.sdkstatcache
    cd /Users/clementperrousset/Dev/entourage-ios/entourage.xcodeproj
    /Applications/Xcode.app/Contents/Developer/Toolchains/XcodeDefault.xctoolchain/usr/bin/clang-stat-cache /Applications/Xcode.app/Contents/Developer/Platforms/iPhoneSimulator.platform/Developer/SDKs/iPhoneSimulator26.2.sdk -o /Users/clementperrousset/Library/Developer/Xcode/DerivedData/SDKStatCaches.noindex/iphonesimulator26.2-23C53-7d00a8b37fbd7999ea79df8ebc024bf0.sdkstatcache

/Users/clementperrousset/Dev/entourage-ios/entourage.xcodeproj: warning: The Copy Bundle Resources build phase contains this target's Info.plist file '/Users/clementperrousset/Dev/entourage-ios/entourage/entourage-Info.plist'. (in target 'entourage' from project 'entourage')
SwiftDriver entourage normal x86_64 com.apple.xcode.tools.swift.compiler (in target 'entourage' from project 'entourage')
    cd /Users/clementperrousset/Dev/entourage-ios
    builtin-SwiftDriver -- /Applications/Xcode.app/Contents/Developer/Toolchains/XcodeDefault.xctoolchain/usr/bin/swiftc -module-name Ent_Beta -Onone -enforce-exclusivity\=checked @/Users/clementperrousset/Library/Developer/Xcode/DerivedData/entourage-cgufxcifbbuurcdqvxkcudhwmwam/Build/Intermediates.noindex/entourage.build/Debug-iphonesimulator/entourage.build/Objects-normal/x86_64/Ent-Beta.SwiftFileList -DDEBUG -Xcc -fmodule-map-file\=/Users/clementperrousset/Library/Developer/Xcode/DerivedData/entourage-cgufxcifbbuurcdqvxkcudhwmwam/Build/Intermediates.noindex/GeneratedModuleMaps-iphonesimulator/GoogleAppMeasurementTarget.modulemap -Xcc -fmodule-map-file\=/Users/clementperrousset/Library/Developer/Xcode/DerivedData/entourage-cgufxcifbbuurcdqvxkcudhwmwam/Build/Intermediates.noindex/GeneratedModuleMaps-iphonesimulator/GoogleUtilities-MethodSwizzler.modulemap -Xcc -fmodule-map-file\=/Users/clementperrousset/Library/Developer/Xcode/DerivedData/entourage-cgufxcifbbuurcdqvxkcudhwmwam/Build/Intermediates.noindex/GeneratedModuleMaps-iphonesimulator/FirebaseAnalyticsWrapper.modulemap -Xcc -fmodule-map-file\=/Users/clementperrousset/Library/Developer/Xcode/DerivedData/entourage-cgufxcifbbuurcdqvxkcudhwmwam/Build/Intermediates.noindex/GeneratedModuleMaps-iphonesimulator/FirebaseAnalyticsTarget.modulemap -Xcc -fmodule-map-file\=/Users/clementperrousset/Library/Developer/Xcode/DerivedData/entourage-cgufxcifbbuurcdqvxkcudhwmwam/Build/Intermediates.noindex/GeneratedModuleMaps-iphonesimulator/GooglePlacesTarget.modulemap -Xcc -fmodule-map-file\=/Users/clementperrousset/Library/Developer/Xcode/DerivedData/entourage-cgufxcifbbuurcdqvxkcudhwmwam/Build/Intermediates.noindex/GeneratedModuleMaps-iphonesimulator/GoogleUtilities-Network.modulemap -Xcc -fmodule-map-file\=/Users/clementperrousset/Library/Developer/Xcode/DerivedData/entourage-cgufxcifbbuurcdqvxkcudhwmwam/Build/Intermediates.noindex/GeneratedModuleMaps-iphonesimulator/GoogleUtilities-AppDelegateSwizzler.modulemap -Xcc -fmodule-map-file\=/Users/clementperrousset/Library/Developer/Xcode/DerivedData/entourage-cgufxcifbbuurcdqvxkcudhwmwam/Build/Intermediates.noindex/GeneratedModuleMaps-iphonesimulator/GoogleUtilities-Reachability.modulemap -Xcc -fmodule-map-file\=/Users/clementperrousset/Library/Developer/Xcode/DerivedData/entourage-cgufxcifbbuurcdqvxkcudhwmwam/Build/Intermediates.noindex/GeneratedModuleMaps-iphonesimulator/FirebaseMessaging.modulemap -Xcc -fmodule-map-file\=/Users/clementperrousset/Library/Developer/Xcode/DerivedData/entourage-cgufxcifbbuurcdqvxkcudhwmwam/Build/Intermediates.noindex/GeneratedModuleMaps-iphonesimulator/nanopb.modulemap -Xcc -fmodule-map-file\=/Users/clementperrousset/Library/Developer/Xcode/DerivedData/entourage-cgufxcifbbuurcdqvxkcudhwmwam/Build/Intermediates.noindex/GeneratedModuleMaps-iphonesimulator/GoogleDataTransport.modulemap -Xcc -fmodule-map-file\=/Users/clementperrousset/Library/Developer/Xcode/DerivedData/entourage-cgufxcifbbuurcdqvxkcudhwmwam/Build/Intermediates.noindex/GeneratedModuleMaps-iphonesimulator/FirebaseSessionsObjC.modulemap -Xcc -fmodule-map-file\=/Users/clementperrousset/Library/Developer/Xcode/DerivedData/entourage-cgufxcifbbuurcdqvxkcudhwmwam/Build/Intermediates.noindex/GeneratedModuleMaps-iphonesimulator/FirebaseCoreExtension.modulemap -Xcc -fmodule-map-file\=/Users/clementperrousset/Library/Developer/Xcode/DerivedData/entourage-cgufxcifbbuurcdqvxkcudhwmwam/Build/Intermediates.noindex/GeneratedModuleMaps-iphonesimulator/FirebaseCrashlytics.modulemap -Xcc -fmodule-map-file\=/Users/clementperrousset/Library/Developer/Xcode/DerivedData/entourage-cgufxcifbbuurcdqvxkcudhwmwam/Build/Intermediates.noindex/GeneratedModuleMaps-iphonesimulator/SDWebImage.modulemap -Xcc -fmodule-map-file\=/Users/clementperrousset/Library/Developer/Xcode/DerivedData/entourage-cgufxcifbbuurcdqvxkcudhwmwam/Build/Intermediates.noindex/GeneratedModuleMaps-iphonesimulator/SDWebImageMapKit.modulemap -Xcc -fmodule-map-file\=/Users/clementperrousset/Library/Developer/Xcode/DerivedData/entourage-cgufxcifbbuurcdqvxkcudhwmwam/Build/Intermediates.noindex/GeneratedModuleMaps-iphonesimulator/SimpleKeychain.modulemap -Xcc -fmodule-map-file\=/Users/clementperrousset/Library/Developer/Xcode/DerivedData/entourage-cgufxcifbbuurcdqvxkcudhwmwam/Build/Intermediates.noindex/GeneratedModuleMaps-iphonesimulator/FirebaseRemoteConfigInternal.modulemap -Xcc -fmodule-map-file\=/Users/clementperrousset/Library/Developer/Xcode/DerivedData/entourage-cgufxcifbbuurcdqvxkcudhwmwam/Build/Intermediates.noindex/GeneratedModuleMaps-iphonesimulator/FirebaseInstallations.modulemap -Xcc -fmodule-map-file\=/Users/clementperrousset/Library/Developer/Xcode/DerivedData/entourage-cgufxcifbbuurcdqvxkcudhwmwam/Build/Intermediates.noindex/GeneratedModuleMaps-iphonesimulator/FirebaseABTesting.modulemap -Xcc -fmodule-map-file\=/Users/clementperrousset/Library/Developer/Xcode/DerivedData/entourage-cgufxcifbbuurcdqvxkcudhwmwam/Build/Intermediates.noindex/GeneratedModuleMaps-iphonesimulator/SVProgressHUD.modulemap -Xcc -fmodule-map-file\=/Users/clementperrousset/Library/Developer/Xcode/DerivedData/entourage-cgufxcifbbuurcdqvxkcudhwmwam/Build/Intermediates.noindex/GeneratedModuleMaps-iphonesimulator/GoogleUtilities-NSData.modulemap -Xcc -fmodule-map-file\=/Users/clementperrousset/Library/Developer/Xcode/DerivedData/entourage-cgufxcifbbuurcdqvxkcudhwmwam/Build/Intermediates.noindex/GeneratedModuleMaps-iphonesimulator/AppCheckCore.modulemap -Xcc -fmodule-map-file\=/Users/clementperrousset/Library/Developer/Xcode/DerivedData/entourage-cgufxcifbbuurcdqvxkcudhwmwam/Build/Intermediates.noindex/GeneratedModuleMaps-iphonesimulator/GoogleUtilities-Logger.modulemap -Xcc -fmodule-map-file\=/Users/clementperrousset/Library/Developer/Xcode/DerivedData/entourage-cgufxcifbbuurcdqvxkcudhwmwam/Build/Intermediates.noindex/GeneratedModuleMaps-iphonesimulator/GoogleUtilities-Environment.modulemap -Xcc -fmodule-map-file\=/Users/clementperrousset/Library/Developer/Xcode/DerivedData/entourage-cgufxcifbbuurcdqvxkcudhwmwam/Build/Intermediates.noindex/GeneratedModuleMaps-iphonesimulator/third-party-IsAppEncrypted.modulemap -Xcc -fmodule-map-file\=/Users/clementperrousset/Library/Developer/Xcode/DerivedData/entourage-cgufxcifbbuurcdqvxkcudhwmwam/Build/Intermediates.noindex/GeneratedModuleMaps-iphonesimulator/GoogleUtilities-UserDefaults.modulemap -Xcc -fmodule-map-file\=/Users/clementperrousset/Library/Developer/Xcode/DerivedData/entourage-cgufxcifbbuurcdqvxkcudhwmwam/Build/Intermediates.noindex/GeneratedModuleMaps-iphonesimulator/FirebaseCore.modulemap -Xcc -fmodule-map-file\=/Users/clementperrousset/Library/Developer/Xcode/DerivedData/entourage-cgufxcifbbuurcdqvxkcudhwmwam/Build/Intermediates.noindex/GeneratedModuleMaps-iphonesimulator/FirebaseAppCheckInterop.modulemap -Xcc -fmodule-map-file\=/Users/clementperrousset/Library/Developer/Xcode/DerivedData/entourage-cgufxcifbbuurcdqvxkcudhwmwam/Build/Intermediates.noindex/GeneratedModuleMaps-iphonesimulator/FirebaseAppCheck.modulemap -enable-bare-slash-regex -enable-experimental-feature DebugDescriptionMacro -sdk /Applications/Xcode.app/Contents/Developer/Platforms/iPhoneSimulator.platform/Developer/SDKs/iPhoneSimulator26.2.sdk -target x86_64-apple-ios14.0-simulator -g -module-cache-path /Users/clementperrousset/Library/Developer/Xcode/DerivedData/ModuleCache.noindex -Xfrontend -serialize-debugging-options -enable-testing -index-store-path /Users/clementperrousset/Library/Developer/Xcode/DerivedData/entourage-cgufxcifbbuurcdqvxkcudhwmwam/Index.noindex/DataStore -Xcc -D_LIBCPP_HARDENING_MODE\=_LIBCPP_HARDENING_MODE_DEBUG -swift-version 5 -I /Users/clementperrousset/Library/Developer/Xcode/DerivedData/entourage-cgufxcifbbuurcdqvxkcudhwmwam/Build/Products/Debug-iphonesimulator -F /Users/clementperrousset/Library/Developer/Xcode/DerivedData/entourage-cgufxcifbbuurcdqvxkcudhwmwam/Build/Products/Debug-iphonesimulator/PackageFrameworks -F /Users/clementperrousset/Library/Developer/Xcode/DerivedData/entourage-cgufxcifbbuurcdqvxkcudhwmwam/Build/Products/Debug-iphonesimulator/PackageFrameworks -F /Users/clementperrousset/Library/Developer/Xcode/DerivedData/entourage-cgufxcifbbuurcdqvxkcudhwmwam/Build/Products/Debug-iphonesimulator/PackageFrameworks -F /Users/clementperrousset/Library/Developer/Xcode/DerivedData/entourage-cgufxcifbbuurcdqvxkcudhwmwam/Build/Products/Debug-iphonesimulator/PackageFrameworks -F /Users/clementperrousset/Library/Developer/Xcode/DerivedData/entourage-cgufxcifbbuurcdqvxkcudhwmwam/Build/Products/Debug-iphonesimulator/PackageFrameworks -F /Users/clementperrousset/Library/Developer/Xcode/DerivedData/entourage-cgufxcifbbuurcdqvxkcudhwmwam/Build/Products/Debug-iphonesimulator/PackageFrameworks -F /Users/clementperrousset/Library/Developer/Xcode/DerivedData/entourage-cgufxcifbbuurcdqvxkcudhwmwam/Build/Products/Debug-iphonesimulator/PackageFrameworks -F /Users/clementperrousset/Library/Developer/Xcode/DerivedData/entourage-cgufxcifbbuurcdqvxkcudhwmwam/Build/Products/Debug-iphonesimulator/PackageFrameworks -F /Users/clementperrousset/Library/Developer/Xcode/DerivedData/entourage-cgufxcifbbuurcdqvxkcudhwmwam/Build/Products/Debug-iphonesimulator/PackageFrameworks -F /Users/clementperrousset/Library/Developer/Xcode/DerivedData/entourage-cgufxcifbbuurcdqvxkcudhwmwam/Build/Products/Debug-iphonesimulator/PackageFrameworks -F /Users/clementperrousset/Library/Developer/Xcode/DerivedData/entourage-cgufxcifbbuurcdqvxkcudhwmwam/Build/Products/Debug-iphonesimulator/PackageFrameworks -F /Users/clementperrousset/Library/Developer/Xcode/DerivedData/entourage-cgufxcifbbuurcdqvxkcudhwmwam/Build/Products/Debug-iphonesimulator/PackageFrameworks -F /Users/clementperrousset/Library/Developer/Xcode/DerivedData/entourage-cgufxcifbbuurcdqvxkcudhwmwam/Build/Products/Debug-iphonesimulator/PackageFrameworks -F /Users/clementperrousset/Library/Developer/Xcode/DerivedData/entourage-cgufxcifbbuurcdqvxkcudhwmwam/Build/Products/Debug-iphonesimulator/PackageFrameworks -F /Users/clementperrousset/Library/Developer/Xcode/DerivedData/entourage-cgufxcifbbuurcdqvxkcudhwmwam/Build/Products/Debug-iphonesimulator/PackageFrameworks -F /Users/clementperrousset/Library/Developer/Xcode/DerivedData/entourage-cgufxcifbbuurcdqvxkcudhwmwam/Build/Products/Debug-iphonesimulator/PackageFrameworks -F /Users/clementperrousset/Library/Developer/Xcode/DerivedData/entourage-cgufxcifbbuurcdqvxkcudhwmwam/Build/Products/Debug-iphonesimulator/PackageFrameworks -F /Users/clementperrousset/Library/Developer/Xcode/DerivedData/entourage-cgufxcifbbuurcdqvxkcudhwmwam/Build/Products/Debug-iphonesimulator/PackageFrameworks -F /Users/clementperrousset/Library/Developer/Xcode/DerivedData/entourage-cgufxcifbbuurcdqvxkcudhwmwam/Build/Products/Debug-iphonesimulator/PackageFrameworks -F /Users/clementperrousset/Library/Developer/Xcode/DerivedData/entourage-cgufxcifbbuurcdqvxkcudhwmwam/Build/Products/Debug-iphonesimulator/PackageFrameworks -F /Users/clementperrousset/Library/Developer/Xcode/DerivedData/entourage-cgufxcifbbuurcdqvxkcudhwmwam/Build/Products/Debug-iphonesimulator/PackageFrameworks -F /Users/clementperrousset/Library/Developer/Xcode/DerivedData/entourage-cgufxcifbbuurcdqvxkcudhwmwam/Build/Products/Debug-iphonesimulator/PackageFrameworks -F /Users/clementperrousset/Library/Developer/Xcode/DerivedData/entourage-cgufxcifbbuurcdqvxkcudhwmwam/Build/Products/Debug-iphonesimulator/PackageFrameworks -F /Users/clementperrousset/Library/Developer/Xcode/DerivedData/entourage-cgufxcifbbuurcdqvxkcudhwmwam/Build/Products/Debug-iphonesimulator/PackageFrameworks -F /Users/clementperrousset/Library/Developer/Xcode/DerivedData/entourage-cgufxcifbbuurcdqvxkcudhwmwam/Build/Products/Debug-iphonesimulator/PackageFrameworks -F /Users/clementperrousset/Library/Developer/Xcode/DerivedData/entourage-cgufxcifbbuurcdqvxkcudhwmwam/Build/Products/Debug-iphonesimulator/PackageFrameworks -F /Users/clementperrousset/Library/Developer/Xcode/DerivedData/entourage-cgufxcifbbuurcdqvxkcudhwmwam/Build/Products/Debug-iphonesimulator/PackageFrameworks -F /Users/clementperrousset/Library/Developer/Xcode/DerivedData/entourage-cgufxcifbbuurcdqvxkcudhwmwam/Build/Products/Debug-iphonesimulator/PackageFrameworks -F /Users/clementperrousset/Library/Developer/Xcode/DerivedData/entourage-cgufxcifbbuurcdqvxkcudhwmwam/Build/Products/Debug-iphonesimulator/PackageFrameworks -F /Users/clementperrousset/Library/Developer/Xcode/DerivedData/entourage-cgufxcifbbuurcdqvxkcudhwmwam/Build/Products/Debug-iphonesimulator/PackageFrameworks -F /Users/clementperrousset/Library/Developer/Xcode/DerivedData/entourage-cgufxcifbbuurcdqvxkcudhwmwam/Build/Products/Debug-iphonesimulator/PackageFrameworks -F /Users/clementperrousset/Library/Developer/Xcode/DerivedData/entourage-cgufxcifbbuurcdqvxkcudhwmwam/Build/Products/Debug-iphonesimulator/PackageFrameworks -F /Users/clementperrousset/Library/Developer/Xcode/DerivedData/entourage-cgufxcifbbuurcdqvxkcudhwmwam/Build/Products/Debug-iphonesimulator/PackageFrameworks -F /Users/clementperrousset/Library/Developer/Xcode/DerivedData/entourage-cgufxcifbbuurcdqvxkcudhwmwam/Build/Products/Debug-iphonesimulator/PackageFrameworks -F /Users/clementperrousset/Library/Developer/Xcode/DerivedData/entourage-cgufxcifbbuurcdqvxkcudhwmwam/Build/Products/Debug-iphonesimulator/PackageFrameworks -F /Users/clementperrousset/Library/Developer/Xcode/DerivedData/entourage-cgufxcifbbuurcdqvxkcudhwmwam/Build/Products/Debug-iphonesimulator/PackageFrameworks -F /Users/clementperrousset/Library/Developer/Xcode/DerivedData/entourage-cgufxcifbbuurcdqvxkcudhwmwam/Build/Products/Debug-iphonesimulator/PackageFrameworks -F /Users/clementperrousset/Library/Developer/Xcode/DerivedData/entourage-cgufxcifbbuurcdqvxkcudhwmwam/Build/Products/Debug-iphonesimulator/PackageFrameworks -F /Users/clementperrousset/Library/Developer/Xcode/DerivedData/entourage-cgufxcifbbuurcdqvxkcudhwmwam/Build/Products/Debug-iphonesimulator/PackageFrameworks -F /Users/clementperrousset/Library/Developer/Xcode/DerivedData/entourage-cgufxcifbbuurcdqvxkcudhwmwam/Build/Products/Debug-iphonesimulator/PackageFrameworks -F /Users/clementperrousset/Library/Developer/Xcode/DerivedData/entourage-cgufxcifbbuurcdqvxkcudhwmwam/Build/Products/Debug-iphonesimulator/PackageFrameworks -F /Users/clementperrousset/Library/Developer/Xcode/DerivedData/entourage-cgufxcifbbuurcdqvxkcudhwmwam/Build/Products/Debug-iphonesimulator/PackageFrameworks -F /Users/clementperrousset/Library/Developer/Xcode/DerivedData/entourage-cgufxcifbbuurcdqvxkcudhwmwam/Build/Products/Debug-iphonesimulator/PackageFrameworks -F /Users/clementperrousset/Library/Developer/Xcode/DerivedData/entourage-cgufxcifbbuurcdqvxkcudhwmwam/Build/Products/Debug-iphonesimulator/PackageFrameworks -F /Users/clementperrousset/Library/Developer/Xcode/DerivedData/entourage-cgufxcifbbuurcdqvxkcudhwmwam/Build/Products/Debug-iphonesimulator -emit-localized-strings -emit-localized-strings-path /Users/clementperrousset/Library/Developer/Xcode/DerivedData/entourage-cgufxcifbbuurcdqvxkcudhwmwam/Build/Intermediates.noindex/entourage.build/Debug-iphonesimulator/entourage.build/Objects-normal/x86_64 -c -j10 -enable-batch-mode -incremental -Xcc -ivfsstatcache -Xcc /Users/clementperrousset/Library/Developer/Xcode/DerivedData/SDKStatCaches.noindex/iphonesimulator26.2-23C53-7d00a8b37fbd7999ea79df8ebc024bf0.sdkstatcache -output-file-map /Users/clementperrousset/Library/Developer/Xcode/DerivedData/entourage-cgufxcifbbuurcdqvxkcudhwmwam/Build/Intermediates.noindex/entourage.build/Debug-iphonesimulator/entourage.build/Objects-normal/x86_64/entourage-OutputFileMap.json -use-frontend-parseable-output -save-temps -no-color-diagnostics -explicit-module-build -module-cache-path /Users/clementperrousset/Library/Developer/Xcode/DerivedData/entourage-cgufxcifbbuurcdqvxkcudhwmwam/Build/Intermediates.noindex/SwiftExplicitPrecompiledModules -clang-scanner-module-cache-path /Users/clementperrousset/Library/Developer/Xcode/DerivedData/ModuleCache.noindex -sdk-module-cache-path /Users/clementperrousset/Library/Developer/Xcode/DerivedData/ModuleCache.noindex -serialize-diagnostics -emit-dependencies -emit-module -emit-module-path /Users/clementperrousset/Library/Developer/Xcode/DerivedData/entourage-cgufxcifbbuurcdqvxkcudhwmwam/Build/Intermediates.noindex/entourage.build/Debug-iphonesimulator/entourage.build/Objects-normal/x86_64/Ent_Beta.swiftmodule -validate-clang-modules-once -clang-build-session-file /Users/clementperrousset/Library/Developer/Xcode/DerivedData/ModuleCache.noindex/Session.modulevalidation -Xcc -I/Users/clementperrousset/Library/Developer/Xcode/DerivedData/entourage-cgufxcifbbuurcdqvxkcudhwmwam/Build/Intermediates.noindex/entourage.build/Debug-iphonesimulator/entourage.build/swift-overrides.hmap -emit-const-values -Xfrontend -const-gather-protocols-file -Xfrontend /Users/clementperrousset/Library/Developer/Xcode/DerivedData/entourage-cgufxcifbbuurcdqvxkcudhwmwam/Build/Intermediates.noindex/entourage.build/Debug-iphonesimulator/entourage.build/Objects-normal/x86_64/entourage_const_extract_protocols.json -Xcc -iquote -Xcc /Users/clementperrousset/Library/Developer/Xcode/DerivedData/entourage-cgufxcifbbuurcdqvxkcudhwmwam/Build/Intermediates.noindex/entourage.build/Debug-iphonesimulator/entourage.build/Ent-Beta-generated-files.hmap -Xcc -I/Users/clementperrousset/Library/Developer/Xcode/DerivedData/entourage-cgufxcifbbuurcdqvxkcudhwmwam/Build/Intermediates.noindex/entourage.build/Debug-iphonesimulator/entourage.build/Ent-Beta-own-target-headers.hmap -Xcc -I/Users/clementperrousset/Library/Developer/Xcode/DerivedData/entourage-cgufxcifbbuurcdqvxkcudhwmwam/Build/Intermediates.noindex/entourage.build/Debug-iphonesimulator/entourage.build/Ent-Beta-all-non-framework-target-headers.hmap -Xcc -ivfsoverlay -Xcc /Users/clementperrousset/Library/Developer/Xcode/DerivedData/entourage-cgufxcifbbuurcdqvxkcudhwmwam/Build/Intermediates.noindex/entourage.build/Debug-iphonesimulator/entourage-70680f5a6599977dbad6674f82eeda54-VFS-iphonesimulator/all-product-headers.yaml -Xcc -iquote -Xcc /Users/clementperrousset/Library/Developer/Xcode/DerivedData/entourage-cgufxcifbbuurcdqvxkcudhwmwam/Build/Intermediates.noindex/entourage.build/Debug-iphonesimulator/entourage.build/Ent-Beta-project-headers.hmap -Xcc -I/Users/clementperrousset/Library/Developer/Xcode/DerivedData/entourage-cgufxcifbbuurcdqvxkcudhwmwam/SourcePackages/checkouts/GoogleAppMeasurement/GoogleAppMeasurementWrapper/include -Xcc -I/Users/clementperrousset/Library/Developer/Xcode/DerivedData/entourage-cgufxcifbbuurcdqvxkcudhwmwam/SourcePackages/checkouts/GoogleUtilities/GoogleUtilities/MethodSwizzler/Public -Xcc -I/Users/clementperrousset/Library/Developer/Xcode/DerivedData/entourage-cgufxcifbbuurcdqvxkcudhwmwam/SourcePackages/checkouts/firebase-ios-sdk/FirebaseAnalyticsWrapper/include -Xcc -I/Users/clementperrousset/Library/Developer/Xcode/DerivedData/entourage-cgufxcifbbuurcdqvxkcudhwmwam/SourcePackages/checkouts/firebase-ios-sdk/SwiftPM-PlatformExclude/FirebaseAnalyticsWrap/include -Xcc -I/Users/clementperrousset/Library/Developer/Xcode/DerivedData/entourage-cgufxcifbbuurcdqvxkcudhwmwam/SourcePackages/checkouts/ios-places-sdk/Places/Sources -Xcc -I/Users/clementperrousset/Library/Developer/Xcode/DerivedData/entourage-cgufxcifbbuurcdqvxkcudhwmwam/SourcePackages/checkouts/GoogleUtilities/GoogleUtilities/Network/Public -Xcc -I/Users/clementperrousset/Library/Developer/Xcode/DerivedData/entourage-cgufxcifbbuurcdqvxkcudhwmwam/SourcePackages/checkouts/GoogleUtilities/GoogleUtilities/AppDelegateSwizzler/Public -Xcc -I/Users/clementperrousset/Library/Developer/Xcode/DerivedData/entourage-cgufxcifbbuurcdqvxkcudhwmwam/SourcePackages/checkouts/GoogleUtilities/GoogleUtilities/Reachability/Public -Xcc -I/Users/clementperrousset/Library/Developer/Xcode/DerivedData/entourage-cgufxcifbbuurcdqvxkcudhwmwam/SourcePackages/checkouts/firebase-ios-sdk/FirebaseMessaging/Sources/Public -Xcc -I/Users/clementperrousset/Library/Developer/Xcode/DerivedData/entourage-cgufxcifbbuurcdqvxkcudhwmwam/SourcePackages/checkouts/nanopb/spm_headers -Xcc -I/Users/clementperrousset/Library/Developer/Xcode/DerivedData/entourage-cgufxcifbbuurcdqvxkcudhwmwam/SourcePackages/checkouts/GoogleDataTransport/GoogleDataTransport/GDTCORLibrary/Public -Xcc -I/Users/clementperrousset/Library/Developer/Xcode/DerivedData/entourage-cgufxcifbbuurcdqvxkcudhwmwam/SourcePackages/checkouts/firebase-ios-sdk/FirebaseSessions/SourcesObjC -Xcc -I/Users/clementperrousset/Library/Developer/Xcode/DerivedData/entourage-cgufxcifbbuurcdqvxkcudhwmwam/SourcePackages/checkouts/firebase-ios-sdk/FirebaseCore/Extension -Xcc -I/Users/clementperrousset/Library/Developer/Xcode/DerivedData/entourage-cgufxcifbbuurcdqvxkcudhwmwam/SourcePackages/checkouts/firebase-ios-sdk/Crashlytics/Crashlytics/Public -Xcc -I/Users/clementperrousset/Library/Developer/Xcode/DerivedData/entourage-cgufxcifbbuurcdqvxkcudhwmwam/SourcePackages/checkouts/SDWebImage/SDWebImage/include -Xcc -I/Users/clementperrousset/Library/Developer/Xcode/DerivedData/entourage-cgufxcifbbuurcdqvxkcudhwmwam/SourcePackages/checkouts/SDWebImage/SDWebImageMapKit/include -Xcc -I/Users/clementperrousset/Library/Developer/Xcode/DerivedData/entourage-cgufxcifbbuurcdqvxkcudhwmwam/SourcePackages/checkouts/SimpleKeychain/SimpleKeychain/include -Xcc -I/Users/clementperrousset/Library/Developer/Xcode/DerivedData/entourage-cgufxcifbbuurcdqvxkcudhwmwam/SourcePackages/checkouts/firebase-ios-sdk/FirebaseRemoteConfig/Sources/Public -Xcc -I/Users/clementperrousset/Library/Developer/Xcode/DerivedData/entourage-cgufxcifbbuurcdqvxkcudhwmwam/SourcePackages/checkouts/firebase-ios-sdk/FirebaseInstallations/Source/Library/Public -Xcc -I/Users/clementperrousset/Library/Developer/Xcode/DerivedData/entourage-cgufxcifbbuurcdqvxkcudhwmwam/SourcePackages/checkouts/firebase-ios-sdk/FirebaseABTesting/Sources/Public -Xcc -I/Users/clementperrousset/Library/Developer/Xcode/DerivedData/entourage-cgufxcifbbuurcdqvxkcudhwmwam/SourcePackages/checkouts/SVProgressHUD/SVProgressHUD/include -Xcc -I/Users/clementperrousset/Library/Developer/Xcode/DerivedData/entourage-cgufxcifbbuurcdqvxkcudhwmwam/SourcePackages/checkouts/GoogleUtilities/GoogleUtilities/NSData+zlib/Public -Xcc -I/Users/clementperrousset/Library/Developer/Xcode/DerivedData/entourage-cgufxcifbbuurcdqvxkcudhwmwam/SourcePackages/checkouts/app-check/AppCheckCore/Sources/Public -Xcc -I/Users/clementperrousset/Library/Developer/Xcode/DerivedData/entourage-cgufxcifbbuurcdqvxkcudhwmwam/SourcePackages/checkouts/promises/Sources/FBLPromises/include -Xcc -I/Users/clementperrousset/Library/Developer/Xcode/DerivedData/entourage-cgufxcifbbuurcdqvxkcudhwmwam/SourcePackages/checkouts/GoogleUtilities/GoogleUtilities/Logger/Public -Xcc -I/Users/clementperrousset/Library/Developer/Xcode/DerivedData/entourage-cgufxcifbbuurcdqvxkcudhwmwam/SourcePackages/checkouts/GoogleUtilities/GoogleUtilities/Environment/Public -Xcc -I/Users/clementperrousset/Library/Developer/Xcode/DerivedData/entourage-cgufxcifbbuurcdqvxkcudhwmwam/SourcePackages/checkouts/GoogleUtilities/third_party/IsAppEncrypted/Public -Xcc -I/Users/clementperrousset/Library/Developer/Xcode/DerivedData/entourage-cgufxcifbbuurcdqvxkcudhwmwam/SourcePackages/checkouts/GoogleUtilities/GoogleUtilities/UserDefaults/Public -Xcc -I/Users/clementperrousset/Library/Developer/Xcode/DerivedData/entourage-cgufxcifbbuurcdqvxkcudhwmwam/SourcePackages/checkouts/firebase-ios-sdk/FirebaseCore/Sources/Public -Xcc -I/Users/clementperrousset/Library/Developer/Xcode/DerivedData/entourage-cgufxcifbbuurcdqvxkcudhwmwam/SourcePackages/checkouts/firebase-ios-sdk/CoreOnly/Sources -Xcc -I/Users/clementperrousset/Library/Developer/Xcode/DerivedData/entourage-cgufxcifbbuurcdqvxkcudhwmwam/SourcePackages/checkouts/firebase-ios-sdk/FirebaseAppCheck/Interop/Public -Xcc -I/Users/clementperrousset/Library/Developer/Xcode/DerivedData/entourage-cgufxcifbbuurcdqvxkcudhwmwam/SourcePackages/checkouts/firebase-ios-sdk/FirebaseAppCheck/Sources/Public -Xcc -I/Users/clementperrousset/Library/Developer/Xcode/DerivedData/entourage-cgufxcifbbuurcdqvxkcudhwmwam/Build/Products/Debug-iphonesimulator/include -Xcc -I/Users/clementperrousset/Library/Developer/Xcode/DerivedData/entourage-cgufxcifbbuurcdqvxkcudhwmwam/Build/Intermediates.noindex/entourage.build/Debug-iphonesimulator/entourage.build/DerivedSources-normal/x86_64 -Xcc -I/Users/clementperrousset/Library/Developer/Xcode/DerivedData/entourage-cgufxcifbbuurcdqvxkcudhwmwam/Build/Intermediates.noindex/entourage.build/Debug-iphonesimulator/entourage.build/DerivedSources/x86_64 -Xcc -I/Users/clementperrousset/Library/Developer/Xcode/DerivedData/entourage-cgufxcifbbuurcdqvxkcudhwmwam/Build/Intermediates.noindex/entourage.build/Debug-iphonesimulator/entourage.build/DerivedSources -Xcc -DDEBUG\=1 -emit-objc-header -emit-objc-header-path /Users/clementperrousset/Library/Developer/Xcode/DerivedData/entourage-cgufxcifbbuurcdqvxkcudhwmwam/Build/Intermediates.noindex/entourage.build/Debug-iphonesimulator/entourage.build/Objects-normal/x86_64/Ent_Beta-Swift.h -import-objc-header /Users/clementperrousset/Dev/entourage-ios/entourage/Settings/entourage-Bridging-Header.h -working-directory /Users/clementperrousset/Dev/entourage-ios -experimental-emit-module-separately -disable-cmo

SwiftDriver entourage normal arm64 com.apple.xcode.tools.swift.compiler (in target 'entourage' from project 'entourage')
    cd /Users/clementperrousset/Dev/entourage-ios
    builtin-SwiftDriver -- /Applications/Xcode.app/Contents/Developer/Toolchains/XcodeDefault.xctoolchain/usr/bin/swiftc -module-name Ent_Beta -Onone -enforce-exclusivity\=checked @/Users/clementperrousset/Library/Developer/Xcode/DerivedData/entourage-cgufxcifbbuurcdqvxkcudhwmwam/Build/Intermediates.noindex/entourage.build/Debug-iphonesimulator/entourage.build/Objects-normal/arm64/Ent-Beta.SwiftFileList -DDEBUG -Xcc -fmodule-map-file\=/Users/clementperrousset/Library/Developer/Xcode/DerivedData/entourage-cgufxcifbbuurcdqvxkcudhwmwam/Build/Intermediates.noindex/GeneratedModuleMaps-iphonesimulator/GoogleAppMeasurementTarget.modulemap -Xcc -fmodule-map-file\=/Users/clementperrousset/Library/Developer/Xcode/DerivedData/entourage-cgufxcifbbuurcdqvxkcudhwmwam/Build/Intermediates.noindex/GeneratedModuleMaps-iphonesimulator/GoogleUtilities-MethodSwizzler.modulemap -Xcc -fmodule-map-file\=/Users/clementperrousset/Library/Developer/Xcode/DerivedData/entourage-cgufxcifbbuurcdqvxkcudhwmwam/Build/Intermediates.noindex/GeneratedModuleMaps-iphonesimulator/FirebaseAnalyticsWrapper.modulemap -Xcc -fmodule-map-file\=/Users/clementperrousset/Library/Developer/Xcode/DerivedData/entourage-cgufxcifbbuurcdqvxkcudhwmwam/Build/Intermediates.noindex/GeneratedModuleMaps-iphonesimulator/FirebaseAnalyticsTarget.modulemap -Xcc -fmodule-map-file\=/Users/clementperrousset/Library/Developer/Xcode/DerivedData/entourage-cgufxcifbbuurcdqvxkcudhwmwam/Build/Intermediates.noindex/GeneratedModuleMaps-iphonesimulator/GooglePlacesTarget.modulemap -Xcc -fmodule-map-file\=/Users/clementperrousset/Library/Developer/Xcode/DerivedData/entourage-cgufxcifbbuurcdqvxkcudhwmwam/Build/Intermediates.noindex/GeneratedModuleMaps-iphonesimulator/GoogleUtilities-Network.modulemap -Xcc -fmodule-map-file\=/Users/clementperrousset/Library/Developer/Xcode/DerivedData/entourage-cgufxcifbbuurcdqvxkcudhwmwam/Build/Intermediates.noindex/GeneratedModuleMaps-iphonesimulator/GoogleUtilities-AppDelegateSwizzler.modulemap -Xcc -fmodule-map-file\=/Users/clementperrousset/Library/Developer/Xcode/DerivedData/entourage-cgufxcifbbuurcdqvxkcudhwmwam/Build/Intermediates.noindex/GeneratedModuleMaps-iphonesimulator/GoogleUtilities-Reachability.modulemap -Xcc -fmodule-map-file\=/Users/clementperrousset/Library/Developer/Xcode/DerivedData/entourage-cgufxcifbbuurcdqvxkcudhwmwam/Build/Intermediates.noindex/GeneratedModuleMaps-iphonesimulator/FirebaseMessaging.modulemap -Xcc -fmodule-map-file\=/Users/clementperrousset/Library/Developer/Xcode/DerivedData/entourage-cgufxcifbbuurcdqvxkcudhwmwam/Build/Intermediates.noindex/GeneratedModuleMaps-iphonesimulator/nanopb.modulemap -Xcc -fmodule-map-file\=/Users/clementperrousset/Library/Developer/Xcode/DerivedData/entourage-cgufxcifbbuurcdqvxkcudhwmwam/Build/Intermediates.noindex/GeneratedModuleMaps-iphonesimulator/GoogleDataTransport.modulemap -Xcc -fmodule-map-file\=/Users/clementperrousset/Library/Developer/Xcode/DerivedData/entourage-cgufxcifbbuurcdqvxkcudhwmwam/Build/Intermediates.noindex/GeneratedModuleMaps-iphonesimulator/FirebaseSessionsObjC.modulemap -Xcc -fmodule-map-file\=/Users/clementperrousset/Library/Developer/Xcode/DerivedData/entourage-cgufxcifbbuurcdqvxkcudhwmwam/Build/Intermediates.noindex/GeneratedModuleMaps-iphonesimulator/FirebaseCoreExtension.modulemap -Xcc -fmodule-map-file\=/Users/clementperrousset/Library/Developer/Xcode/DerivedData/entourage-cgufxcifbbuurcdqvxkcudhwmwam/Build/Intermediates.noindex/GeneratedModuleMaps-iphonesimulator/FirebaseCrashlytics.modulemap -Xcc -fmodule-map-file\=/Users/clementperrousset/Library/Developer/Xcode/DerivedData/entourage-cgufxcifbbuurcdqvxkcudhwmwam/Build/Intermediates.noindex/GeneratedModuleMaps-iphonesimulator/SDWebImage.modulemap -Xcc -fmodule-map-file\=/Users/clementperrousset/Library/Developer/Xcode/DerivedData/entourage-cgufxcifbbuurcdqvxkcudhwmwam/Build/Intermediates.noindex/GeneratedModuleMaps-iphonesimulator/SDWebImageMapKit.modulemap -Xcc -fmodule-map-file\=/Users/clementperrousset/Library/Developer/Xcode/DerivedData/entourage-cgufxcifbbuurcdqvxkcudhwmwam/Build/Intermediates.noindex/GeneratedModuleMaps-iphonesimulator/SimpleKeychain.modulemap -Xcc -fmodule-map-file\=/Users/clementperrousset/Library/Developer/Xcode/DerivedData/entourage-cgufxcifbbuurcdqvxkcudhwmwam/Build/Intermediates.noindex/GeneratedModuleMaps-iphonesimulator/FirebaseRemoteConfigInternal.modulemap -Xcc -fmodule-map-file\=/Users/clementperrousset/Library/Developer/Xcode/DerivedData/entourage-cgufxcifbbuurcdqvxkcudhwmwam/Build/Intermediates.noindex/GeneratedModuleMaps-iphonesimulator/FirebaseInstallations.modulemap -Xcc -fmodule-map-file\=/Users/clementperrousset/Library/Developer/Xcode/DerivedData/entourage-cgufxcifbbuurcdqvxkcudhwmwam/Build/Intermediates.noindex/GeneratedModuleMaps-iphonesimulator/FirebaseABTesting.modulemap -Xcc -fmodule-map-file\=/Users/clementperrousset/Library/Developer/Xcode/DerivedData/entourage-cgufxcifbbuurcdqvxkcudhwmwam/Build/Intermediates.noindex/GeneratedModuleMaps-iphonesimulator/SVProgressHUD.modulemap -Xcc -fmodule-map-file\=/Users/clementperrousset/Library/Developer/Xcode/DerivedData/entourage-cgufxcifbbuurcdqvxkcudhwmwam/Build/Intermediates.noindex/GeneratedModuleMaps-iphonesimulator/GoogleUtilities-NSData.modulemap -Xcc -fmodule-map-file\=/Users/clementperrousset/Library/Developer/Xcode/DerivedData/entourage-cgufxcifbbuurcdqvxkcudhwmwam/Build/Intermediates.noindex/GeneratedModuleMaps-iphonesimulator/AppCheckCore.modulemap -Xcc -fmodule-map-file\=/Users/clementperrousset/Library/Developer/Xcode/DerivedData/entourage-cgufxcifbbuurcdqvxkcudhwmwam/Build/Intermediates.noindex/GeneratedModuleMaps-iphonesimulator/GoogleUtilities-Logger.modulemap -Xcc -fmodule-map-file\=/Users/clementperrousset/Library/Developer/Xcode/DerivedData/entourage-cgufxcifbbuurcdqvxkcudhwmwam/Build/Intermediates.noindex/GeneratedModuleMaps-iphonesimulator/GoogleUtilities-Environment.modulemap -Xcc -fmodule-map-file\=/Users/clementperrousset/Library/Developer/Xcode/DerivedData/entourage-cgufxcifbbuurcdqvxkcudhwmwam/Build/Intermediates.noindex/GeneratedModuleMaps-iphonesimulator/third-party-IsAppEncrypted.modulemap -Xcc -fmodule-map-file\=/Users/clementperrousset/Library/Developer/Xcode/DerivedData/entourage-cgufxcifbbuurcdqvxkcudhwmwam/Build/Intermediates.noindex/GeneratedModuleMaps-iphonesimulator/GoogleUtilities-UserDefaults.modulemap -Xcc -fmodule-map-file\=/Users/clementperrousset/Library/Developer/Xcode/DerivedData/entourage-cgufxcifbbuurcdqvxkcudhwmwam/Build/Intermediates.noindex/GeneratedModuleMaps-iphonesimulator/FirebaseCore.modulemap -Xcc -fmodule-map-file\=/Users/clementperrousset/Library/Developer/Xcode/DerivedData/entourage-cgufxcifbbuurcdqvxkcudhwmwam/Build/Intermediates.noindex/GeneratedModuleMaps-iphonesimulator/FirebaseAppCheckInterop.modulemap -Xcc -fmodule-map-file\=/Users/clementperrousset/Library/Developer/Xcode/DerivedData/entourage-cgufxcifbbuurcdqvxkcudhwmwam/Build/Intermediates.noindex/GeneratedModuleMaps-iphonesimulator/FirebaseAppCheck.modulemap -enable-bare-slash-regex -enable-experimental-feature DebugDescriptionMacro -sdk /Applications/Xcode.app/Contents/Developer/Platforms/iPhoneSimulator.platform/Developer/SDKs/iPhoneSimulator26.2.sdk -target arm64-apple-ios14.0-simulator -g -module-cache-path /Users/clementperrousset/Library/Developer/Xcode/DerivedData/ModuleCache.noindex -Xfrontend -serialize-debugging-options -enable-testing -index-store-path /Users/clementperrousset/Library/Developer/Xcode/DerivedData/entourage-cgufxcifbbuurcdqvxkcudhwmwam/Index.noindex/DataStore -Xcc -D_LIBCPP_HARDENING_MODE\=_LIBCPP_HARDENING_MODE_DEBUG -swift-version 5 -I /Users/clementperrousset/Library/Developer/Xcode/DerivedData/entourage-cgufxcifbbuurcdqvxkcudhwmwam/Build/Products/Debug-iphonesimulator -F /Users/clementperrousset/Library/Developer/Xcode/DerivedData/entourage-cgufxcifbbuurcdqvxkcudhwmwam/Build/Products/Debug-iphonesimulator/PackageFrameworks -F /Users/clementperrousset/Library/Developer/Xcode/DerivedData/entourage-cgufxcifbbuurcdqvxkcudhwmwam/Build/Products/Debug-iphonesimulator/PackageFrameworks -F /Users/clementperrousset/Library/Developer/Xcode/DerivedData/entourage-cgufxcifbbuurcdqvxkcudhwmwam/Build/Products/Debug-iphonesimulator/PackageFrameworks -F /Users/clementperrousset/Library/Developer/Xcode/DerivedData/entourage-cgufxcifbbuurcdqvxkcudhwmwam/Build/Products/Debug-iphonesimulator/PackageFrameworks -F /Users/clementperrousset/Library/Developer/Xcode/DerivedData/entourage-cgufxcifbbuurcdqvxkcudhwmwam/Build/Products/Debug-iphonesimulator/PackageFrameworks -F /Users/clementperrousset/Library/Developer/Xcode/DerivedData/entourage-cgufxcifbbuurcdqvxkcudhwmwam/Build/Products/Debug-iphonesimulator/PackageFrameworks -F /Users/clementperrousset/Library/Developer/Xcode/DerivedData/entourage-cgufxcifbbuurcdqvxkcudhwmwam/Build/Products/Debug-iphonesimulator/PackageFrameworks -F /Users/clementperrousset/Library/Developer/Xcode/DerivedData/entourage-cgufxcifbbuurcdqvxkcudhwmwam/Build/Products/Debug-iphonesimulator/PackageFrameworks -F /Users/clementperrousset/Library/Developer/Xcode/DerivedData/entourage-cgufxcifbbuurcdqvxkcudhwmwam/Build/Products/Debug-iphonesimulator/PackageFrameworks -F /Users/clementperrousset/Library/Developer/Xcode/DerivedData/entourage-cgufxcifbbuurcdqvxkcudhwmwam/Build/Products/Debug-iphonesimulator/PackageFrameworks -F /Users/clementperrousset/Library/Developer/Xcode/DerivedData/entourage-cgufxcifbbuurcdqvxkcudhwmwam/Build/Products/Debug-iphonesimulator/PackageFrameworks -F /Users/clementperrousset/Library/Developer/Xcode/DerivedData/entourage-cgufxcifbbuurcdqvxkcudhwmwam/Build/Products/Debug-iphonesimulator/PackageFrameworks -F /Users/clementperrousset/Library/Developer/Xcode/DerivedData/entourage-cgufxcifbbuurcdqvxkcudhwmwam/Build/Products/Debug-iphonesimulator/PackageFrameworks -F /Users/clementperrousset/Library/Developer/Xcode/DerivedData/entourage-cgufxcifbbuurcdqvxkcudhwmwam/Build/Products/Debug-iphonesimulator/PackageFrameworks -F /Users/clementperrousset/Library/Developer/Xcode/DerivedData/entourage-cgufxcifbbuurcdqvxkcudhwmwam/Build/Products/Debug-iphonesimulator/PackageFrameworks -F /Users/clementperrousset/Library/Developer/Xcode/DerivedData/entourage-cgufxcifbbuurcdqvxkcudhwmwam/Build/Products/Debug-iphonesimulator/PackageFrameworks -F /Users/clementperrousset/Library/Developer/Xcode/DerivedData/entourage-cgufxcifbbuurcdqvxkcudhwmwam/Build/Products/Debug-iphonesimulator/PackageFrameworks -F /Users/clementperrousset/Library/Developer/Xcode/DerivedData/entourage-cgufxcifbbuurcdqvxkcudhwmwam/Build/Products/Debug-iphonesimulator/PackageFrameworks -F /Users/clementperrousset/Library/Developer/Xcode/DerivedData/entourage-cgufxcifbbuurcdqvxkcudhwmwam/Build/Products/Debug-iphonesimulator/PackageFrameworks -F /Users/clementperrousset/Library/Developer/Xcode/DerivedData/entourage-cgufxcifbbuurcdqvxkcudhwmwam/Build/Products/Debug-iphonesimulator/PackageFrameworks -F /Users/clementperrousset/Library/Developer/Xcode/DerivedData/entourage-cgufxcifbbuurcdqvxkcudhwmwam/Build/Products/Debug-iphonesimulator/PackageFrameworks -F /Users/clementperrousset/Library/Developer/Xcode/DerivedData/entourage-cgufxcifbbuurcdqvxkcudhwmwam/Build/Products/Debug-iphonesimulator/PackageFrameworks -F /Users/clementperrousset/Library/Developer/Xcode/DerivedData/entourage-cgufxcifbbuurcdqvxkcudhwmwam/Build/Products/Debug-iphonesimulator/PackageFrameworks -F /Users/clementperrousset/Library/Developer/Xcode/DerivedData/entourage-cgufxcifbbuurcdqvxkcudhwmwam/Build/Products/Debug-iphonesimulator/PackageFrameworks -F /Users/clementperrousset/Library/Developer/Xcode/DerivedData/entourage-cgufxcifbbuurcdqvxkcudhwmwam/Build/Products/Debug-iphonesimulator/PackageFrameworks -F /Users/clementperrousset/Library/Developer/Xcode/DerivedData/entourage-cgufxcifbbuurcdqvxkcudhwmwam/Build/Products/Debug-iphonesimulator/PackageFrameworks -F /Users/clementperrousset/Library/Developer/Xcode/DerivedData/entourage-cgufxcifbbuurcdqvxkcudhwmwam/Build/Products/Debug-iphonesimulator/PackageFrameworks -F /Users/clementperrousset/Library/Developer/Xcode/DerivedData/entourage-cgufxcifbbuurcdqvxkcudhwmwam/Build/Products/Debug-iphonesimulator/PackageFrameworks -F /Users/clementperrousset/Library/Developer/Xcode/DerivedData/entourage-cgufxcifbbuurcdqvxkcudhwmwam/Build/Products/Debug-iphonesimulator/PackageFrameworks -F /Users/clementperrousset/Library/Developer/Xcode/DerivedData/entourage-cgufxcifbbuurcdqvxkcudhwmwam/Build/Products/Debug-iphonesimulator/PackageFrameworks -F /Users/clementperrousset/Library/Developer/Xcode/DerivedData/entourage-cgufxcifbbuurcdqvxkcudhwmwam/Build/Products/Debug-iphonesimulator/PackageFrameworks -F /Users/clementperrousset/Library/Developer/Xcode/DerivedData/entourage-cgufxcifbbuurcdqvxkcudhwmwam/Build/Products/Debug-iphonesimulator/PackageFrameworks -F /Users/clementperrousset/Library/Developer/Xcode/DerivedData/entourage-cgufxcifbbuurcdqvxkcudhwmwam/Build/Products/Debug-iphonesimulator/PackageFrameworks -F /Users/clementperrousset/Library/Developer/Xcode/DerivedData/entourage-cgufxcifbbuurcdqvxkcudhwmwam/Build/Products/Debug-iphonesimulator/PackageFrameworks -F /Users/clementperrousset/Library/Developer/Xcode/DerivedData/entourage-cgufxcifbbuurcdqvxkcudhwmwam/Build/Products/Debug-iphonesimulator/PackageFrameworks -F /Users/clementperrousset/Library/Developer/Xcode/DerivedData/entourage-cgufxcifbbuurcdqvxkcudhwmwam/Build/Products/Debug-iphonesimulator/PackageFrameworks -F /Users/clementperrousset/Library/Developer/Xcode/DerivedData/entourage-cgufxcifbbuurcdqvxkcudhwmwam/Build/Products/Debug-iphonesimulator/PackageFrameworks -F /Users/clementperrousset/Library/Developer/Xcode/DerivedData/entourage-cgufxcifbbuurcdqvxkcudhwmwam/Build/Products/Debug-iphonesimulator/PackageFrameworks -F /Users/clementperrousset/Library/Developer/Xcode/DerivedData/entourage-cgufxcifbbuurcdqvxkcudhwmwam/Build/Products/Debug-iphonesimulator/PackageFrameworks -F /Users/clementperrousset/Library/Developer/Xcode/DerivedData/entourage-cgufxcifbbuurcdqvxkcudhwmwam/Build/Products/Debug-iphonesimulator/PackageFrameworks -F /Users/clementperrousset/Library/Developer/Xcode/DerivedData/entourage-cgufxcifbbuurcdqvxkcudhwmwam/Build/Products/Debug-iphonesimulator/PackageFrameworks -F /Users/clementperrousset/Library/Developer/Xcode/DerivedData/entourage-cgufxcifbbuurcdqvxkcudhwmwam/Build/Products/Debug-iphonesimulator/PackageFrameworks -F /Users/clementperrousset/Library/Developer/Xcode/DerivedData/entourage-cgufxcifbbuurcdqvxkcudhwmwam/Build/Products/Debug-iphonesimulator/PackageFrameworks -F /Users/clementperrousset/Library/Developer/Xcode/DerivedData/entourage-cgufxcifbbuurcdqvxkcudhwmwam/Build/Products/Debug-iphonesimulator/PackageFrameworks -F /Users/clementperrousset/Library/Developer/Xcode/DerivedData/entourage-cgufxcifbbuurcdqvxkcudhwmwam/Build/Products/Debug-iphonesimulator -emit-localized-strings -emit-localized-strings-path /Users/clementperrousset/Library/Developer/Xcode/DerivedData/entourage-cgufxcifbbuurcdqvxkcudhwmwam/Build/Intermediates.noindex/entourage.build/Debug-iphonesimulator/entourage.build/Objects-normal/arm64 -c -j10 -enable-batch-mode -incremental -Xcc -ivfsstatcache -Xcc /Users/clementperrousset/Library/Developer/Xcode/DerivedData/SDKStatCaches.noindex/iphonesimulator26.2-23C53-7d00a8b37fbd7999ea79df8ebc024bf0.sdkstatcache -output-file-map /Users/clementperrousset/Library/Developer/Xcode/DerivedData/entourage-cgufxcifbbuurcdqvxkcudhwmwam/Build/Intermediates.noindex/entourage.build/Debug-iphonesimulator/entourage.build/Objects-normal/arm64/entourage-OutputFileMap.json -use-frontend-parseable-output -save-temps -no-color-diagnostics -explicit-module-build -module-cache-path /Users/clementperrousset/Library/Developer/Xcode/DerivedData/entourage-cgufxcifbbuurcdqvxkcudhwmwam/Build/Intermediates.noindex/SwiftExplicitPrecompiledModules -clang-scanner-module-cache-path /Users/clementperrousset/Library/Developer/Xcode/DerivedData/ModuleCache.noindex -sdk-module-cache-path /Users/clementperrousset/Library/Developer/Xcode/DerivedData/ModuleCache.noindex -serialize-diagnostics -emit-dependencies -emit-module -emit-module-path /Users/clementperrousset/Library/Developer/Xcode/DerivedData/entourage-cgufxcifbbuurcdqvxkcudhwmwam/Build/Intermediates.noindex/entourage.build/Debug-iphonesimulator/entourage.build/Objects-normal/arm64/Ent_Beta.swiftmodule -validate-clang-modules-once -clang-build-session-file /Users/clementperrousset/Library/Developer/Xcode/DerivedData/ModuleCache.noindex/Session.modulevalidation -Xcc -I/Users/clementperrousset/Library/Developer/Xcode/DerivedData/entourage-cgufxcifbbuurcdqvxkcudhwmwam/Build/Intermediates.noindex/entourage.build/Debug-iphonesimulator/entourage.build/swift-overrides.hmap -emit-const-values -Xfrontend -const-gather-protocols-file -Xfrontend /Users/clementperrousset/Library/Developer/Xcode/DerivedData/entourage-cgufxcifbbuurcdqvxkcudhwmwam/Build/Intermediates.noindex/entourage.build/Debug-iphonesimulator/entourage.build/Objects-normal/arm64/entourage_const_extract_protocols.json -Xcc -iquote -Xcc /Users/clementperrousset/Library/Developer/Xcode/DerivedData/entourage-cgufxcifbbuurcdqvxkcudhwmwam/Build/Intermediates.noindex/entourage.build/Debug-iphonesimulator/entourage.build/Ent-Beta-generated-files.hmap -Xcc -I/Users/clementperrousset/Library/Developer/Xcode/DerivedData/entourage-cgufxcifbbuurcdqvxkcudhwmwam/Build/Intermediates.noindex/entourage.build/Debug-iphonesimulator/entourage.build/Ent-Beta-own-target-headers.hmap -Xcc -I/Users/clementperrousset/Library/Developer/Xcode/DerivedData/entourage-cgufxcifbbuurcdqvxkcudhwmwam/Build/Intermediates.noindex/entourage.build/Debug-iphonesimulator/entourage.build/Ent-Beta-all-non-framework-target-headers.hmap -Xcc -ivfsoverlay -Xcc /Users/clementperrousset/Library/Developer/Xcode/DerivedData/entourage-cgufxcifbbuurcdqvxkcudhwmwam/Build/Intermediates.noindex/entourage.build/Debug-iphonesimulator/entourage-70680f5a6599977dbad6674f82eeda54-VFS-iphonesimulator/all-product-headers.yaml -Xcc -iquote -Xcc /Users/clementperrousset/Library/Developer/Xcode/DerivedData/entourage-cgufxcifbbuurcdqvxkcudhwmwam/Build/Intermediates.noindex/entourage.build/Debug-iphonesimulator/entourage.build/Ent-Beta-project-headers.hmap -Xcc -I/Users/clementperrousset/Library/Developer/Xcode/DerivedData/entourage-cgufxcifbbuurcdqvxkcudhwmwam/SourcePackages/checkouts/GoogleAppMeasurement/GoogleAppMeasurementWrapper/include -Xcc -I/Users/clementperrousset/Library/Developer/Xcode/DerivedData/entourage-cgufxcifbbuurcdqvxkcudhwmwam/SourcePackages/checkouts/GoogleUtilities/GoogleUtilities/MethodSwizzler/Public -Xcc -I/Users/clementperrousset/Library/Developer/Xcode/DerivedData/entourage-cgufxcifbbuurcdqvxkcudhwmwam/SourcePackages/checkouts/firebase-ios-sdk/FirebaseAnalyticsWrapper/include -Xcc -I/Users/clementperrousset/Library/Developer/Xcode/DerivedData/entourage-cgufxcifbbuurcdqvxkcudhwmwam/SourcePackages/checkouts/firebase-ios-sdk/SwiftPM-PlatformExclude/FirebaseAnalyticsWrap/include -Xcc -I/Users/clementperrousset/Library/Developer/Xcode/DerivedData/entourage-cgufxcifbbuurcdqvxkcudhwmwam/SourcePackages/checkouts/ios-places-sdk/Places/Sources -Xcc -I/Users/clementperrousset/Library/Developer/Xcode/DerivedData/entourage-cgufxcifbbuurcdqvxkcudhwmwam/SourcePackages/checkouts/GoogleUtilities/GoogleUtilities/Network/Public -Xcc -I/Users/clementperrousset/Library/Developer/Xcode/DerivedData/entourage-cgufxcifbbuurcdqvxkcudhwmwam/SourcePackages/checkouts/GoogleUtilities/GoogleUtilities/AppDelegateSwizzler/Public -Xcc -I/Users/clementperrousset/Library/Developer/Xcode/DerivedData/entourage-cgufxcifbbuurcdqvxkcudhwmwam/SourcePackages/checkouts/GoogleUtilities/GoogleUtilities/Reachability/Public -Xcc -I/Users/clementperrousset/Library/Developer/Xcode/DerivedData/entourage-cgufxcifbbuurcdqvxkcudhwmwam/SourcePackages/checkouts/firebase-ios-sdk/FirebaseMessaging/Sources/Public -Xcc -I/Users/clementperrousset/Library/Developer/Xcode/DerivedData/entourage-cgufxcifbbuurcdqvxkcudhwmwam/SourcePackages/checkouts/nanopb/spm_headers -Xcc -I/Users/clementperrousset/Library/Developer/Xcode/DerivedData/entourage-cgufxcifbbuurcdqvxkcudhwmwam/SourcePackages/checkouts/GoogleDataTransport/GoogleDataTransport/GDTCORLibrary/Public -Xcc -I/Users/clementperrousset/Library/Developer/Xcode/DerivedData/entourage-cgufxcifbbuurcdqvxkcudhwmwam/SourcePackages/checkouts/firebase-ios-sdk/FirebaseSessions/SourcesObjC -Xcc -I/Users/clementperrousset/Library/Developer/Xcode/DerivedData/entourage-cgufxcifbbuurcdqvxkcudhwmwam/SourcePackages/checkouts/firebase-ios-sdk/FirebaseCore/Extension -Xcc -I/Users/clementperrousset/Library/Developer/Xcode/DerivedData/entourage-cgufxcifbbuurcdqvxkcudhwmwam/SourcePackages/checkouts/firebase-ios-sdk/Crashlytics/Crashlytics/Public -Xcc -I/Users/clementperrousset/Library/Developer/Xcode/DerivedData/entourage-cgufxcifbbuurcdqvxkcudhwmwam/SourcePackages/checkouts/SDWebImage/SDWebImage/include -Xcc -I/Users/clementperrousset/Library/Developer/Xcode/DerivedData/entourage-cgufxcifbbuurcdqvxkcudhwmwam/SourcePackages/checkouts/SDWebImage/SDWebImageMapKit/include -Xcc -I/Users/clementperrousset/Library/Developer/Xcode/DerivedData/entourage-cgufxcifbbuurcdqvxkcudhwmwam/SourcePackages/checkouts/SimpleKeychain/SimpleKeychain/include -Xcc -I/Users/clementperrousset/Library/Developer/Xcode/DerivedData/entourage-cgufxcifbbuurcdqvxkcudhwmwam/SourcePackages/checkouts/firebase-ios-sdk/FirebaseRemoteConfig/Sources/Public -Xcc -I/Users/clementperrousset/Library/Developer/Xcode/DerivedData/entourage-cgufxcifbbuurcdqvxkcudhwmwam/SourcePackages/checkouts/firebase-ios-sdk/FirebaseInstallations/Source/Library/Public -Xcc -I/Users/clementperrousset/Library/Developer/Xcode/DerivedData/entourage-cgufxcifbbuurcdqvxkcudhwmwam/SourcePackages/checkouts/firebase-ios-sdk/FirebaseABTesting/Sources/Public -Xcc -I/Users/clementperrousset/Library/Developer/Xcode/DerivedData/entourage-cgufxcifbbuurcdqvxkcudhwmwam/SourcePackages/checkouts/SVProgressHUD/SVProgressHUD/include -Xcc -I/Users/clementperrousset/Library/Developer/Xcode/DerivedData/entourage-cgufxcifbbuurcdqvxkcudhwmwam/SourcePackages/checkouts/GoogleUtilities/GoogleUtilities/NSData+zlib/Public -Xcc -I/Users/clementperrousset/Library/Developer/Xcode/DerivedData/entourage-cgufxcifbbuurcdqvxkcudhwmwam/SourcePackages/checkouts/app-check/AppCheckCore/Sources/Public -Xcc -I/Users/clementperrousset/Library/Developer/Xcode/DerivedData/entourage-cgufxcifbbuurcdqvxkcudhwmwam/SourcePackages/checkouts/promises/Sources/FBLPromises/include -Xcc -I/Users/clementperrousset/Library/Developer/Xcode/DerivedData/entourage-cgufxcifbbuurcdqvxkcudhwmwam/SourcePackages/checkouts/GoogleUtilities/GoogleUtilities/Logger/Public -Xcc -I/Users/clementperrousset/Library/Developer/Xcode/DerivedData/entourage-cgufxcifbbuurcdqvxkcudhwmwam/SourcePackages/checkouts/GoogleUtilities/GoogleUtilities/Environment/Public -Xcc -I/Users/clementperrousset/Library/Developer/Xcode/DerivedData/entourage-cgufxcifbbuurcdqvxkcudhwmwam/SourcePackages/checkouts/GoogleUtilities/third_party/IsAppEncrypted/Public -Xcc -I/Users/clementperrousset/Library/Developer/Xcode/DerivedData/entourage-cgufxcifbbuurcdqvxkcudhwmwam/SourcePackages/checkouts/GoogleUtilities/GoogleUtilities/UserDefaults/Public -Xcc -I/Users/clementperrousset/Library/Developer/Xcode/DerivedData/entourage-cgufxcifbbuurcdqvxkcudhwmwam/SourcePackages/checkouts/firebase-ios-sdk/FirebaseCore/Sources/Public -Xcc -I/Users/clementperrousset/Library/Developer/Xcode/DerivedData/entourage-cgufxcifbbuurcdqvxkcudhwmwam/SourcePackages/checkouts/firebase-ios-sdk/CoreOnly/Sources -Xcc -I/Users/clementperrousset/Library/Developer/Xcode/DerivedData/entourage-cgufxcifbbuurcdqvxkcudhwmwam/SourcePackages/checkouts/firebase-ios-sdk/FirebaseAppCheck/Interop/Public -Xcc -I/Users/clementperrousset/Library/Developer/Xcode/DerivedData/entourage-cgufxcifbbuurcdqvxkcudhwmwam/SourcePackages/checkouts/firebase-ios-sdk/FirebaseAppCheck/Sources/Public -Xcc -I/Users/clementperrousset/Library/Developer/Xcode/DerivedData/entourage-cgufxcifbbuurcdqvxkcudhwmwam/Build/Products/Debug-iphonesimulator/include -Xcc -I/Users/clementperrousset/Library/Developer/Xcode/DerivedData/entourage-cgufxcifbbuurcdqvxkcudhwmwam/Build/Intermediates.noindex/entourage.build/Debug-iphonesimulator/entourage.build/DerivedSources-normal/arm64 -Xcc -I/Users/clementperrousset/Library/Developer/Xcode/DerivedData/entourage-cgufxcifbbuurcdqvxkcudhwmwam/Build/Intermediates.noindex/entourage.build/Debug-iphonesimulator/entourage.build/DerivedSources/arm64 -Xcc -I/Users/clementperrousset/Library/Developer/Xcode/DerivedData/entourage-cgufxcifbbuurcdqvxkcudhwmwam/Build/Intermediates.noindex/entourage.build/Debug-iphonesimulator/entourage.build/DerivedSources -Xcc -DDEBUG\=1 -emit-objc-header -emit-objc-header-path /Users/clementperrousset/Library/Developer/Xcode/DerivedData/entourage-cgufxcifbbuurcdqvxkcudhwmwam/Build/Intermediates.noindex/entourage.build/Debug-iphonesimulator/entourage.build/Objects-normal/arm64/Ent_Beta-Swift.h -import-objc-header /Users/clementperrousset/Dev/entourage-ios/entourage/Settings/entourage-Bridging-Header.h -working-directory /Users/clementperrousset/Dev/entourage-ios -experimental-emit-module-separately -disable-cmo

SwiftGeneratePch normal x86_64 Compiling\ bridging\ header (in target 'entourage' from project 'entourage')

SwiftGeneratePch normal arm64 Compiling\ bridging\ header (in target 'entourage' from project 'entourage')

SwiftDriverJobDiscovery normal x86_64 Compiling bridging header (in target 'entourage' from project 'entourage')

SwiftEmitModule normal x86_64 Emitting\ module\ for\ Ent_Beta (in target 'entourage' from project 'entourage')

EmitSwiftModule normal x86_64 (in target 'entourage' from project 'entourage')
    cd /Users/clementperrousset/Dev/entourage-ios
    
/Users/clementperrousset/Dev/entourage-ios/entourage/Scenes/Conversations/imagelist/ImageGridCell.swift:14:51: warning: 'gray' was deprecated in iOS 13.0: renamed to 'UIActivityIndicatorView.Style.medium'
    let spinner = UIActivityIndicatorView(style: .gray) // iOS 12 OK
                                                  ^
/Users/clementperrousset/Dev/entourage-ios/entourage/Scenes/Conversations/imagelist/ImageGridCell.swift:14:51: note: use 'UIActivityIndicatorView.Style.medium' instead
    let spinner = UIActivityIndicatorView(style: .gray) // iOS 12 OK
                                                  ^~~~
                                                  UIActivityIndicatorView.Style.medium
/Users/clementperrousset/Dev/entourage-ios/entourage/Managers/LanguageManager.swift:85:15: warning: class 'AnyLanguageBundle' must restate inherited '@unchecked Sendable' conformance
private class AnyLanguageBundle: Bundle {
              ^
                                       , @unchecked Sendable

SwiftEmitModule normal arm64 Emitting\ module\ for\ Ent_Beta (in target 'entourage' from project 'entourage')

EmitSwiftModule normal arm64 (in target 'entourage' from project 'entourage')
    cd /Users/clementperrousset/Dev/entourage-ios
    
/Users/clementperrousset/Dev/entourage-ios/entourage/Scenes/Conversations/imagelist/ImageGridCell.swift:14:51: warning: 'gray' was deprecated in iOS 13.0: renamed to 'UIActivityIndicatorView.Style.medium'
    let spinner = UIActivityIndicatorView(style: .gray) // iOS 12 OK
                                                  ^
/Users/clementperrousset/Dev/entourage-ios/entourage/Scenes/Conversations/imagelist/ImageGridCell.swift:14:51: note: use 'UIActivityIndicatorView.Style.medium' instead
    let spinner = UIActivityIndicatorView(style: .gray) // iOS 12 OK
                                                  ^~~~
                                                  UIActivityIndicatorView.Style.medium
/Users/clementperrousset/Dev/entourage-ios/entourage/Managers/LanguageManager.swift:85:15: warning: class 'AnyLanguageBundle' must restate inherited '@unchecked Sendable' conformance
private class AnyLanguageBundle: Bundle {
              ^
                                       , @unchecked Sendable

SwiftCompile normal arm64 Compiling\ OnboardingStartViewController.swift /Users/clementperrousset/Dev/entourage-ios/entourage/Scenes/Onboarding/OnboardingStartViewController.swift (in target 'entourage' from project 'entourage')

SwiftCompile normal arm64 /Users/clementperrousset/Dev/entourage-ios/entourage/Scenes/Onboarding/OnboardingStartViewController.swift (in target 'entourage' from project 'entourage')
    cd /Users/clementperrousset/Dev/entourage-ios
    

SwiftDriverJobDiscovery normal arm64 Compiling OnboardingStartViewController.swift (in target 'entourage' from project 'entourage')

SwiftDriverJobDiscovery normal x86_64 Emitting module for Ent_Beta (in target 'entourage' from project 'entourage')

SwiftDriver\ Compilation\ Requirements entourage normal x86_64 com.apple.xcode.tools.swift.compiler (in target 'entourage' from project 'entourage')
    cd /Users/clementperrousset/Dev/entourage-ios
    builtin-Swift-Compilation-Requirements -- /Applications/Xcode.app/Contents/Developer/Toolchains/XcodeDefault.xctoolchain/usr/bin/swiftc -module-name Ent_Beta -Onone -enforce-exclusivity\=checked @/Users/clementperrousset/Library/Developer/Xcode/DerivedData/entourage-cgufxcifbbuurcdqvxkcudhwmwam/Build/Intermediates.noindex/entourage.build/Debug-iphonesimulator/entourage.build/Objects-normal/x86_64/Ent-Beta.SwiftFileList -DDEBUG -Xcc -fmodule-map-file\=/Users/clementperrousset/Library/Developer/Xcode/DerivedData/entourage-cgufxcifbbuurcdqvxkcudhwmwam/Build/Intermediates.noindex/GeneratedModuleMaps-iphonesimulator/GoogleAppMeasurementTarget.modulemap -Xcc -fmodule-map-file\=/Users/clementperrousset/Library/Developer/Xcode/DerivedData/entourage-cgufxcifbbuurcdqvxkcudhwmwam/Build/Intermediates.noindex/GeneratedModuleMaps-iphonesimulator/GoogleUtilities-MethodSwizzler.modulemap -Xcc -fmodule-map-file\=/Users/clementperrousset/Library/Developer/Xcode/DerivedData/entourage-cgufxcifbbuurcdqvxkcudhwmwam/Build/Intermediates.noindex/GeneratedModuleMaps-iphonesimulator/FirebaseAnalyticsWrapper.modulemap -Xcc -fmodule-map-file\=/Users/clementperrousset/Library/Developer/Xcode/DerivedData/entourage-cgufxcifbbuurcdqvxkcudhwmwam/Build/Intermediates.noindex/GeneratedModuleMaps-iphonesimulator/FirebaseAnalyticsTarget.modulemap -Xcc -fmodule-map-file\=/Users/clementperrousset/Library/Developer/Xcode/DerivedData/entourage-cgufxcifbbuurcdqvxkcudhwmwam/Build/Intermediates.noindex/GeneratedModuleMaps-iphonesimulator/GooglePlacesTarget.modulemap -Xcc -fmodule-map-file\=/Users/clementperrousset/Library/Developer/Xcode/DerivedData/entourage-cgufxcifbbuurcdqvxkcudhwmwam/Build/Intermediates.noindex/GeneratedModuleMaps-iphonesimulator/GoogleUtilities-Network.modulemap -Xcc -fmodule-map-file\=/Users/clementperrousset/Library/Developer/Xcode/DerivedData/entourage-cgufxcifbbuurcdqvxkcudhwmwam/Build/Intermediates.noindex/GeneratedModuleMaps-iphonesimulator/GoogleUtilities-AppDelegateSwizzler.modulemap -Xcc -fmodule-map-file\=/Users/clementperrousset/Library/Developer/Xcode/DerivedData/entourage-cgufxcifbbuurcdqvxkcudhwmwam/Build/Intermediates.noindex/GeneratedModuleMaps-iphonesimulator/GoogleUtilities-Reachability.modulemap -Xcc -fmodule-map-file\=/Users/clementperrousset/Library/Developer/Xcode/DerivedData/entourage-cgufxcifbbuurcdqvxkcudhwmwam/Build/Intermediates.noindex/GeneratedModuleMaps-iphonesimulator/FirebaseMessaging.modulemap -Xcc -fmodule-map-file\=/Users/clementperrousset/Library/Developer/Xcode/DerivedData/entourage-cgufxcifbbuurcdqvxkcudhwmwam/Build/Intermediates.noindex/GeneratedModuleMaps-iphonesimulator/nanopb.modulemap -Xcc -fmodule-map-file\=/Users/clementperrousset/Library/Developer/Xcode/DerivedData/entourage-cgufxcifbbuurcdqvxkcudhwmwam/Build/Intermediates.noindex/GeneratedModuleMaps-iphonesimulator/GoogleDataTransport.modulemap -Xcc -fmodule-map-file\=/Users/clementperrousset/Library/Developer/Xcode/DerivedData/entourage-cgufxcifbbuurcdqvxkcudhwmwam/Build/Intermediates.noindex/GeneratedModuleMaps-iphonesimulator/FirebaseSessionsObjC.modulemap -Xcc -fmodule-map-file\=/Users/clementperrousset/Library/Developer/Xcode/DerivedData/entourage-cgufxcifbbuurcdqvxkcudhwmwam/Build/Intermediates.noindex/GeneratedModuleMaps-iphonesimulator/FirebaseCoreExtension.modulemap -Xcc -fmodule-map-file\=/Users/clementperrousset/Library/Developer/Xcode/DerivedData/entourage-cgufxcifbbuurcdqvxkcudhwmwam/Build/Intermediates.noindex/GeneratedModuleMaps-iphonesimulator/FirebaseCrashlytics.modulemap -Xcc -fmodule-map-file\=/Users/clementperrousset/Library/Developer/Xcode/DerivedData/entourage-cgufxcifbbuurcdqvxkcudhwmwam/Build/Intermediates.noindex/GeneratedModuleMaps-iphonesimulator/SDWebImage.modulemap -Xcc -fmodule-map-file\=/Users/clementperrousset/Library/Developer/Xcode/DerivedData/entourage-cgufxcifbbuurcdqvxkcudhwmwam/Build/Intermediates.noindex/GeneratedModuleMaps-iphonesimulator/SDWebImageMapKit.modulemap -Xcc -fmodule-map-file\=/Users/clementperrousset/Library/Developer/Xcode/DerivedData/entourage-cgufxcifbbuurcdqvxkcudhwmwam/Build/Intermediates.noindex/GeneratedModuleMaps-iphonesimulator/SimpleKeychain.modulemap -Xcc -fmodule-map-file\=/Users/clementperrousset/Library/Developer/Xcode/DerivedData/entourage-cgufxcifbbuurcdqvxkcudhwmwam/Build/Intermediates.noindex/GeneratedModuleMaps-iphonesimulator/FirebaseRemoteConfigInternal.modulemap -Xcc -fmodule-map-file\=/Users/clementperrousset/Library/Developer/Xcode/DerivedData/entourage-cgufxcifbbuurcdqvxkcudhwmwam/Build/Intermediates.noindex/GeneratedModuleMaps-iphonesimulator/FirebaseInstallations.modulemap -Xcc -fmodule-map-file\=/Users/clementperrousset/Library/Developer/Xcode/DerivedData/entourage-cgufxcifbbuurcdqvxkcudhwmwam/Build/Intermediates.noindex/GeneratedModuleMaps-iphonesimulator/FirebaseABTesting.modulemap -Xcc -fmodule-map-file\=/Users/clementperrousset/Library/Developer/Xcode/DerivedData/entourage-cgufxcifbbuurcdqvxkcudhwmwam/Build/Intermediates.noindex/GeneratedModuleMaps-iphonesimulator/SVProgressHUD.modulemap -Xcc -fmodule-map-file\=/Users/clementperrousset/Library/Developer/Xcode/DerivedData/entourage-cgufxcifbbuurcdqvxkcudhwmwam/Build/Intermediates.noindex/GeneratedModuleMaps-iphonesimulator/GoogleUtilities-NSData.modulemap -Xcc -fmodule-map-file\=/Users/clementperrousset/Library/Developer/Xcode/DerivedData/entourage-cgufxcifbbuurcdqvxkcudhwmwam/Build/Intermediates.noindex/GeneratedModuleMaps-iphonesimulator/AppCheckCore.modulemap -Xcc -fmodule-map-file\=/Users/clementperrousset/Library/Developer/Xcode/DerivedData/entourage-cgufxcifbbuurcdqvxkcudhwmwam/Build/Intermediates.noindex/GeneratedModuleMaps-iphonesimulator/GoogleUtilities-Logger.modulemap -Xcc -fmodule-map-file\=/Users/clementperrousset/Library/Developer/Xcode/DerivedData/entourage-cgufxcifbbuurcdqvxkcudhwmwam/Build/Intermediates.noindex/GeneratedModuleMaps-iphonesimulator/GoogleUtilities-Environment.modulemap -Xcc -fmodule-map-file\=/Users/clementperrousset/Library/Developer/Xcode/DerivedData/entourage-cgufxcifbbuurcdqvxkcudhwmwam/Build/Intermediates.noindex/GeneratedModuleMaps-iphonesimulator/third-party-IsAppEncrypted.modulemap -Xcc -fmodule-map-file\=/Users/clementperrousset/Library/Developer/Xcode/DerivedData/entourage-cgufxcifbbuurcdqvxkcudhwmwam/Build/Intermediates.noindex/GeneratedModuleMaps-iphonesimulator/GoogleUtilities-UserDefaults.modulemap -Xcc -fmodule-map-file\=/Users/clementperrousset/Library/Developer/Xcode/DerivedData/entourage-cgufxcifbbuurcdqvxkcudhwmwam/Build/Intermediates.noindex/GeneratedModuleMaps-iphonesimulator/FirebaseCore.modulemap -Xcc -fmodule-map-file\=/Users/clementperrousset/Library/Developer/Xcode/DerivedData/entourage-cgufxcifbbuurcdqvxkcudhwmwam/Build/Intermediates.noindex/GeneratedModuleMaps-iphonesimulator/FirebaseAppCheckInterop.modulemap -Xcc -fmodule-map-file\=/Users/clementperrousset/Library/Developer/Xcode/DerivedData/entourage-cgufxcifbbuurcdqvxkcudhwmwam/Build/Intermediates.noindex/GeneratedModuleMaps-iphonesimulator/FirebaseAppCheck.modulemap -enable-bare-slash-regex -enable-experimental-feature DebugDescriptionMacro -sdk /Applications/Xcode.app/Contents/Developer/Platforms/iPhoneSimulator.platform/Developer/SDKs/iPhoneSimulator26.2.sdk -target x86_64-apple-ios14.0-simulator -g -module-cache-path /Users/clementperrousset/Library/Developer/Xcode/DerivedData/ModuleCache.noindex -Xfrontend -serialize-debugging-options -enable-testing -index-store-path /Users/clementperrousset/Library/Developer/Xcode/DerivedData/entourage-cgufxcifbbuurcdqvxkcudhwmwam/Index.noindex/DataStore -Xcc -D_LIBCPP_HARDENING_MODE\=_LIBCPP_HARDENING_MODE_DEBUG -swift-version 5 -I /Users/clementperrousset/Library/Developer/Xcode/DerivedData/entourage-cgufxcifbbuurcdqvxkcudhwmwam/Build/Products/Debug-iphonesimulator -F /Users/clementperrousset/Library/Developer/Xcode/DerivedData/entourage-cgufxcifbbuurcdqvxkcudhwmwam/Build/Products/Debug-iphonesimulator/PackageFrameworks -F /Users/clementperrousset/Library/Developer/Xcode/DerivedData/entourage-cgufxcifbbuurcdqvxkcudhwmwam/Build/Products/Debug-iphonesimulator/PackageFrameworks -F /Users/clementperrousset/Library/Developer/Xcode/DerivedData/entourage-cgufxcifbbuurcdqvxkcudhwmwam/Build/Products/Debug-iphonesimulator/PackageFrameworks -F /Users/clementperrousset/Library/Developer/Xcode/DerivedData/entourage-cgufxcifbbuurcdqvxkcudhwmwam/Build/Products/Debug-iphonesimulator/PackageFrameworks -F /Users/clementperrousset/Library/Developer/Xcode/DerivedData/entourage-cgufxcifbbuurcdqvxkcudhwmwam/Build/Products/Debug-iphonesimulator/PackageFrameworks -F /Users/clementperrousset/Library/Developer/Xcode/DerivedData/entourage-cgufxcifbbuurcdqvxkcudhwmwam/Build/Products/Debug-iphonesimulator/PackageFrameworks -F /Users/clementperrousset/Library/Developer/Xcode/DerivedData/entourage-cgufxcifbbuurcdqvxkcudhwmwam/Build/Products/Debug-iphonesimulator/PackageFrameworks -F /Users/clementperrousset/Library/Developer/Xcode/DerivedData/entourage-cgufxcifbbuurcdqvxkcudhwmwam/Build/Products/Debug-iphonesimulator/PackageFrameworks -F /Users/clementperrousset/Library/Developer/Xcode/DerivedData/entourage-cgufxcifbbuurcdqvxkcudhwmwam/Build/Products/Debug-iphonesimulator/PackageFrameworks -F /Users/clementperrousset/Library/Developer/Xcode/DerivedData/entourage-cgufxcifbbuurcdqvxkcudhwmwam/Build/Products/Debug-iphonesimulator/PackageFrameworks -F /Users/clementperrousset/Library/Developer/Xcode/DerivedData/entourage-cgufxcifbbuurcdqvxkcudhwmwam/Build/Products/Debug-iphonesimulator/PackageFrameworks -F /Users/clementperrousset/Library/Developer/Xcode/DerivedData/entourage-cgufxcifbbuurcdqvxkcudhwmwam/Build/Products/Debug-iphonesimulator/PackageFrameworks -F /Users/clementperrousset/Library/Developer/Xcode/DerivedData/entourage-cgufxcifbbuurcdqvxkcudhwmwam/Build/Products/Debug-iphonesimulator/PackageFrameworks -F /Users/clementperrousset/Library/Developer/Xcode/DerivedData/entourage-cgufxcifbbuurcdqvxkcudhwmwam/Build/Products/Debug-iphonesimulator/PackageFrameworks -F /Users/clementperrousset/Library/Developer/Xcode/DerivedData/entourage-cgufxcifbbuurcdqvxkcudhwmwam/Build/Products/Debug-iphonesimulator/PackageFrameworks -F /Users/clementperrousset/Library/Developer/Xcode/DerivedData/entourage-cgufxcifbbuurcdqvxkcudhwmwam/Build/Products/Debug-iphonesimulator/PackageFrameworks -F /Users/clementperrousset/Library/Developer/Xcode/DerivedData/entourage-cgufxcifbbuurcdqvxkcudhwmwam/Build/Products/Debug-iphonesimulator/PackageFrameworks -F /Users/clementperrousset/Library/Developer/Xcode/DerivedData/entourage-cgufxcifbbuurcdqvxkcudhwmwam/Build/Products/Debug-iphonesimulator/PackageFrameworks -F /Users/clementperrousset/Library/Developer/Xcode/DerivedData/entourage-cgufxcifbbuurcdqvxkcudhwmwam/Build/Products/Debug-iphonesimulator/PackageFrameworks -F /Users/clementperrousset/Library/Developer/Xcode/DerivedData/entourage-cgufxcifbbuurcdqvxkcudhwmwam/Build/Products/Debug-iphonesimulator/PackageFrameworks -F /Users/clementperrousset/Library/Developer/Xcode/DerivedData/entourage-cgufxcifbbuurcdqvxkcudhwmwam/Build/Products/Debug-iphonesimulator/PackageFrameworks -F /Users/clementperrousset/Library/Developer/Xcode/DerivedData/entourage-cgufxcifbbuurcdqvxkcudhwmwam/Build/Products/Debug-iphonesimulator/PackageFrameworks -F /Users/clementperrousset/Library/Developer/Xcode/DerivedData/entourage-cgufxcifbbuurcdqvxkcudhwmwam/Build/Products/Debug-iphonesimulator/PackageFrameworks -F /Users/clementperrousset/Library/Developer/Xcode/DerivedData/entourage-cgufxcifbbuurcdqvxkcudhwmwam/Build/Products/Debug-iphonesimulator/PackageFrameworks -F /Users/clementperrousset/Library/Developer/Xcode/DerivedData/entourage-cgufxcifbbuurcdqvxkcudhwmwam/Build/Products/Debug-iphonesimulator/PackageFrameworks -F /Users/clementperrousset/Library/Developer/Xcode/DerivedData/entourage-cgufxcifbbuurcdqvxkcudhwmwam/Build/Products/Debug-iphonesimulator/PackageFrameworks -F /Users/clementperrousset/Library/Developer/Xcode/DerivedData/entourage-cgufxcifbbuurcdqvxkcudhwmwam/Build/Products/Debug-iphonesimulator/PackageFrameworks -F /Users/clementperrousset/Library/Developer/Xcode/DerivedData/entourage-cgufxcifbbuurcdqvxkcudhwmwam/Build/Products/Debug-iphonesimulator/PackageFrameworks -F /Users/clementperrousset/Library/Developer/Xcode/DerivedData/entourage-cgufxcifbbuurcdqvxkcudhwmwam/Build/Products/Debug-iphonesimulator/PackageFrameworks -F /Users/clementperrousset/Library/Developer/Xcode/DerivedData/entourage-cgufxcifbbuurcdqvxkcudhwmwam/Build/Products/Debug-iphonesimulator/PackageFrameworks -F /Users/clementperrousset/Library/Developer/Xcode/DerivedData/entourage-cgufxcifbbuurcdqvxkcudhwmwam/Build/Products/Debug-iphonesimulator/PackageFrameworks -F /Users/clementperrousset/Library/Developer/Xcode/DerivedData/entourage-cgufxcifbbuurcdqvxkcudhwmwam/Build/Products/Debug-iphonesimulator/PackageFrameworks -F /Users/clementperrousset/Library/Developer/Xcode/DerivedData/entourage-cgufxcifbbuurcdqvxkcudhwmwam/Build/Products/Debug-iphonesimulator/PackageFrameworks -F /Users/clementperrousset/Library/Developer/Xcode/DerivedData/entourage-cgufxcifbbuurcdqvxkcudhwmwam/Build/Products/Debug-iphonesimulator/PackageFrameworks -F /Users/clementperrousset/Library/Developer/Xcode/DerivedData/entourage-cgufxcifbbuurcdqvxkcudhwmwam/Build/Products/Debug-iphonesimulator/PackageFrameworks -F /Users/clementperrousset/Library/Developer/Xcode/DerivedData/entourage-cgufxcifbbuurcdqvxkcudhwmwam/Build/Products/Debug-iphonesimulator/PackageFrameworks -F /Users/clementperrousset/Library/Developer/Xcode/DerivedData/entourage-cgufxcifbbuurcdqvxkcudhwmwam/Build/Products/Debug-iphonesimulator/PackageFrameworks -F /Users/clementperrousset/Library/Developer/Xcode/DerivedData/entourage-cgufxcifbbuurcdqvxkcudhwmwam/Build/Products/Debug-iphonesimulator/PackageFrameworks -F /Users/clementperrousset/Library/Developer/Xcode/DerivedData/entourage-cgufxcifbbuurcdqvxkcudhwmwam/Build/Products/Debug-iphonesimulator/PackageFrameworks -F /Users/clementperrousset/Library/Developer/Xcode/DerivedData/entourage-cgufxcifbbuurcdqvxkcudhwmwam/Build/Products/Debug-iphonesimulator/PackageFrameworks -F /Users/clementperrousset/Library/Developer/Xcode/DerivedData/entourage-cgufxcifbbuurcdqvxkcudhwmwam/Build/Products/Debug-iphonesimulator/PackageFrameworks -F /Users/clementperrousset/Library/Developer/Xcode/DerivedData/entourage-cgufxcifbbuurcdqvxkcudhwmwam/Build/Products/Debug-iphonesimulator/PackageFrameworks -F /Users/clementperrousset/Library/Developer/Xcode/DerivedData/entourage-cgufxcifbbuurcdqvxkcudhwmwam/Build/Products/Debug-iphonesimulator/PackageFrameworks -F /Users/clementperrousset/Library/Developer/Xcode/DerivedData/entourage-cgufxcifbbuurcdqvxkcudhwmwam/Build/Products/Debug-iphonesimulator/PackageFrameworks -F /Users/clementperrousset/Library/Developer/Xcode/DerivedData/entourage-cgufxcifbbuurcdqvxkcudhwmwam/Build/Products/Debug-iphonesimulator -emit-localized-strings -emit-localized-strings-path /Users/clementperrousset/Library/Developer/Xcode/DerivedData/entourage-cgufxcifbbuurcdqvxkcudhwmwam/Build/Intermediates.noindex/entourage.build/Debug-iphonesimulator/entourage.build/Objects-normal/x86_64 -c -j10 -enable-batch-mode -incremental -Xcc -ivfsstatcache -Xcc /Users/clementperrousset/Library/Developer/Xcode/DerivedData/SDKStatCaches.noindex/iphonesimulator26.2-23C53-7d00a8b37fbd7999ea79df8ebc024bf0.sdkstatcache -output-file-map /Users/clementperrousset/Library/Developer/Xcode/DerivedData/entourage-cgufxcifbbuurcdqvxkcudhwmwam/Build/Intermediates.noindex/entourage.build/Debug-iphonesimulator/entourage.build/Objects-normal/x86_64/entourage-OutputFileMap.json -use-frontend-parseable-output -save-temps -no-color-diagnostics -explicit-module-build -module-cache-path /Users/clementperrousset/Library/Developer/Xcode/DerivedData/entourage-cgufxcifbbuurcdqvxkcudhwmwam/Build/Intermediates.noindex/SwiftExplicitPrecompiledModules -clang-scanner-module-cache-path /Users/clementperrousset/Library/Developer/Xcode/DerivedData/ModuleCache.noindex -sdk-module-cache-path /Users/clementperrousset/Library/Developer/Xcode/DerivedData/ModuleCache.noindex -serialize-diagnostics -emit-dependencies -emit-module -emit-module-path /Users/clementperrousset/Library/Developer/Xcode/DerivedData/entourage-cgufxcifbbuurcdqvxkcudhwmwam/Build/Intermediates.noindex/entourage.build/Debug-iphonesimulator/entourage.build/Objects-normal/x86_64/Ent_Beta.swiftmodule -validate-clang-modules-once -clang-build-session-file /Users/clementperrousset/Library/Developer/Xcode/DerivedData/ModuleCache.noindex/Session.modulevalidation -Xcc -I/Users/clementperrousset/Library/Developer/Xcode/DerivedData/entourage-cgufxcifbbuurcdqvxkcudhwmwam/Build/Intermediates.noindex/entourage.build/Debug-iphonesimulator/entourage.build/swift-overrides.hmap -emit-const-values -Xfrontend -const-gather-protocols-file -Xfrontend /Users/clementperrousset/Library/Developer/Xcode/DerivedData/entourage-cgufxcifbbuurcdqvxkcudhwmwam/Build/Intermediates.noindex/entourage.build/Debug-iphonesimulator/entourage.build/Objects-normal/x86_64/entourage_const_extract_protocols.json -Xcc -iquote -Xcc /Users/clementperrousset/Library/Developer/Xcode/DerivedData/entourage-cgufxcifbbuurcdqvxkcudhwmwam/Build/Intermediates.noindex/entourage.build/Debug-iphonesimulator/entourage.build/Ent-Beta-generated-files.hmap -Xcc -I/Users/clementperrousset/Library/Developer/Xcode/DerivedData/entourage-cgufxcifbbuurcdqvxkcudhwmwam/Build/Intermediates.noindex/entourage.build/Debug-iphonesimulator/entourage.build/Ent-Beta-own-target-headers.hmap -Xcc -I/Users/clementperrousset/Library/Developer/Xcode/DerivedData/entourage-cgufxcifbbuurcdqvxkcudhwmwam/Build/Intermediates.noindex/entourage.build/Debug-iphonesimulator/entourage.build/Ent-Beta-all-non-framework-target-headers.hmap -Xcc -ivfsoverlay -Xcc /Users/clementperrousset/Library/Developer/Xcode/DerivedData/entourage-cgufxcifbbuurcdqvxkcudhwmwam/Build/Intermediates.noindex/entourage.build/Debug-iphonesimulator/entourage-70680f5a6599977dbad6674f82eeda54-VFS-iphonesimulator/all-product-headers.yaml -Xcc -iquote -Xcc /Users/clementperrousset/Library/Developer/Xcode/DerivedData/entourage-cgufxcifbbuurcdqvxkcudhwmwam/Build/Intermediates.noindex/entourage.build/Debug-iphonesimulator/entourage.build/Ent-Beta-project-headers.hmap -Xcc -I/Users/clementperrousset/Library/Developer/Xcode/DerivedData/entourage-cgufxcifbbuurcdqvxkcudhwmwam/SourcePackages/checkouts/GoogleAppMeasurement/GoogleAppMeasurementWrapper/include -Xcc -I/Users/clementperrousset/Library/Developer/Xcode/DerivedData/entourage-cgufxcifbbuurcdqvxkcudhwmwam/SourcePackages/checkouts/GoogleUtilities/GoogleUtilities/MethodSwizzler/Public -Xcc -I/Users/clementperrousset/Library/Developer/Xcode/DerivedData/entourage-cgufxcifbbuurcdqvxkcudhwmwam/SourcePackages/checkouts/firebase-ios-sdk/FirebaseAnalyticsWrapper/include -Xcc -I/Users/clementperrousset/Library/Developer/Xcode/DerivedData/entourage-cgufxcifbbuurcdqvxkcudhwmwam/SourcePackages/checkouts/firebase-ios-sdk/SwiftPM-PlatformExclude/FirebaseAnalyticsWrap/include -Xcc -I/Users/clementperrousset/Library/Developer/Xcode/DerivedData/entourage-cgufxcifbbuurcdqvxkcudhwmwam/SourcePackages/checkouts/ios-places-sdk/Places/Sources -Xcc -I/Users/clementperrousset/Library/Developer/Xcode/DerivedData/entourage-cgufxcifbbuurcdqvxkcudhwmwam/SourcePackages/checkouts/GoogleUtilities/GoogleUtilities/Network/Public -Xcc -I/Users/clementperrousset/Library/Developer/Xcode/DerivedData/entourage-cgufxcifbbuurcdqvxkcudhwmwam/SourcePackages/checkouts/GoogleUtilities/GoogleUtilities/AppDelegateSwizzler/Public -Xcc -I/Users/clementperrousset/Library/Developer/Xcode/DerivedData/entourage-cgufxcifbbuurcdqvxkcudhwmwam/SourcePackages/checkouts/GoogleUtilities/GoogleUtilities/Reachability/Public -Xcc -I/Users/clementperrousset/Library/Developer/Xcode/DerivedData/entourage-cgufxcifbbuurcdqvxkcudhwmwam/SourcePackages/checkouts/firebase-ios-sdk/FirebaseMessaging/Sources/Public -Xcc -I/Users/clementperrousset/Library/Developer/Xcode/DerivedData/entourage-cgufxcifbbuurcdqvxkcudhwmwam/SourcePackages/checkouts/nanopb/spm_headers -Xcc -I/Users/clementperrousset/Library/Developer/Xcode/DerivedData/entourage-cgufxcifbbuurcdqvxkcudhwmwam/SourcePackages/checkouts/GoogleDataTransport/GoogleDataTransport/GDTCORLibrary/Public -Xcc -I/Users/clementperrousset/Library/Developer/Xcode/DerivedData/entourage-cgufxcifbbuurcdqvxkcudhwmwam/SourcePackages/checkouts/firebase-ios-sdk/FirebaseSessions/SourcesObjC -Xcc -I/Users/clementperrousset/Library/Developer/Xcode/DerivedData/entourage-cgufxcifbbuurcdqvxkcudhwmwam/SourcePackages/checkouts/firebase-ios-sdk/FirebaseCore/Extension -Xcc -I/Users/clementperrousset/Library/Developer/Xcode/DerivedData/entourage-cgufxcifbbuurcdqvxkcudhwmwam/SourcePackages/checkouts/firebase-ios-sdk/Crashlytics/Crashlytics/Public -Xcc -I/Users/clementperrousset/Library/Developer/Xcode/DerivedData/entourage-cgufxcifbbuurcdqvxkcudhwmwam/SourcePackages/checkouts/SDWebImage/SDWebImage/include -Xcc -I/Users/clementperrousset/Library/Developer/Xcode/DerivedData/entourage-cgufxcifbbuurcdqvxkcudhwmwam/SourcePackages/checkouts/SDWebImage/SDWebImageMapKit/include -Xcc -I/Users/clementperrousset/Library/Developer/Xcode/DerivedData/entourage-cgufxcifbbuurcdqvxkcudhwmwam/SourcePackages/checkouts/SimpleKeychain/SimpleKeychain/include -Xcc -I/Users/clementperrousset/Library/Developer/Xcode/DerivedData/entourage-cgufxcifbbuurcdqvxkcudhwmwam/SourcePackages/checkouts/firebase-ios-sdk/FirebaseRemoteConfig/Sources/Public -Xcc -I/Users/clementperrousset/Library/Developer/Xcode/DerivedData/entourage-cgufxcifbbuurcdqvxkcudhwmwam/SourcePackages/checkouts/firebase-ios-sdk/FirebaseInstallations/Source/Library/Public -Xcc -I/Users/clementperrousset/Library/Developer/Xcode/DerivedData/entourage-cgufxcifbbuurcdqvxkcudhwmwam/SourcePackages/checkouts/firebase-ios-sdk/FirebaseABTesting/Sources/Public -Xcc -I/Users/clementperrousset/Library/Developer/Xcode/DerivedData/entourage-cgufxcifbbuurcdqvxkcudhwmwam/SourcePackages/checkouts/SVProgressHUD/SVProgressHUD/include -Xcc -I/Users/clementperrousset/Library/Developer/Xcode/DerivedData/entourage-cgufxcifbbuurcdqvxkcudhwmwam/SourcePackages/checkouts/GoogleUtilities/GoogleUtilities/NSData+zlib/Public -Xcc -I/Users/clementperrousset/Library/Developer/Xcode/DerivedData/entourage-cgufxcifbbuurcdqvxkcudhwmwam/SourcePackages/checkouts/app-check/AppCheckCore/Sources/Public -Xcc -I/Users/clementperrousset/Library/Developer/Xcode/DerivedData/entourage-cgufxcifbbuurcdqvxkcudhwmwam/SourcePackages/checkouts/promises/Sources/FBLPromises/include -Xcc -I/Users/clementperrousset/Library/Developer/Xcode/DerivedData/entourage-cgufxcifbbuurcdqvxkcudhwmwam/SourcePackages/checkouts/GoogleUtilities/GoogleUtilities/Logger/Public -Xcc -I/Users/clementperrousset/Library/Developer/Xcode/DerivedData/entourage-cgufxcifbbuurcdqvxkcudhwmwam/SourcePackages/checkouts/GoogleUtilities/GoogleUtilities/Environment/Public -Xcc -I/Users/clementperrousset/Library/Developer/Xcode/DerivedData/entourage-cgufxcifbbuurcdqvxkcudhwmwam/SourcePackages/checkouts/GoogleUtilities/third_party/IsAppEncrypted/Public -Xcc -I/Users/clementperrousset/Library/Developer/Xcode/DerivedData/entourage-cgufxcifbbuurcdqvxkcudhwmwam/SourcePackages/checkouts/GoogleUtilities/GoogleUtilities/UserDefaults/Public -Xcc -I/Users/clementperrousset/Library/Developer/Xcode/DerivedData/entourage-cgufxcifbbuurcdqvxkcudhwmwam/SourcePackages/checkouts/firebase-ios-sdk/FirebaseCore/Sources/Public -Xcc -I/Users/clementperrousset/Library/Developer/Xcode/DerivedData/entourage-cgufxcifbbuurcdqvxkcudhwmwam/SourcePackages/checkouts/firebase-ios-sdk/CoreOnly/Sources -Xcc -I/Users/clementperrousset/Library/Developer/Xcode/DerivedData/entourage-cgufxcifbbuurcdqvxkcudhwmwam/SourcePackages/checkouts/firebase-ios-sdk/FirebaseAppCheck/Interop/Public -Xcc -I/Users/clementperrousset/Library/Developer/Xcode/DerivedData/entourage-cgufxcifbbuurcdqvxkcudhwmwam/SourcePackages/checkouts/firebase-ios-sdk/FirebaseAppCheck/Sources/Public -Xcc -I/Users/clementperrousset/Library/Developer/Xcode/DerivedData/entourage-cgufxcifbbuurcdqvxkcudhwmwam/Build/Products/Debug-iphonesimulator/include -Xcc -I/Users/clementperrousset/Library/Developer/Xcode/DerivedData/entourage-cgufxcifbbuurcdqvxkcudhwmwam/Build/Intermediates.noindex/entourage.build/Debug-iphonesimulator/entourage.build/DerivedSources-normal/x86_64 -Xcc -I/Users/clementperrousset/Library/Developer/Xcode/DerivedData/entourage-cgufxcifbbuurcdqvxkcudhwmwam/Build/Intermediates.noindex/entourage.build/Debug-iphonesimulator/entourage.build/DerivedSources/x86_64 -Xcc -I/Users/clementperrousset/Library/Developer/Xcode/DerivedData/entourage-cgufxcifbbuurcdqvxkcudhwmwam/Build/Intermediates.noindex/entourage.build/Debug-iphonesimulator/entourage.build/DerivedSources -Xcc -DDEBUG\=1 -emit-objc-header -emit-objc-header-path /Users/clementperrousset/Library/Developer/Xcode/DerivedData/entourage-cgufxcifbbuurcdqvxkcudhwmwam/Build/Intermediates.noindex/entourage.build/Debug-iphonesimulator/entourage.build/Objects-normal/x86_64/Ent_Beta-Swift.h -import-objc-header /Users/clementperrousset/Dev/entourage-ios/entourage/Settings/entourage-Bridging-Header.h -working-directory /Users/clementperrousset/Dev/entourage-ios -experimental-emit-module-separately -disable-cmo

SwiftDriver\ Compilation entourage normal arm64 com.apple.xcode.tools.swift.compiler (in target 'entourage' from project 'entourage')
    cd /Users/clementperrousset/Dev/entourage-ios
    builtin-Swift-Compilation -- /Applications/Xcode.app/Contents/Developer/Toolchains/XcodeDefault.xctoolchain/usr/bin/swiftc -module-name Ent_Beta -Onone -enforce-exclusivity\=checked @/Users/clementperrousset/Library/Developer/Xcode/DerivedData/entourage-cgufxcifbbuurcdqvxkcudhwmwam/Build/Intermediates.noindex/entourage.build/Debug-iphonesimulator/entourage.build/Objects-normal/arm64/Ent-Beta.SwiftFileList -DDEBUG -Xcc -fmodule-map-file\=/Users/clementperrousset/Library/Developer/Xcode/DerivedData/entourage-cgufxcifbbuurcdqvxkcudhwmwam/Build/Intermediates.noindex/GeneratedModuleMaps-iphonesimulator/GoogleAppMeasurementTarget.modulemap -Xcc -fmodule-map-file\=/Users/clementperrousset/Library/Developer/Xcode/DerivedData/entourage-cgufxcifbbuurcdqvxkcudhwmwam/Build/Intermediates.noindex/GeneratedModuleMaps-iphonesimulator/GoogleUtilities-MethodSwizzler.modulemap -Xcc -fmodule-map-file\=/Users/clementperrousset/Library/Developer/Xcode/DerivedData/entourage-cgufxcifbbuurcdqvxkcudhwmwam/Build/Intermediates.noindex/GeneratedModuleMaps-iphonesimulator/FirebaseAnalyticsWrapper.modulemap -Xcc -fmodule-map-file\=/Users/clementperrousset/Library/Developer/Xcode/DerivedData/entourage-cgufxcifbbuurcdqvxkcudhwmwam/Build/Intermediates.noindex/GeneratedModuleMaps-iphonesimulator/FirebaseAnalyticsTarget.modulemap -Xcc -fmodule-map-file\=/Users/clementperrousset/Library/Developer/Xcode/DerivedData/entourage-cgufxcifbbuurcdqvxkcudhwmwam/Build/Intermediates.noindex/GeneratedModuleMaps-iphonesimulator/GooglePlacesTarget.modulemap -Xcc -fmodule-map-file\=/Users/clementperrousset/Library/Developer/Xcode/DerivedData/entourage-cgufxcifbbuurcdqvxkcudhwmwam/Build/Intermediates.noindex/GeneratedModuleMaps-iphonesimulator/GoogleUtilities-Network.modulemap -Xcc -fmodule-map-file\=/Users/clementperrousset/Library/Developer/Xcode/DerivedData/entourage-cgufxcifbbuurcdqvxkcudhwmwam/Build/Intermediates.noindex/GeneratedModuleMaps-iphonesimulator/GoogleUtilities-AppDelegateSwizzler.modulemap -Xcc -fmodule-map-file\=/Users/clementperrousset/Library/Developer/Xcode/DerivedData/entourage-cgufxcifbbuurcdqvxkcudhwmwam/Build/Intermediates.noindex/GeneratedModuleMaps-iphonesimulator/GoogleUtilities-Reachability.modulemap -Xcc -fmodule-map-file\=/Users/clementperrousset/Library/Developer/Xcode/DerivedData/entourage-cgufxcifbbuurcdqvxkcudhwmwam/Build/Intermediates.noindex/GeneratedModuleMaps-iphonesimulator/FirebaseMessaging.modulemap -Xcc -fmodule-map-file\=/Users/clementperrousset/Library/Developer/Xcode/DerivedData/entourage-cgufxcifbbuurcdqvxkcudhwmwam/Build/Intermediates.noindex/GeneratedModuleMaps-iphonesimulator/nanopb.modulemap -Xcc -fmodule-map-file\=/Users/clementperrousset/Library/Developer/Xcode/DerivedData/entourage-cgufxcifbbuurcdqvxkcudhwmwam/Build/Intermediates.noindex/GeneratedModuleMaps-iphonesimulator/GoogleDataTransport.modulemap -Xcc -fmodule-map-file\=/Users/clementperrousset/Library/Developer/Xcode/DerivedData/entourage-cgufxcifbbuurcdqvxkcudhwmwam/Build/Intermediates.noindex/GeneratedModuleMaps-iphonesimulator/FirebaseSessionsObjC.modulemap -Xcc -fmodule-map-file\=/Users/clementperrousset/Library/Developer/Xcode/DerivedData/entourage-cgufxcifbbuurcdqvxkcudhwmwam/Build/Intermediates.noindex/GeneratedModuleMaps-iphonesimulator/FirebaseCoreExtension.modulemap -Xcc -fmodule-map-file\=/Users/clementperrousset/Library/Developer/Xcode/DerivedData/entourage-cgufxcifbbuurcdqvxkcudhwmwam/Build/Intermediates.noindex/GeneratedModuleMaps-iphonesimulator/FirebaseCrashlytics.modulemap -Xcc -fmodule-map-file\=/Users/clementperrousset/Library/Developer/Xcode/DerivedData/entourage-cgufxcifbbuurcdqvxkcudhwmwam/Build/Intermediates.noindex/GeneratedModuleMaps-iphonesimulator/SDWebImage.modulemap -Xcc -fmodule-map-file\=/Users/clementperrousset/Library/Developer/Xcode/DerivedData/entourage-cgufxcifbbuurcdqvxkcudhwmwam/Build/Intermediates.noindex/GeneratedModuleMaps-iphonesimulator/SDWebImageMapKit.modulemap -Xcc -fmodule-map-file\=/Users/clementperrousset/Library/Developer/Xcode/DerivedData/entourage-cgufxcifbbuurcdqvxkcudhwmwam/Build/Intermediates.noindex/GeneratedModuleMaps-iphonesimulator/SimpleKeychain.modulemap -Xcc -fmodule-map-file\=/Users/clementperrousset/Library/Developer/Xcode/DerivedData/entourage-cgufxcifbbuurcdqvxkcudhwmwam/Build/Intermediates.noindex/GeneratedModuleMaps-iphonesimulator/FirebaseRemoteConfigInternal.modulemap -Xcc -fmodule-map-file\=/Users/clementperrousset/Library/Developer/Xcode/DerivedData/entourage-cgufxcifbbuurcdqvxkcudhwmwam/Build/Intermediates.noindex/GeneratedModuleMaps-iphonesimulator/FirebaseInstallations.modulemap -Xcc -fmodule-map-file\=/Users/clementperrousset/Library/Developer/Xcode/DerivedData/entourage-cgufxcifbbuurcdqvxkcudhwmwam/Build/Intermediates.noindex/GeneratedModuleMaps-iphonesimulator/FirebaseABTesting.modulemap -Xcc -fmodule-map-file\=/Users/clementperrousset/Library/Developer/Xcode/DerivedData/entourage-cgufxcifbbuurcdqvxkcudhwmwam/Build/Intermediates.noindex/GeneratedModuleMaps-iphonesimulator/SVProgressHUD.modulemap -Xcc -fmodule-map-file\=/Users/clementperrousset/Library/Developer/Xcode/DerivedData/entourage-cgufxcifbbuurcdqvxkcudhwmwam/Build/Intermediates.noindex/GeneratedModuleMaps-iphonesimulator/GoogleUtilities-NSData.modulemap -Xcc -fmodule-map-file\=/Users/clementperrousset/Library/Developer/Xcode/DerivedData/entourage-cgufxcifbbuurcdqvxkcudhwmwam/Build/Intermediates.noindex/GeneratedModuleMaps-iphonesimulator/AppCheckCore.modulemap -Xcc -fmodule-map-file\=/Users/clementperrousset/Library/Developer/Xcode/DerivedData/entourage-cgufxcifbbuurcdqvxkcudhwmwam/Build/Intermediates.noindex/GeneratedModuleMaps-iphonesimulator/GoogleUtilities-Logger.modulemap -Xcc -fmodule-map-file\=/Users/clementperrousset/Library/Developer/Xcode/DerivedData/entourage-cgufxcifbbuurcdqvxkcudhwmwam/Build/Intermediates.noindex/GeneratedModuleMaps-iphonesimulator/GoogleUtilities-Environment.modulemap -Xcc -fmodule-map-file\=/Users/clementperrousset/Library/Developer/Xcode/DerivedData/entourage-cgufxcifbbuurcdqvxkcudhwmwam/Build/Intermediates.noindex/GeneratedModuleMaps-iphonesimulator/third-party-IsAppEncrypted.modulemap -Xcc -fmodule-map-file\=/Users/clementperrousset/Library/Developer/Xcode/DerivedData/entourage-cgufxcifbbuurcdqvxkcudhwmwam/Build/Intermediates.noindex/GeneratedModuleMaps-iphonesimulator/GoogleUtilities-UserDefaults.modulemap -Xcc -fmodule-map-file\=/Users/clementperrousset/Library/Developer/Xcode/DerivedData/entourage-cgufxcifbbuurcdqvxkcudhwmwam/Build/Intermediates.noindex/GeneratedModuleMaps-iphonesimulator/FirebaseCore.modulemap -Xcc -fmodule-map-file\=/Users/clementperrousset/Library/Developer/Xcode/DerivedData/entourage-cgufxcifbbuurcdqvxkcudhwmwam/Build/Intermediates.noindex/GeneratedModuleMaps-iphonesimulator/FirebaseAppCheckInterop.modulemap -Xcc -fmodule-map-file\=/Users/clementperrousset/Library/Developer/Xcode/DerivedData/entourage-cgufxcifbbuurcdqvxkcudhwmwam/Build/Intermediates.noindex/GeneratedModuleMaps-iphonesimulator/FirebaseAppCheck.modulemap -enable-bare-slash-regex -enable-experimental-feature DebugDescriptionMacro -sdk /Applications/Xcode.app/Contents/Developer/Platforms/iPhoneSimulator.platform/Developer/SDKs/iPhoneSimulator26.2.sdk -target arm64-apple-ios14.0-simulator -g -module-cache-path /Users/clementperrousset/Library/Developer/Xcode/DerivedData/ModuleCache.noindex -Xfrontend -serialize-debugging-options -enable-testing -index-store-path /Users/clementperrousset/Library/Developer/Xcode/DerivedData/entourage-cgufxcifbbuurcdqvxkcudhwmwam/Index.noindex/DataStore -Xcc -D_LIBCPP_HARDENING_MODE\=_LIBCPP_HARDENING_MODE_DEBUG -swift-version 5 -I /Users/clementperrousset/Library/Developer/Xcode/DerivedData/entourage-cgufxcifbbuurcdqvxkcudhwmwam/Build/Products/Debug-iphonesimulator -F /Users/clementperrousset/Library/Developer/Xcode/DerivedData/entourage-cgufxcifbbuurcdqvxkcudhwmwam/Build/Products/Debug-iphonesimulator/PackageFrameworks -F /Users/clementperrousset/Library/Developer/Xcode/DerivedData/entourage-cgufxcifbbuurcdqvxkcudhwmwam/Build/Products/Debug-iphonesimulator/PackageFrameworks -F /Users/clementperrousset/Library/Developer/Xcode/DerivedData/entourage-cgufxcifbbuurcdqvxkcudhwmwam/Build/Products/Debug-iphonesimulator/PackageFrameworks -F /Users/clementperrousset/Library/Developer/Xcode/DerivedData/entourage-cgufxcifbbuurcdqvxkcudhwmwam/Build/Products/Debug-iphonesimulator/PackageFrameworks -F /Users/clementperrousset/Library/Developer/Xcode/DerivedData/entourage-cgufxcifbbuurcdqvxkcudhwmwam/Build/Products/Debug-iphonesimulator/PackageFrameworks -F /Users/clementperrousset/Library/Developer/Xcode/DerivedData/entourage-cgufxcifbbuurcdqvxkcudhwmwam/Build/Products/Debug-iphonesimulator/PackageFrameworks -F /Users/clementperrousset/Library/Developer/Xcode/DerivedData/entourage-cgufxcifbbuurcdqvxkcudhwmwam/Build/Products/Debug-iphonesimulator/PackageFrameworks -F /Users/clementperrousset/Library/Developer/Xcode/DerivedData/entourage-cgufxcifbbuurcdqvxkcudhwmwam/Build/Products/Debug-iphonesimulator/PackageFrameworks -F /Users/clementperrousset/Library/Developer/Xcode/DerivedData/entourage-cgufxcifbbuurcdqvxkcudhwmwam/Build/Products/Debug-iphonesimulator/PackageFrameworks -F /Users/clementperrousset/Library/Developer/Xcode/DerivedData/entourage-cgufxcifbbuurcdqvxkcudhwmwam/Build/Products/Debug-iphonesimulator/PackageFrameworks -F /Users/clementperrousset/Library/Developer/Xcode/DerivedData/entourage-cgufxcifbbuurcdqvxkcudhwmwam/Build/Products/Debug-iphonesimulator/PackageFrameworks -F /Users/clementperrousset/Library/Developer/Xcode/DerivedData/entourage-cgufxcifbbuurcdqvxkcudhwmwam/Build/Products/Debug-iphonesimulator/PackageFrameworks -F /Users/clementperrousset/Library/Developer/Xcode/DerivedData/entourage-cgufxcifbbuurcdqvxkcudhwmwam/Build/Products/Debug-iphonesimulator/PackageFrameworks -F /Users/clementperrousset/Library/Developer/Xcode/DerivedData/entourage-cgufxcifbbuurcdqvxkcudhwmwam/Build/Products/Debug-iphonesimulator/PackageFrameworks -F /Users/clementperrousset/Library/Developer/Xcode/DerivedData/entourage-cgufxcifbbuurcdqvxkcudhwmwam/Build/Products/Debug-iphonesimulator/PackageFrameworks -F /Users/clementperrousset/Library/Developer/Xcode/DerivedData/entourage-cgufxcifbbuurcdqvxkcudhwmwam/Build/Products/Debug-iphonesimulator/PackageFrameworks -F /Users/clementperrousset/Library/Developer/Xcode/DerivedData/entourage-cgufxcifbbuurcdqvxkcudhwmwam/Build/Products/Debug-iphonesimulator/PackageFrameworks -F /Users/clementperrousset/Library/Developer/Xcode/DerivedData/entourage-cgufxcifbbuurcdqvxkcudhwmwam/Build/Products/Debug-iphonesimulator/PackageFrameworks -F /Users/clementperrousset/Library/Developer/Xcode/DerivedData/entourage-cgufxcifbbuurcdqvxkcudhwmwam/Build/Products/Debug-iphonesimulator/PackageFrameworks -F /Users/clementperrousset/Library/Developer/Xcode/DerivedData/entourage-cgufxcifbbuurcdqvxkcudhwmwam/Build/Products/Debug-iphonesimulator/PackageFrameworks -F /Users/clementperrousset/Library/Developer/Xcode/DerivedData/entourage-cgufxcifbbuurcdqvxkcudhwmwam/Build/Products/Debug-iphonesimulator/PackageFrameworks -F /Users/clementperrousset/Library/Developer/Xcode/DerivedData/entourage-cgufxcifbbuurcdqvxkcudhwmwam/Build/Products/Debug-iphonesimulator/PackageFrameworks -F /Users/clementperrousset/Library/Developer/Xcode/DerivedData/entourage-cgufxcifbbuurcdqvxkcudhwmwam/Build/Products/Debug-iphonesimulator/PackageFrameworks -F /Users/clementperrousset/Library/Developer/Xcode/DerivedData/entourage-cgufxcifbbuurcdqvxkcudhwmwam/Build/Products/Debug-iphonesimulator/PackageFrameworks -F /Users/clementperrousset/Library/Developer/Xcode/DerivedData/entourage-cgufxcifbbuurcdqvxkcudhwmwam/Build/Products/Debug-iphonesimulator/PackageFrameworks -F /Users/clementperrousset/Library/Developer/Xcode/DerivedData/entourage-cgufxcifbbuurcdqvxkcudhwmwam/Build/Products/Debug-iphonesimulator/PackageFrameworks -F /Users/clementperrousset/Library/Developer/Xcode/DerivedData/entourage-cgufxcifbbuurcdqvxkcudhwmwam/Build/Products/Debug-iphonesimulator/PackageFrameworks -F /Users/clementperrousset/Library/Developer/Xcode/DerivedData/entourage-cgufxcifbbuurcdqvxkcudhwmwam/Build/Products/Debug-iphonesimulator/PackageFrameworks -F /Users/clementperrousset/Library/Developer/Xcode/DerivedData/entourage-cgufxcifbbuurcdqvxkcudhwmwam/Build/Products/Debug-iphonesimulator/PackageFrameworks -F /Users/clementperrousset/Library/Developer/Xcode/DerivedData/entourage-cgufxcifbbuurcdqvxkcudhwmwam/Build/Products/Debug-iphonesimulator/PackageFrameworks -F /Users/clementperrousset/Library/Developer/Xcode/DerivedData/entourage-cgufxcifbbuurcdqvxkcudhwmwam/Build/Products/Debug-iphonesimulator/PackageFrameworks -F /Users/clementperrousset/Library/Developer/Xcode/DerivedData/entourage-cgufxcifbbuurcdqvxkcudhwmwam/Build/Products/Debug-iphonesimulator/PackageFrameworks -F /Users/clementperrousset/Library/Developer/Xcode/DerivedData/entourage-cgufxcifbbuurcdqvxkcudhwmwam/Build/Products/Debug-iphonesimulator/PackageFrameworks -F /Users/clementperrousset/Library/Developer/Xcode/DerivedData/entourage-cgufxcifbbuurcdqvxkcudhwmwam/Build/Products/Debug-iphonesimulator/PackageFrameworks -F /Users/clementperrousset/Library/Developer/Xcode/DerivedData/entourage-cgufxcifbbuurcdqvxkcudhwmwam/Build/Products/Debug-iphonesimulator/PackageFrameworks -F /Users/clementperrousset/Library/Developer/Xcode/DerivedData/entourage-cgufxcifbbuurcdqvxkcudhwmwam/Build/Products/Debug-iphonesimulator/PackageFrameworks -F /Users/clementperrousset/Library/Developer/Xcode/DerivedData/entourage-cgufxcifbbuurcdqvxkcudhwmwam/Build/Products/Debug-iphonesimulator/PackageFrameworks -F /Users/clementperrousset/Library/Developer/Xcode/DerivedData/entourage-cgufxcifbbuurcdqvxkcudhwmwam/Build/Products/Debug-iphonesimulator/PackageFrameworks -F /Users/clementperrousset/Library/Developer/Xcode/DerivedData/entourage-cgufxcifbbuurcdqvxkcudhwmwam/Build/Products/Debug-iphonesimulator/PackageFrameworks -F /Users/clementperrousset/Library/Developer/Xcode/DerivedData/entourage-cgufxcifbbuurcdqvxkcudhwmwam/Build/Products/Debug-iphonesimulator/PackageFrameworks -F /Users/clementperrousset/Library/Developer/Xcode/DerivedData/entourage-cgufxcifbbuurcdqvxkcudhwmwam/Build/Products/Debug-iphonesimulator/PackageFrameworks -F /Users/clementperrousset/Library/Developer/Xcode/DerivedData/entourage-cgufxcifbbuurcdqvxkcudhwmwam/Build/Products/Debug-iphonesimulator/PackageFrameworks -F /Users/clementperrousset/Library/Developer/Xcode/DerivedData/entourage-cgufxcifbbuurcdqvxkcudhwmwam/Build/Products/Debug-iphonesimulator/PackageFrameworks -F /Users/clementperrousset/Library/Developer/Xcode/DerivedData/entourage-cgufxcifbbuurcdqvxkcudhwmwam/Build/Products/Debug-iphonesimulator/PackageFrameworks -F /Users/clementperrousset/Library/Developer/Xcode/DerivedData/entourage-cgufxcifbbuurcdqvxkcudhwmwam/Build/Products/Debug-iphonesimulator -emit-localized-strings -emit-localized-strings-path /Users/clementperrousset/Library/Developer/Xcode/DerivedData/entourage-cgufxcifbbuurcdqvxkcudhwmwam/Build/Intermediates.noindex/entourage.build/Debug-iphonesimulator/entourage.build/Objects-normal/arm64 -c -j10 -enable-batch-mode -incremental -Xcc -ivfsstatcache -Xcc /Users/clementperrousset/Library/Developer/Xcode/DerivedData/SDKStatCaches.noindex/iphonesimulator26.2-23C53-7d00a8b37fbd7999ea79df8ebc024bf0.sdkstatcache -output-file-map /Users/clementperrousset/Library/Developer/Xcode/DerivedData/entourage-cgufxcifbbuurcdqvxkcudhwmwam/Build/Intermediates.noindex/entourage.build/Debug-iphonesimulator/entourage.build/Objects-normal/arm64/entourage-OutputFileMap.json -use-frontend-parseable-output -save-temps -no-color-diagnostics -explicit-module-build -module-cache-path /Users/clementperrousset/Library/Developer/Xcode/DerivedData/entourage-cgufxcifbbuurcdqvxkcudhwmwam/Build/Intermediates.noindex/SwiftExplicitPrecompiledModules -clang-scanner-module-cache-path /Users/clementperrousset/Library/Developer/Xcode/DerivedData/ModuleCache.noindex -sdk-module-cache-path /Users/clementperrousset/Library/Developer/Xcode/DerivedData/ModuleCache.noindex -serialize-diagnostics -emit-dependencies -emit-module -emit-module-path /Users/clementperrousset/Library/Developer/Xcode/DerivedData/entourage-cgufxcifbbuurcdqvxkcudhwmwam/Build/Intermediates.noindex/entourage.build/Debug-iphonesimulator/entourage.build/Objects-normal/arm64/Ent_Beta.swiftmodule -validate-clang-modules-once -clang-build-session-file /Users/clementperrousset/Library/Developer/Xcode/DerivedData/ModuleCache.noindex/Session.modulevalidation -Xcc -I/Users/clementperrousset/Library/Developer/Xcode/DerivedData/entourage-cgufxcifbbuurcdqvxkcudhwmwam/Build/Intermediates.noindex/entourage.build/Debug-iphonesimulator/entourage.build/swift-overrides.hmap -emit-const-values -Xfrontend -const-gather-protocols-file -Xfrontend /Users/clementperrousset/Library/Developer/Xcode/DerivedData/entourage-cgufxcifbbuurcdqvxkcudhwmwam/Build/Intermediates.noindex/entourage.build/Debug-iphonesimulator/entourage.build/Objects-normal/arm64/entourage_const_extract_protocols.json -Xcc -iquote -Xcc /Users/clementperrousset/Library/Developer/Xcode/DerivedData/entourage-cgufxcifbbuurcdqvxkcudhwmwam/Build/Intermediates.noindex/entourage.build/Debug-iphonesimulator/entourage.build/Ent-Beta-generated-files.hmap -Xcc -I/Users/clementperrousset/Library/Developer/Xcode/DerivedData/entourage-cgufxcifbbuurcdqvxkcudhwmwam/Build/Intermediates.noindex/entourage.build/Debug-iphonesimulator/entourage.build/Ent-Beta-own-target-headers.hmap -Xcc -I/Users/clementperrousset/Library/Developer/Xcode/DerivedData/entourage-cgufxcifbbuurcdqvxkcudhwmwam/Build/Intermediates.noindex/entourage.build/Debug-iphonesimulator/entourage.build/Ent-Beta-all-non-framework-target-headers.hmap -Xcc -ivfsoverlay -Xcc /Users/clementperrousset/Library/Developer/Xcode/DerivedData/entourage-cgufxcifbbuurcdqvxkcudhwmwam/Build/Intermediates.noindex/entourage.build/Debug-iphonesimulator/entourage-70680f5a6599977dbad6674f82eeda54-VFS-iphonesimulator/all-product-headers.yaml -Xcc -iquote -Xcc /Users/clementperrousset/Library/Developer/Xcode/DerivedData/entourage-cgufxcifbbuurcdqvxkcudhwmwam/Build/Intermediates.noindex/entourage.build/Debug-iphonesimulator/entourage.build/Ent-Beta-project-headers.hmap -Xcc -I/Users/clementperrousset/Library/Developer/Xcode/DerivedData/entourage-cgufxcifbbuurcdqvxkcudhwmwam/SourcePackages/checkouts/GoogleAppMeasurement/GoogleAppMeasurementWrapper/include -Xcc -I/Users/clementperrousset/Library/Developer/Xcode/DerivedData/entourage-cgufxcifbbuurcdqvxkcudhwmwam/SourcePackages/checkouts/GoogleUtilities/GoogleUtilities/MethodSwizzler/Public -Xcc -I/Users/clementperrousset/Library/Developer/Xcode/DerivedData/entourage-cgufxcifbbuurcdqvxkcudhwmwam/SourcePackages/checkouts/firebase-ios-sdk/FirebaseAnalyticsWrapper/include -Xcc -I/Users/clementperrousset/Library/Developer/Xcode/DerivedData/entourage-cgufxcifbbuurcdqvxkcudhwmwam/SourcePackages/checkouts/firebase-ios-sdk/SwiftPM-PlatformExclude/FirebaseAnalyticsWrap/include -Xcc -I/Users/clementperrousset/Library/Developer/Xcode/DerivedData/entourage-cgufxcifbbuurcdqvxkcudhwmwam/SourcePackages/checkouts/ios-places-sdk/Places/Sources -Xcc -I/Users/clementperrousset/Library/Developer/Xcode/DerivedData/entourage-cgufxcifbbuurcdqvxkcudhwmwam/SourcePackages/checkouts/GoogleUtilities/GoogleUtilities/Network/Public -Xcc -I/Users/clementperrousset/Library/Developer/Xcode/DerivedData/entourage-cgufxcifbbuurcdqvxkcudhwmwam/SourcePackages/checkouts/GoogleUtilities/GoogleUtilities/AppDelegateSwizzler/Public -Xcc -I/Users/clementperrousset/Library/Developer/Xcode/DerivedData/entourage-cgufxcifbbuurcdqvxkcudhwmwam/SourcePackages/checkouts/GoogleUtilities/GoogleUtilities/Reachability/Public -Xcc -I/Users/clementperrousset/Library/Developer/Xcode/DerivedData/entourage-cgufxcifbbuurcdqvxkcudhwmwam/SourcePackages/checkouts/firebase-ios-sdk/FirebaseMessaging/Sources/Public -Xcc -I/Users/clementperrousset/Library/Developer/Xcode/DerivedData/entourage-cgufxcifbbuurcdqvxkcudhwmwam/SourcePackages/checkouts/nanopb/spm_headers -Xcc -I/Users/clementperrousset/Library/Developer/Xcode/DerivedData/entourage-cgufxcifbbuurcdqvxkcudhwmwam/SourcePackages/checkouts/GoogleDataTransport/GoogleDataTransport/GDTCORLibrary/Public -Xcc -I/Users/clementperrousset/Library/Developer/Xcode/DerivedData/entourage-cgufxcifbbuurcdqvxkcudhwmwam/SourcePackages/checkouts/firebase-ios-sdk/FirebaseSessions/SourcesObjC -Xcc -I/Users/clementperrousset/Library/Developer/Xcode/DerivedData/entourage-cgufxcifbbuurcdqvxkcudhwmwam/SourcePackages/checkouts/firebase-ios-sdk/FirebaseCore/Extension -Xcc -I/Users/clementperrousset/Library/Developer/Xcode/DerivedData/entourage-cgufxcifbbuurcdqvxkcudhwmwam/SourcePackages/checkouts/firebase-ios-sdk/Crashlytics/Crashlytics/Public -Xcc -I/Users/clementperrousset/Library/Developer/Xcode/DerivedData/entourage-cgufxcifbbuurcdqvxkcudhwmwam/SourcePackages/checkouts/SDWebImage/SDWebImage/include -Xcc -I/Users/clementperrousset/Library/Developer/Xcode/DerivedData/entourage-cgufxcifbbuurcdqvxkcudhwmwam/SourcePackages/checkouts/SDWebImage/SDWebImageMapKit/include -Xcc -I/Users/clementperrousset/Library/Developer/Xcode/DerivedData/entourage-cgufxcifbbuurcdqvxkcudhwmwam/SourcePackages/checkouts/SimpleKeychain/SimpleKeychain/include -Xcc -I/Users/clementperrousset/Library/Developer/Xcode/DerivedData/entourage-cgufxcifbbuurcdqvxkcudhwmwam/SourcePackages/checkouts/firebase-ios-sdk/FirebaseRemoteConfig/Sources/Public -Xcc -I/Users/clementperrousset/Library/Developer/Xcode/DerivedData/entourage-cgufxcifbbuurcdqvxkcudhwmwam/SourcePackages/checkouts/firebase-ios-sdk/FirebaseInstallations/Source/Library/Public -Xcc -I/Users/clementperrousset/Library/Developer/Xcode/DerivedData/entourage-cgufxcifbbuurcdqvxkcudhwmwam/SourcePackages/checkouts/firebase-ios-sdk/FirebaseABTesting/Sources/Public -Xcc -I/Users/clementperrousset/Library/Developer/Xcode/DerivedData/entourage-cgufxcifbbuurcdqvxkcudhwmwam/SourcePackages/checkouts/SVProgressHUD/SVProgressHUD/include -Xcc -I/Users/clementperrousset/Library/Developer/Xcode/DerivedData/entourage-cgufxcifbbuurcdqvxkcudhwmwam/SourcePackages/checkouts/GoogleUtilities/GoogleUtilities/NSData+zlib/Public -Xcc -I/Users/clementperrousset/Library/Developer/Xcode/DerivedData/entourage-cgufxcifbbuurcdqvxkcudhwmwam/SourcePackages/checkouts/app-check/AppCheckCore/Sources/Public -Xcc -I/Users/clementperrousset/Library/Developer/Xcode/DerivedData/entourage-cgufxcifbbuurcdqvxkcudhwmwam/SourcePackages/checkouts/promises/Sources/FBLPromises/include -Xcc -I/Users/clementperrousset/Library/Developer/Xcode/DerivedData/entourage-cgufxcifbbuurcdqvxkcudhwmwam/SourcePackages/checkouts/GoogleUtilities/GoogleUtilities/Logger/Public -Xcc -I/Users/clementperrousset/Library/Developer/Xcode/DerivedData/entourage-cgufxcifbbuurcdqvxkcudhwmwam/SourcePackages/checkouts/GoogleUtilities/GoogleUtilities/Environment/Public -Xcc -I/Users/clementperrousset/Library/Developer/Xcode/DerivedData/entourage-cgufxcifbbuurcdqvxkcudhwmwam/SourcePackages/checkouts/GoogleUtilities/third_party/IsAppEncrypted/Public -Xcc -I/Users/clementperrousset/Library/Developer/Xcode/DerivedData/entourage-cgufxcifbbuurcdqvxkcudhwmwam/SourcePackages/checkouts/GoogleUtilities/GoogleUtilities/UserDefaults/Public -Xcc -I/Users/clementperrousset/Library/Developer/Xcode/DerivedData/entourage-cgufxcifbbuurcdqvxkcudhwmwam/SourcePackages/checkouts/firebase-ios-sdk/FirebaseCore/Sources/Public -Xcc -I/Users/clementperrousset/Library/Developer/Xcode/DerivedData/entourage-cgufxcifbbuurcdqvxkcudhwmwam/SourcePackages/checkouts/firebase-ios-sdk/CoreOnly/Sources -Xcc -I/Users/clementperrousset/Library/Developer/Xcode/DerivedData/entourage-cgufxcifbbuurcdqvxkcudhwmwam/SourcePackages/checkouts/firebase-ios-sdk/FirebaseAppCheck/Interop/Public -Xcc -I/Users/clementperrousset/Library/Developer/Xcode/DerivedData/entourage-cgufxcifbbuurcdqvxkcudhwmwam/SourcePackages/checkouts/firebase-ios-sdk/FirebaseAppCheck/Sources/Public -Xcc -I/Users/clementperrousset/Library/Developer/Xcode/DerivedData/entourage-cgufxcifbbuurcdqvxkcudhwmwam/Build/Products/Debug-iphonesimulator/include -Xcc -I/Users/clementperrousset/Library/Developer/Xcode/DerivedData/entourage-cgufxcifbbuurcdqvxkcudhwmwam/Build/Intermediates.noindex/entourage.build/Debug-iphonesimulator/entourage.build/DerivedSources-normal/arm64 -Xcc -I/Users/clementperrousset/Library/Developer/Xcode/DerivedData/entourage-cgufxcifbbuurcdqvxkcudhwmwam/Build/Intermediates.noindex/entourage.build/Debug-iphonesimulator/entourage.build/DerivedSources/arm64 -Xcc -I/Users/clementperrousset/Library/Developer/Xcode/DerivedData/entourage-cgufxcifbbuurcdqvxkcudhwmwam/Build/Intermediates.noindex/entourage.build/Debug-iphonesimulator/entourage.build/DerivedSources -Xcc -DDEBUG\=1 -emit-objc-header -emit-objc-header-path /Users/clementperrousset/Library/Developer/Xcode/DerivedData/entourage-cgufxcifbbuurcdqvxkcudhwmwam/Build/Intermediates.noindex/entourage.build/Debug-iphonesimulator/entourage.build/Objects-normal/arm64/Ent_Beta-Swift.h -import-objc-header /Users/clementperrousset/Dev/entourage-ios/entourage/Settings/entourage-Bridging-Header.h -working-directory /Users/clementperrousset/Dev/entourage-ios -experimental-emit-module-separately -disable-cmo

SwiftDriverJobDiscovery normal arm64 Emitting module for Ent_Beta (in target 'entourage' from project 'entourage')

SwiftDriverJobDiscovery normal arm64 Compiling bridging header (in target 'entourage' from project 'entourage')

SwiftDriver\ Compilation\ Requirements entourage normal arm64 com.apple.xcode.tools.swift.compiler (in target 'entourage' from project 'entourage')
    cd /Users/clementperrousset/Dev/entourage-ios
    builtin-Swift-Compilation-Requirements -- /Applications/Xcode.app/Contents/Developer/Toolchains/XcodeDefault.xctoolchain/usr/bin/swiftc -module-name Ent_Beta -Onone -enforce-exclusivity\=checked @/Users/clementperrousset/Library/Developer/Xcode/DerivedData/entourage-cgufxcifbbuurcdqvxkcudhwmwam/Build/Intermediates.noindex/entourage.build/Debug-iphonesimulator/entourage.build/Objects-normal/arm64/Ent-Beta.SwiftFileList -DDEBUG -Xcc -fmodule-map-file\=/Users/clementperrousset/Library/Developer/Xcode/DerivedData/entourage-cgufxcifbbuurcdqvxkcudhwmwam/Build/Intermediates.noindex/GeneratedModuleMaps-iphonesimulator/GoogleAppMeasurementTarget.modulemap -Xcc -fmodule-map-file\=/Users/clementperrousset/Library/Developer/Xcode/DerivedData/entourage-cgufxcifbbuurcdqvxkcudhwmwam/Build/Intermediates.noindex/GeneratedModuleMaps-iphonesimulator/GoogleUtilities-MethodSwizzler.modulemap -Xcc -fmodule-map-file\=/Users/clementperrousset/Library/Developer/Xcode/DerivedData/entourage-cgufxcifbbuurcdqvxkcudhwmwam/Build/Intermediates.noindex/GeneratedModuleMaps-iphonesimulator/FirebaseAnalyticsWrapper.modulemap -Xcc -fmodule-map-file\=/Users/clementperrousset/Library/Developer/Xcode/DerivedData/entourage-cgufxcifbbuurcdqvxkcudhwmwam/Build/Intermediates.noindex/GeneratedModuleMaps-iphonesimulator/FirebaseAnalyticsTarget.modulemap -Xcc -fmodule-map-file\=/Users/clementperrousset/Library/Developer/Xcode/DerivedData/entourage-cgufxcifbbuurcdqvxkcudhwmwam/Build/Intermediates.noindex/GeneratedModuleMaps-iphonesimulator/GooglePlacesTarget.modulemap -Xcc -fmodule-map-file\=/Users/clementperrousset/Library/Developer/Xcode/DerivedData/entourage-cgufxcifbbuurcdqvxkcudhwmwam/Build/Intermediates.noindex/GeneratedModuleMaps-iphonesimulator/GoogleUtilities-Network.modulemap -Xcc -fmodule-map-file\=/Users/clementperrousset/Library/Developer/Xcode/DerivedData/entourage-cgufxcifbbuurcdqvxkcudhwmwam/Build/Intermediates.noindex/GeneratedModuleMaps-iphonesimulator/GoogleUtilities-AppDelegateSwizzler.modulemap -Xcc -fmodule-map-file\=/Users/clementperrousset/Library/Developer/Xcode/DerivedData/entourage-cgufxcifbbuurcdqvxkcudhwmwam/Build/Intermediates.noindex/GeneratedModuleMaps-iphonesimulator/GoogleUtilities-Reachability.modulemap -Xcc -fmodule-map-file\=/Users/clementperrousset/Library/Developer/Xcode/DerivedData/entourage-cgufxcifbbuurcdqvxkcudhwmwam/Build/Intermediates.noindex/GeneratedModuleMaps-iphonesimulator/FirebaseMessaging.modulemap -Xcc -fmodule-map-file\=/Users/clementperrousset/Library/Developer/Xcode/DerivedData/entourage-cgufxcifbbuurcdqvxkcudhwmwam/Build/Intermediates.noindex/GeneratedModuleMaps-iphonesimulator/nanopb.modulemap -Xcc -fmodule-map-file\=/Users/clementperrousset/Library/Developer/Xcode/DerivedData/entourage-cgufxcifbbuurcdqvxkcudhwmwam/Build/Intermediates.noindex/GeneratedModuleMaps-iphonesimulator/GoogleDataTransport.modulemap -Xcc -fmodule-map-file\=/Users/clementperrousset/Library/Developer/Xcode/DerivedData/entourage-cgufxcifbbuurcdqvxkcudhwmwam/Build/Intermediates.noindex/GeneratedModuleMaps-iphonesimulator/FirebaseSessionsObjC.modulemap -Xcc -fmodule-map-file\=/Users/clementperrousset/Library/Developer/Xcode/DerivedData/entourage-cgufxcifbbuurcdqvxkcudhwmwam/Build/Intermediates.noindex/GeneratedModuleMaps-iphonesimulator/FirebaseCoreExtension.modulemap -Xcc -fmodule-map-file\=/Users/clementperrousset/Library/Developer/Xcode/DerivedData/entourage-cgufxcifbbuurcdqvxkcudhwmwam/Build/Intermediates.noindex/GeneratedModuleMaps-iphonesimulator/FirebaseCrashlytics.modulemap -Xcc -fmodule-map-file\=/Users/clementperrousset/Library/Developer/Xcode/DerivedData/entourage-cgufxcifbbuurcdqvxkcudhwmwam/Build/Intermediates.noindex/GeneratedModuleMaps-iphonesimulator/SDWebImage.modulemap -Xcc -fmodule-map-file\=/Users/clementperrousset/Library/Developer/Xcode/DerivedData/entourage-cgufxcifbbuurcdqvxkcudhwmwam/Build/Intermediates.noindex/GeneratedModuleMaps-iphonesimulator/SDWebImageMapKit.modulemap -Xcc -fmodule-map-file\=/Users/clementperrousset/Library/Developer/Xcode/DerivedData/entourage-cgufxcifbbuurcdqvxkcudhwmwam/Build/Intermediates.noindex/GeneratedModuleMaps-iphonesimulator/SimpleKeychain.modulemap -Xcc -fmodule-map-file\=/Users/clementperrousset/Library/Developer/Xcode/DerivedData/entourage-cgufxcifbbuurcdqvxkcudhwmwam/Build/Intermediates.noindex/GeneratedModuleMaps-iphonesimulator/FirebaseRemoteConfigInternal.modulemap -Xcc -fmodule-map-file\=/Users/clementperrousset/Library/Developer/Xcode/DerivedData/entourage-cgufxcifbbuurcdqvxkcudhwmwam/Build/Intermediates.noindex/GeneratedModuleMaps-iphonesimulator/FirebaseInstallations.modulemap -Xcc -fmodule-map-file\=/Users/clementperrousset/Library/Developer/Xcode/DerivedData/entourage-cgufxcifbbuurcdqvxkcudhwmwam/Build/Intermediates.noindex/GeneratedModuleMaps-iphonesimulator/FirebaseABTesting.modulemap -Xcc -fmodule-map-file\=/Users/clementperrousset/Library/Developer/Xcode/DerivedData/entourage-cgufxcifbbuurcdqvxkcudhwmwam/Build/Intermediates.noindex/GeneratedModuleMaps-iphonesimulator/SVProgressHUD.modulemap -Xcc -fmodule-map-file\=/Users/clementperrousset/Library/Developer/Xcode/DerivedData/entourage-cgufxcifbbuurcdqvxkcudhwmwam/Build/Intermediates.noindex/GeneratedModuleMaps-iphonesimulator/GoogleUtilities-NSData.modulemap -Xcc -fmodule-map-file\=/Users/clementperrousset/Library/Developer/Xcode/DerivedData/entourage-cgufxcifbbuurcdqvxkcudhwmwam/Build/Intermediates.noindex/GeneratedModuleMaps-iphonesimulator/AppCheckCore.modulemap -Xcc -fmodule-map-file\=/Users/clementperrousset/Library/Developer/Xcode/DerivedData/entourage-cgufxcifbbuurcdqvxkcudhwmwam/Build/Intermediates.noindex/GeneratedModuleMaps-iphonesimulator/GoogleUtilities-Logger.modulemap -Xcc -fmodule-map-file\=/Users/clementperrousset/Library/Developer/Xcode/DerivedData/entourage-cgufxcifbbuurcdqvxkcudhwmwam/Build/Intermediates.noindex/GeneratedModuleMaps-iphonesimulator/GoogleUtilities-Environment.modulemap -Xcc -fmodule-map-file\=/Users/clementperrousset/Library/Developer/Xcode/DerivedData/entourage-cgufxcifbbuurcdqvxkcudhwmwam/Build/Intermediates.noindex/GeneratedModuleMaps-iphonesimulator/third-party-IsAppEncrypted.modulemap -Xcc -fmodule-map-file\=/Users/clementperrousset/Library/Developer/Xcode/DerivedData/entourage-cgufxcifbbuurcdqvxkcudhwmwam/Build/Intermediates.noindex/GeneratedModuleMaps-iphonesimulator/GoogleUtilities-UserDefaults.modulemap -Xcc -fmodule-map-file\=/Users/clementperrousset/Library/Developer/Xcode/DerivedData/entourage-cgufxcifbbuurcdqvxkcudhwmwam/Build/Intermediates.noindex/GeneratedModuleMaps-iphonesimulator/FirebaseCore.modulemap -Xcc -fmodule-map-file\=/Users/clementperrousset/Library/Developer/Xcode/DerivedData/entourage-cgufxcifbbuurcdqvxkcudhwmwam/Build/Intermediates.noindex/GeneratedModuleMaps-iphonesimulator/FirebaseAppCheckInterop.modulemap -Xcc -fmodule-map-file\=/Users/clementperrousset/Library/Developer/Xcode/DerivedData/entourage-cgufxcifbbuurcdqvxkcudhwmwam/Build/Intermediates.noindex/GeneratedModuleMaps-iphonesimulator/FirebaseAppCheck.modulemap -enable-bare-slash-regex -enable-experimental-feature DebugDescriptionMacro -sdk /Applications/Xcode.app/Contents/Developer/Platforms/iPhoneSimulator.platform/Developer/SDKs/iPhoneSimulator26.2.sdk -target arm64-apple-ios14.0-simulator -g -module-cache-path /Users/clementperrousset/Library/Developer/Xcode/DerivedData/ModuleCache.noindex -Xfrontend -serialize-debugging-options -enable-testing -index-store-path /Users/clementperrousset/Library/Developer/Xcode/DerivedData/entourage-cgufxcifbbuurcdqvxkcudhwmwam/Index.noindex/DataStore -Xcc -D_LIBCPP_HARDENING_MODE\=_LIBCPP_HARDENING_MODE_DEBUG -swift-version 5 -I /Users/clementperrousset/Library/Developer/Xcode/DerivedData/entourage-cgufxcifbbuurcdqvxkcudhwmwam/Build/Products/Debug-iphonesimulator -F /Users/clementperrousset/Library/Developer/Xcode/DerivedData/entourage-cgufxcifbbuurcdqvxkcudhwmwam/Build/Products/Debug-iphonesimulator/PackageFrameworks -F /Users/clementperrousset/Library/Developer/Xcode/DerivedData/entourage-cgufxcifbbuurcdqvxkcudhwmwam/Build/Products/Debug-iphonesimulator/PackageFrameworks -F /Users/clementperrousset/Library/Developer/Xcode/DerivedData/entourage-cgufxcifbbuurcdqvxkcudhwmwam/Build/Products/Debug-iphonesimulator/PackageFrameworks -F /Users/clementperrousset/Library/Developer/Xcode/DerivedData/entourage-cgufxcifbbuurcdqvxkcudhwmwam/Build/Products/Debug-iphonesimulator/PackageFrameworks -F /Users/clementperrousset/Library/Developer/Xcode/DerivedData/entourage-cgufxcifbbuurcdqvxkcudhwmwam/Build/Products/Debug-iphonesimulator/PackageFrameworks -F /Users/clementperrousset/Library/Developer/Xcode/DerivedData/entourage-cgufxcifbbuurcdqvxkcudhwmwam/Build/Products/Debug-iphonesimulator/PackageFrameworks -F /Users/clementperrousset/Library/Developer/Xcode/DerivedData/entourage-cgufxcifbbuurcdqvxkcudhwmwam/Build/Products/Debug-iphonesimulator/PackageFrameworks -F /Users/clementperrousset/Library/Developer/Xcode/DerivedData/entourage-cgufxcifbbuurcdqvxkcudhwmwam/Build/Products/Debug-iphonesimulator/PackageFrameworks -F /Users/clementperrousset/Library/Developer/Xcode/DerivedData/entourage-cgufxcifbbuurcdqvxkcudhwmwam/Build/Products/Debug-iphonesimulator/PackageFrameworks -F /Users/clementperrousset/Library/Developer/Xcode/DerivedData/entourage-cgufxcifbbuurcdqvxkcudhwmwam/Build/Products/Debug-iphonesimulator/PackageFrameworks -F /Users/clementperrousset/Library/Developer/Xcode/DerivedData/entourage-cgufxcifbbuurcdqvxkcudhwmwam/Build/Products/Debug-iphonesimulator/PackageFrameworks -F /Users/clementperrousset/Library/Developer/Xcode/DerivedData/entourage-cgufxcifbbuurcdqvxkcudhwmwam/Build/Products/Debug-iphonesimulator/PackageFrameworks -F /Users/clementperrousset/Library/Developer/Xcode/DerivedData/entourage-cgufxcifbbuurcdqvxkcudhwmwam/Build/Products/Debug-iphonesimulator/PackageFrameworks -F /Users/clementperrousset/Library/Developer/Xcode/DerivedData/entourage-cgufxcifbbuurcdqvxkcudhwmwam/Build/Products/Debug-iphonesimulator/PackageFrameworks -F /Users/clementperrousset/Library/Developer/Xcode/DerivedData/entourage-cgufxcifbbuurcdqvxkcudhwmwam/Build/Products/Debug-iphonesimulator/PackageFrameworks -F /Users/clementperrousset/Library/Developer/Xcode/DerivedData/entourage-cgufxcifbbuurcdqvxkcudhwmwam/Build/Products/Debug-iphonesimulator/PackageFrameworks -F /Users/clementperrousset/Library/Developer/Xcode/DerivedData/entourage-cgufxcifbbuurcdqvxkcudhwmwam/Build/Products/Debug-iphonesimulator/PackageFrameworks -F /Users/clementperrousset/Library/Developer/Xcode/DerivedData/entourage-cgufxcifbbuurcdqvxkcudhwmwam/Build/Products/Debug-iphonesimulator/PackageFrameworks -F /Users/clementperrousset/Library/Developer/Xcode/DerivedData/entourage-cgufxcifbbuurcdqvxkcudhwmwam/Build/Products/Debug-iphonesimulator/PackageFrameworks -F /Users/clementperrousset/Library/Developer/Xcode/DerivedData/entourage-cgufxcifbbuurcdqvxkcudhwmwam/Build/Products/Debug-iphonesimulator/PackageFrameworks -F /Users/clementperrousset/Library/Developer/Xcode/DerivedData/entourage-cgufxcifbbuurcdqvxkcudhwmwam/Build/Products/Debug-iphonesimulator/PackageFrameworks -F /Users/clementperrousset/Library/Developer/Xcode/DerivedData/entourage-cgufxcifbbuurcdqvxkcudhwmwam/Build/Products/Debug-iphonesimulator/PackageFrameworks -F /Users/clementperrousset/Library/Developer/Xcode/DerivedData/entourage-cgufxcifbbuurcdqvxkcudhwmwam/Build/Products/Debug-iphonesimulator/PackageFrameworks -F /Users/clementperrousset/Library/Developer/Xcode/DerivedData/entourage-cgufxcifbbuurcdqvxkcudhwmwam/Build/Products/Debug-iphonesimulator/PackageFrameworks -F /Users/clementperrousset/Library/Developer/Xcode/DerivedData/entourage-cgufxcifbbuurcdqvxkcudhwmwam/Build/Products/Debug-iphonesimulator/PackageFrameworks -F /Users/clementperrousset/Library/Developer/Xcode/DerivedData/entourage-cgufxcifbbuurcdqvxkcudhwmwam/Build/Products/Debug-iphonesimulator/PackageFrameworks -F /Users/clementperrousset/Library/Developer/Xcode/DerivedData/entourage-cgufxcifbbuurcdqvxkcudhwmwam/Build/Products/Debug-iphonesimulator/PackageFrameworks -F /Users/clementperrousset/Library/Developer/Xcode/DerivedData/entourage-cgufxcifbbuurcdqvxkcudhwmwam/Build/Products/Debug-iphonesimulator/PackageFrameworks -F /Users/clementperrousset/Library/Developer/Xcode/DerivedData/entourage-cgufxcifbbuurcdqvxkcudhwmwam/Build/Products/Debug-iphonesimulator/PackageFrameworks -F /Users/clementperrousset/Library/Developer/Xcode/DerivedData/entourage-cgufxcifbbuurcdqvxkcudhwmwam/Build/Products/Debug-iphonesimulator/PackageFrameworks -F /Users/clementperrousset/Library/Developer/Xcode/DerivedData/entourage-cgufxcifbbuurcdqvxkcudhwmwam/Build/Products/Debug-iphonesimulator/PackageFrameworks -F /Users/clementperrousset/Library/Developer/Xcode/DerivedData/entourage-cgufxcifbbuurcdqvxkcudhwmwam/Build/Products/Debug-iphonesimulator/PackageFrameworks -F /Users/clementperrousset/Library/Developer/Xcode/DerivedData/entourage-cgufxcifbbuurcdqvxkcudhwmwam/Build/Products/Debug-iphonesimulator/PackageFrameworks -F /Users/clementperrousset/Library/Developer/Xcode/DerivedData/entourage-cgufxcifbbuurcdqvxkcudhwmwam/Build/Products/Debug-iphonesimulator/PackageFrameworks -F /Users/clementperrousset/Library/Developer/Xcode/DerivedData/entourage-cgufxcifbbuurcdqvxkcudhwmwam/Build/Products/Debug-iphonesimulator/PackageFrameworks -F /Users/clementperrousset/Library/Developer/Xcode/DerivedData/entourage-cgufxcifbbuurcdqvxkcudhwmwam/Build/Products/Debug-iphonesimulator/PackageFrameworks -F /Users/clementperrousset/Library/Developer/Xcode/DerivedData/entourage-cgufxcifbbuurcdqvxkcudhwmwam/Build/Products/Debug-iphonesimulator/PackageFrameworks -F /Users/clementperrousset/Library/Developer/Xcode/DerivedData/entourage-cgufxcifbbuurcdqvxkcudhwmwam/Build/Products/Debug-iphonesimulator/PackageFrameworks -F /Users/clementperrousset/Library/Developer/Xcode/DerivedData/entourage-cgufxcifbbuurcdqvxkcudhwmwam/Build/Products/Debug-iphonesimulator/PackageFrameworks -F /Users/clementperrousset/Library/Developer/Xcode/DerivedData/entourage-cgufxcifbbuurcdqvxkcudhwmwam/Build/Products/Debug-iphonesimulator/PackageFrameworks -F /Users/clementperrousset/Library/Developer/Xcode/DerivedData/entourage-cgufxcifbbuurcdqvxkcudhwmwam/Build/Products/Debug-iphonesimulator/PackageFrameworks -F /Users/clementperrousset/Library/Developer/Xcode/DerivedData/entourage-cgufxcifbbuurcdqvxkcudhwmwam/Build/Products/Debug-iphonesimulator/PackageFrameworks -F /Users/clementperrousset/Library/Developer/Xcode/DerivedData/entourage-cgufxcifbbuurcdqvxkcudhwmwam/Build/Products/Debug-iphonesimulator/PackageFrameworks -F /Users/clementperrousset/Library/Developer/Xcode/DerivedData/entourage-cgufxcifbbuurcdqvxkcudhwmwam/Build/Products/Debug-iphonesimulator/PackageFrameworks -F /Users/clementperrousset/Library/Developer/Xcode/DerivedData/entourage-cgufxcifbbuurcdqvxkcudhwmwam/Build/Products/Debug-iphonesimulator -emit-localized-strings -emit-localized-strings-path /Users/clementperrousset/Library/Developer/Xcode/DerivedData/entourage-cgufxcifbbuurcdqvxkcudhwmwam/Build/Intermediates.noindex/entourage.build/Debug-iphonesimulator/entourage.build/Objects-normal/arm64 -c -j10 -enable-batch-mode -incremental -Xcc -ivfsstatcache -Xcc /Users/clementperrousset/Library/Developer/Xcode/DerivedData/SDKStatCaches.noindex/iphonesimulator26.2-23C53-7d00a8b37fbd7999ea79df8ebc024bf0.sdkstatcache -output-file-map /Users/clementperrousset/Library/Developer/Xcode/DerivedData/entourage-cgufxcifbbuurcdqvxkcudhwmwam/Build/Intermediates.noindex/entourage.build/Debug-iphonesimulator/entourage.build/Objects-normal/arm64/entourage-OutputFileMap.json -use-frontend-parseable-output -save-temps -no-color-diagnostics -explicit-module-build -module-cache-path /Users/clementperrousset/Library/Developer/Xcode/DerivedData/entourage-cgufxcifbbuurcdqvxkcudhwmwam/Build/Intermediates.noindex/SwiftExplicitPrecompiledModules -clang-scanner-module-cache-path /Users/clementperrousset/Library/Developer/Xcode/DerivedData/ModuleCache.noindex -sdk-module-cache-path /Users/clementperrousset/Library/Developer/Xcode/DerivedData/ModuleCache.noindex -serialize-diagnostics -emit-dependencies -emit-module -emit-module-path /Users/clementperrousset/Library/Developer/Xcode/DerivedData/entourage-cgufxcifbbuurcdqvxkcudhwmwam/Build/Intermediates.noindex/entourage.build/Debug-iphonesimulator/entourage.build/Objects-normal/arm64/Ent_Beta.swiftmodule -validate-clang-modules-once -clang-build-session-file /Users/clementperrousset/Library/Developer/Xcode/DerivedData/ModuleCache.noindex/Session.modulevalidation -Xcc -I/Users/clementperrousset/Library/Developer/Xcode/DerivedData/entourage-cgufxcifbbuurcdqvxkcudhwmwam/Build/Intermediates.noindex/entourage.build/Debug-iphonesimulator/entourage.build/swift-overrides.hmap -emit-const-values -Xfrontend -const-gather-protocols-file -Xfrontend /Users/clementperrousset/Library/Developer/Xcode/DerivedData/entourage-cgufxcifbbuurcdqvxkcudhwmwam/Build/Intermediates.noindex/entourage.build/Debug-iphonesimulator/entourage.build/Objects-normal/arm64/entourage_const_extract_protocols.json -Xcc -iquote -Xcc /Users/clementperrousset/Library/Developer/Xcode/DerivedData/entourage-cgufxcifbbuurcdqvxkcudhwmwam/Build/Intermediates.noindex/entourage.build/Debug-iphonesimulator/entourage.build/Ent-Beta-generated-files.hmap -Xcc -I/Users/clementperrousset/Library/Developer/Xcode/DerivedData/entourage-cgufxcifbbuurcdqvxkcudhwmwam/Build/Intermediates.noindex/entourage.build/Debug-iphonesimulator/entourage.build/Ent-Beta-own-target-headers.hmap -Xcc -I/Users/clementperrousset/Library/Developer/Xcode/DerivedData/entourage-cgufxcifbbuurcdqvxkcudhwmwam/Build/Intermediates.noindex/entourage.build/Debug-iphonesimulator/entourage.build/Ent-Beta-all-non-framework-target-headers.hmap -Xcc -ivfsoverlay -Xcc /Users/clementperrousset/Library/Developer/Xcode/DerivedData/entourage-cgufxcifbbuurcdqvxkcudhwmwam/Build/Intermediates.noindex/entourage.build/Debug-iphonesimulator/entourage-70680f5a6599977dbad6674f82eeda54-VFS-iphonesimulator/all-product-headers.yaml -Xcc -iquote -Xcc /Users/clementperrousset/Library/Developer/Xcode/DerivedData/entourage-cgufxcifbbuurcdqvxkcudhwmwam/Build/Intermediates.noindex/entourage.build/Debug-iphonesimulator/entourage.build/Ent-Beta-project-headers.hmap -Xcc -I/Users/clementperrousset/Library/Developer/Xcode/DerivedData/entourage-cgufxcifbbuurcdqvxkcudhwmwam/SourcePackages/checkouts/GoogleAppMeasurement/GoogleAppMeasurementWrapper/include -Xcc -I/Users/clementperrousset/Library/Developer/Xcode/DerivedData/entourage-cgufxcifbbuurcdqvxkcudhwmwam/SourcePackages/checkouts/GoogleUtilities/GoogleUtilities/MethodSwizzler/Public -Xcc -I/Users/clementperrousset/Library/Developer/Xcode/DerivedData/entourage-cgufxcifbbuurcdqvxkcudhwmwam/SourcePackages/checkouts/firebase-ios-sdk/FirebaseAnalyticsWrapper/include -Xcc -I/Users/clementperrousset/Library/Developer/Xcode/DerivedData/entourage-cgufxcifbbuurcdqvxkcudhwmwam/SourcePackages/checkouts/firebase-ios-sdk/SwiftPM-PlatformExclude/FirebaseAnalyticsWrap/include -Xcc -I/Users/clementperrousset/Library/Developer/Xcode/DerivedData/entourage-cgufxcifbbuurcdqvxkcudhwmwam/SourcePackages/checkouts/ios-places-sdk/Places/Sources -Xcc -I/Users/clementperrousset/Library/Developer/Xcode/DerivedData/entourage-cgufxcifbbuurcdqvxkcudhwmwam/SourcePackages/checkouts/GoogleUtilities/GoogleUtilities/Network/Public -Xcc -I/Users/clementperrousset/Library/Developer/Xcode/DerivedData/entourage-cgufxcifbbuurcdqvxkcudhwmwam/SourcePackages/checkouts/GoogleUtilities/GoogleUtilities/AppDelegateSwizzler/Public -Xcc -I/Users/clementperrousset/Library/Developer/Xcode/DerivedData/entourage-cgufxcifbbuurcdqvxkcudhwmwam/SourcePackages/checkouts/GoogleUtilities/GoogleUtilities/Reachability/Public -Xcc -I/Users/clementperrousset/Library/Developer/Xcode/DerivedData/entourage-cgufxcifbbuurcdqvxkcudhwmwam/SourcePackages/checkouts/firebase-ios-sdk/FirebaseMessaging/Sources/Public -Xcc -I/Users/clementperrousset/Library/Developer/Xcode/DerivedData/entourage-cgufxcifbbuurcdqvxkcudhwmwam/SourcePackages/checkouts/nanopb/spm_headers -Xcc -I/Users/clementperrousset/Library/Developer/Xcode/DerivedData/entourage-cgufxcifbbuurcdqvxkcudhwmwam/SourcePackages/checkouts/GoogleDataTransport/GoogleDataTransport/GDTCORLibrary/Public -Xcc -I/Users/clementperrousset/Library/Developer/Xcode/DerivedData/entourage-cgufxcifbbuurcdqvxkcudhwmwam/SourcePackages/checkouts/firebase-ios-sdk/FirebaseSessions/SourcesObjC -Xcc -I/Users/clementperrousset/Library/Developer/Xcode/DerivedData/entourage-cgufxcifbbuurcdqvxkcudhwmwam/SourcePackages/checkouts/firebase-ios-sdk/FirebaseCore/Extension -Xcc -I/Users/clementperrousset/Library/Developer/Xcode/DerivedData/entourage-cgufxcifbbuurcdqvxkcudhwmwam/SourcePackages/checkouts/firebase-ios-sdk/Crashlytics/Crashlytics/Public -Xcc -I/Users/clementperrousset/Library/Developer/Xcode/DerivedData/entourage-cgufxcifbbuurcdqvxkcudhwmwam/SourcePackages/checkouts/SDWebImage/SDWebImage/include -Xcc -I/Users/clementperrousset/Library/Developer/Xcode/DerivedData/entourage-cgufxcifbbuurcdqvxkcudhwmwam/SourcePackages/checkouts/SDWebImage/SDWebImageMapKit/include -Xcc -I/Users/clementperrousset/Library/Developer/Xcode/DerivedData/entourage-cgufxcifbbuurcdqvxkcudhwmwam/SourcePackages/checkouts/SimpleKeychain/SimpleKeychain/include -Xcc -I/Users/clementperrousset/Library/Developer/Xcode/DerivedData/entourage-cgufxcifbbuurcdqvxkcudhwmwam/SourcePackages/checkouts/firebase-ios-sdk/FirebaseRemoteConfig/Sources/Public -Xcc -I/Users/clementperrousset/Library/Developer/Xcode/DerivedData/entourage-cgufxcifbbuurcdqvxkcudhwmwam/SourcePackages/checkouts/firebase-ios-sdk/FirebaseInstallations/Source/Library/Public -Xcc -I/Users/clementperrousset/Library/Developer/Xcode/DerivedData/entourage-cgufxcifbbuurcdqvxkcudhwmwam/SourcePackages/checkouts/firebase-ios-sdk/FirebaseABTesting/Sources/Public -Xcc -I/Users/clementperrousset/Library/Developer/Xcode/DerivedData/entourage-cgufxcifbbuurcdqvxkcudhwmwam/SourcePackages/checkouts/SVProgressHUD/SVProgressHUD/include -Xcc -I/Users/clementperrousset/Library/Developer/Xcode/DerivedData/entourage-cgufxcifbbuurcdqvxkcudhwmwam/SourcePackages/checkouts/GoogleUtilities/GoogleUtilities/NSData+zlib/Public -Xcc -I/Users/clementperrousset/Library/Developer/Xcode/DerivedData/entourage-cgufxcifbbuurcdqvxkcudhwmwam/SourcePackages/checkouts/app-check/AppCheckCore/Sources/Public -Xcc -I/Users/clementperrousset/Library/Developer/Xcode/DerivedData/entourage-cgufxcifbbuurcdqvxkcudhwmwam/SourcePackages/checkouts/promises/Sources/FBLPromises/include -Xcc -I/Users/clementperrousset/Library/Developer/Xcode/DerivedData/entourage-cgufxcifbbuurcdqvxkcudhwmwam/SourcePackages/checkouts/GoogleUtilities/GoogleUtilities/Logger/Public -Xcc -I/Users/clementperrousset/Library/Developer/Xcode/DerivedData/entourage-cgufxcifbbuurcdqvxkcudhwmwam/SourcePackages/checkouts/GoogleUtilities/GoogleUtilities/Environment/Public -Xcc -I/Users/clementperrousset/Library/Developer/Xcode/DerivedData/entourage-cgufxcifbbuurcdqvxkcudhwmwam/SourcePackages/checkouts/GoogleUtilities/third_party/IsAppEncrypted/Public -Xcc -I/Users/clementperrousset/Library/Developer/Xcode/DerivedData/entourage-cgufxcifbbuurcdqvxkcudhwmwam/SourcePackages/checkouts/GoogleUtilities/GoogleUtilities/UserDefaults/Public -Xcc -I/Users/clementperrousset/Library/Developer/Xcode/DerivedData/entourage-cgufxcifbbuurcdqvxkcudhwmwam/SourcePackages/checkouts/firebase-ios-sdk/FirebaseCore/Sources/Public -Xcc -I/Users/clementperrousset/Library/Developer/Xcode/DerivedData/entourage-cgufxcifbbuurcdqvxkcudhwmwam/SourcePackages/checkouts/firebase-ios-sdk/CoreOnly/Sources -Xcc -I/Users/clementperrousset/Library/Developer/Xcode/DerivedData/entourage-cgufxcifbbuurcdqvxkcudhwmwam/SourcePackages/checkouts/firebase-ios-sdk/FirebaseAppCheck/Interop/Public -Xcc -I/Users/clementperrousset/Library/Developer/Xcode/DerivedData/entourage-cgufxcifbbuurcdqvxkcudhwmwam/SourcePackages/checkouts/firebase-ios-sdk/FirebaseAppCheck/Sources/Public -Xcc -I/Users/clementperrousset/Library/Developer/Xcode/DerivedData/entourage-cgufxcifbbuurcdqvxkcudhwmwam/Build/Products/Debug-iphonesimulator/include -Xcc -I/Users/clementperrousset/Library/Developer/Xcode/DerivedData/entourage-cgufxcifbbuurcdqvxkcudhwmwam/Build/Intermediates.noindex/entourage.build/Debug-iphonesimulator/entourage.build/DerivedSources-normal/arm64 -Xcc -I/Users/clementperrousset/Library/Developer/Xcode/DerivedData/entourage-cgufxcifbbuurcdqvxkcudhwmwam/Build/Intermediates.noindex/entourage.build/Debug-iphonesimulator/entourage.build/DerivedSources/arm64 -Xcc -I/Users/clementperrousset/Library/Developer/Xcode/DerivedData/entourage-cgufxcifbbuurcdqvxkcudhwmwam/Build/Intermediates.noindex/entourage.build/Debug-iphonesimulator/entourage.build/DerivedSources -Xcc -DDEBUG\=1 -emit-objc-header -emit-objc-header-path /Users/clementperrousset/Library/Developer/Xcode/DerivedData/entourage-cgufxcifbbuurcdqvxkcudhwmwam/Build/Intermediates.noindex/entourage.build/Debug-iphonesimulator/entourage.build/Objects-normal/arm64/Ent_Beta-Swift.h -import-objc-header /Users/clementperrousset/Dev/entourage-ios/entourage/Settings/entourage-Bridging-Header.h -working-directory /Users/clementperrousset/Dev/entourage-ios -experimental-emit-module-separately -disable-cmo

Ld /Users/clementperrousset/Library/Developer/Xcode/DerivedData/entourage-cgufxcifbbuurcdqvxkcudhwmwam/Build/Intermediates.noindex/entourage.build/Debug-iphonesimulator/entourage.build/Objects-normal/arm64/Binary/Ent-Beta.debug.dylib normal arm64 (in target 'entourage' from project 'entourage')
    cd /Users/clementperrousset/Dev/entourage-ios
    /Applications/Xcode.app/Contents/Developer/Toolchains/XcodeDefault.xctoolchain/usr/bin/clang -Xlinker -reproducible -target arm64-apple-ios14.0-simulator -dynamiclib -isysroot /Applications/Xcode.app/Contents/Developer/Platforms/iPhoneSimulator.platform/Developer/SDKs/iPhoneSimulator26.2.sdk -O0 -L/Users/clementperrousset/Library/Developer/Xcode/DerivedData/entourage-cgufxcifbbuurcdqvxkcudhwmwam/Build/Intermediates.noindex/EagerLinkingTBDs/Debug-iphonesimulator -L/Users/clementperrousset/Library/Developer/Xcode/DerivedData/entourage-cgufxcifbbuurcdqvxkcudhwmwam/Build/Products/Debug-iphonesimulator -F/Users/clementperrousset/Library/Developer/Xcode/DerivedData/entourage-cgufxcifbbuurcdqvxkcudhwmwam/Build/Intermediates.noindex/EagerLinkingTBDs/Debug-iphonesimulator -F/Users/clementperrousset/Library/Developer/Xcode/DerivedData/entourage-cgufxcifbbuurcdqvxkcudhwmwam/Build/Products/Debug-iphonesimulator/PackageFrameworks -F/Users/clementperrousset/Library/Developer/Xcode/DerivedData/entourage-cgufxcifbbuurcdqvxkcudhwmwam/Build/Products/Debug-iphonesimulator/PackageFrameworks -F/Users/clementperrousset/Library/Developer/Xcode/DerivedData/entourage-cgufxcifbbuurcdqvxkcudhwmwam/Build/Products/Debug-iphonesimulator/PackageFrameworks -F/Users/clementperrousset/Library/Developer/Xcode/DerivedData/entourage-cgufxcifbbuurcdqvxkcudhwmwam/Build/Products/Debug-iphonesimulator/PackageFrameworks -F/Users/clementperrousset/Library/Developer/Xcode/DerivedData/entourage-cgufxcifbbuurcdqvxkcudhwmwam/Build/Products/Debug-iphonesimulator/PackageFrameworks -F/Users/clementperrousset/Library/Developer/Xcode/DerivedData/entourage-cgufxcifbbuurcdqvxkcudhwmwam/Build/Products/Debug-iphonesimulator/PackageFrameworks -F/Users/clementperrousset/Library/Developer/Xcode/DerivedData/entourage-cgufxcifbbuurcdqvxkcudhwmwam/Build/Products/Debug-iphonesimulator/PackageFrameworks -F/Users/clementperrousset/Library/Developer/Xcode/DerivedData/entourage-cgufxcifbbuurcdqvxkcudhwmwam/Build/Products/Debug-iphonesimulator/PackageFrameworks -F/Users/clementperrousset/Library/Developer/Xcode/DerivedData/entourage-cgufxcifbbuurcdqvxkcudhwmwam/Build/Products/Debug-iphonesimulator/PackageFrameworks -F/Users/clementperrousset/Library/Developer/Xcode/DerivedData/entourage-cgufxcifbbuurcdqvxkcudhwmwam/Build/Products/Debug-iphonesimulator/PackageFrameworks -F/Users/clementperrousset/Library/Developer/Xcode/DerivedData/entourage-cgufxcifbbuurcdqvxkcudhwmwam/Build/Products/Debug-iphonesimulator/PackageFrameworks -F/Users/clementperrousset/Library/Developer/Xcode/DerivedData/entourage-cgufxcifbbuurcdqvxkcudhwmwam/Build/Products/Debug-iphonesimulator/PackageFrameworks -F/Users/clementperrousset/Library/Developer/Xcode/DerivedData/entourage-cgufxcifbbuurcdqvxkcudhwmwam/Build/Products/Debug-iphonesimulator/PackageFrameworks -F/Users/clementperrousset/Library/Developer/Xcode/DerivedData/entourage-cgufxcifbbuurcdqvxkcudhwmwam/Build/Products/Debug-iphonesimulator/PackageFrameworks -F/Users/clementperrousset/Library/Developer/Xcode/DerivedData/entourage-cgufxcifbbuurcdqvxkcudhwmwam/Build/Products/Debug-iphonesimulator/PackageFrameworks -F/Users/clementperrousset/Library/Developer/Xcode/DerivedData/entourage-cgufxcifbbuurcdqvxkcudhwmwam/Build/Products/Debug-iphonesimulator/PackageFrameworks -F/Users/clementperrousset/Library/Developer/Xcode/DerivedData/entourage-cgufxcifbbuurcdqvxkcudhwmwam/Build/Products/Debug-iphonesimulator/PackageFrameworks -F/Users/clementperrousset/Library/Developer/Xcode/DerivedData/entourage-cgufxcifbbuurcdqvxkcudhwmwam/Build/Products/Debug-iphonesimulator/PackageFrameworks -F/Users/clementperrousset/Library/Developer/Xcode/DerivedData/entourage-cgufxcifbbuurcdqvxkcudhwmwam/Build/Products/Debug-iphonesimulator/PackageFrameworks -F/Users/clementperrousset/Library/Developer/Xcode/DerivedData/entourage-cgufxcifbbuurcdqvxkcudhwmwam/Build/Products/Debug-iphonesimulator/PackageFrameworks -F/Users/clementperrousset/Library/Developer/Xcode/DerivedData/entourage-cgufxcifbbuurcdqvxkcudhwmwam/Build/Products/Debug-iphonesimulator/PackageFrameworks -F/Users/clementperrousset/Library/Developer/Xcode/DerivedData/entourage-cgufxcifbbuurcdqvxkcudhwmwam/Build/Products/Debug-iphonesimulator/PackageFrameworks -F/Users/clementperrousset/Library/Developer/Xcode/DerivedData/entourage-cgufxcifbbuurcdqvxkcudhwmwam/Build/Products/Debug-iphonesimulator/PackageFrameworks -F/Users/clementperrousset/Library/Developer/Xcode/DerivedData/entourage-cgufxcifbbuurcdqvxkcudhwmwam/Build/Products/Debug-iphonesimulator/PackageFrameworks -F/Users/clementperrousset/Library/Developer/Xcode/DerivedData/entourage-cgufxcifbbuurcdqvxkcudhwmwam/Build/Products/Debug-iphonesimulator/PackageFrameworks -F/Users/clementperrousset/Library/Developer/Xcode/DerivedData/entourage-cgufxcifbbuurcdqvxkcudhwmwam/Build/Products/Debug-iphonesimulator/PackageFrameworks -F/Users/clementperrousset/Library/Developer/Xcode/DerivedData/entourage-cgufxcifbbuurcdqvxkcudhwmwam/Build/Products/Debug-iphonesimulator/PackageFrameworks -F/Users/clementperrousset/Library/Developer/Xcode/DerivedData/entourage-cgufxcifbbuurcdqvxkcudhwmwam/Build/Products/Debug-iphonesimulator/PackageFrameworks -F/Users/clementperrousset/Library/Developer/Xcode/DerivedData/entourage-cgufxcifbbuurcdqvxkcudhwmwam/Build/Products/Debug-iphonesimulator/PackageFrameworks -F/Users/clementperrousset/Library/Developer/Xcode/DerivedData/entourage-cgufxcifbbuurcdqvxkcudhwmwam/Build/Products/Debug-iphonesimulator/PackageFrameworks -F/Users/clementperrousset/Library/Developer/Xcode/DerivedData/entourage-cgufxcifbbuurcdqvxkcudhwmwam/Build/Products/Debug-iphonesimulator/PackageFrameworks -F/Users/clementperrousset/Library/Developer/Xcode/DerivedData/entourage-cgufxcifbbuurcdqvxkcudhwmwam/Build/Products/Debug-iphonesimulator/PackageFrameworks -F/Users/clementperrousset/Library/Developer/Xcode/DerivedData/entourage-cgufxcifbbuurcdqvxkcudhwmwam/Build/Products/Debug-iphonesimulator/PackageFrameworks -F/Users/clementperrousset/Library/Developer/Xcode/DerivedData/entourage-cgufxcifbbuurcdqvxkcudhwmwam/Build/Products/Debug-iphonesimulator/PackageFrameworks -F/Users/clementperrousset/Library/Developer/Xcode/DerivedData/entourage-cgufxcifbbuurcdqvxkcudhwmwam/Build/Products/Debug-iphonesimulator/PackageFrameworks -F/Users/clementperrousset/Library/Developer/Xcode/DerivedData/entourage-cgufxcifbbuurcdqvxkcudhwmwam/Build/Products/Debug-iphonesimulator/PackageFrameworks -F/Users/clementperrousset/Library/Developer/Xcode/DerivedData/entourage-cgufxcifbbuurcdqvxkcudhwmwam/Build/Products/Debug-iphonesimulator/PackageFrameworks -F/Users/clementperrousset/Library/Developer/Xcode/DerivedData/entourage-cgufxcifbbuurcdqvxkcudhwmwam/Build/Products/Debug-iphonesimulator/PackageFrameworks -F/Users/clementperrousset/Library/Developer/Xcode/DerivedData/entourage-cgufxcifbbuurcdqvxkcudhwmwam/Build/Products/Debug-iphonesimulator/PackageFrameworks -F/Users/clementperrousset/Library/Developer/Xcode/DerivedData/entourage-cgufxcifbbuurcdqvxkcudhwmwam/Build/Products/Debug-iphonesimulator/PackageFrameworks -F/Users/clementperrousset/Library/Developer/Xcode/DerivedData/entourage-cgufxcifbbuurcdqvxkcudhwmwam/Build/Products/Debug-iphonesimulator/PackageFrameworks -F/Users/clementperrousset/Library/Developer/Xcode/DerivedData/entourage-cgufxcifbbuurcdqvxkcudhwmwam/Build/Products/Debug-iphonesimulator/PackageFrameworks -F/Users/clementperrousset/Library/Developer/Xcode/DerivedData/entourage-cgufxcifbbuurcdqvxkcudhwmwam/Build/Products/Debug-iphonesimulator/PackageFrameworks -F/Users/clementperrousset/Library/Developer/Xcode/DerivedData/entourage-cgufxcifbbuurcdqvxkcudhwmwam/Build/Products/Debug-iphonesimulator/PackageFrameworks -F/Users/clementperrousset/Library/Developer/Xcode/DerivedData/entourage-cgufxcifbbuurcdqvxkcudhwmwam/Build/Products/Debug-iphonesimulator -filelist /Users/clementperrousset/Library/Developer/Xcode/DerivedData/entourage-cgufxcifbbuurcdqvxkcudhwmwam/Build/Intermediates.noindex/entourage.build/Debug-iphonesimulator/entourage.build/Objects-normal/arm64/Ent-Beta.LinkFileList -install_name @rpath/Ent-Beta.debug.dylib -Xlinker -rpath -Xlinker /usr/lib/swift -Xlinker -rpath -Xlinker /Users/clementperrousset/Library/Developer/Xcode/DerivedData/entourage-cgufxcifbbuurcdqvxkcudhwmwam/Build/Products/Debug-iphonesimulator/PackageFrameworks -Xlinker -rpath -Xlinker @executable_path/Frameworks -dead_strip -Xlinker -object_path_lto -Xlinker /Users/clementperrousset/Library/Developer/Xcode/DerivedData/entourage-cgufxcifbbuurcdqvxkcudhwmwam/Build/Intermediates.noindex/entourage.build/Debug-iphonesimulator/entourage.build/Objects-normal/arm64/Ent-Beta_lto.o -rdynamic -Xlinker -no_deduplicate -Xlinker -objc_abi_version -Xlinker 2 -Xlinker -dependency_info -Xlinker /Users/clementperrousset/Library/Developer/Xcode/DerivedData/entourage-cgufxcifbbuurcdqvxkcudhwmwam/Build/Intermediates.noindex/entourage.build/Debug-iphonesimulator/entourage.build/Objects-normal/arm64/Ent-Beta_dependency_info.dat -fobjc-arc -fobjc-link-runtime -L/Applications/Xcode.app/Contents/Developer/Toolchains/XcodeDefault.xctoolchain/usr/lib/swift/iphonesimulator -L/usr/lib/swift -Xlinker -add_ast_path -Xlinker /Users/clementperrousset/Library/Developer/Xcode/DerivedData/entourage-cgufxcifbbuurcdqvxkcudhwmwam/Build/Intermediates.noindex/entourage.build/Debug-iphonesimulator/entourage.build/Objects-normal/arm64/Ent_Beta.swiftmodule @/Users/clementperrousset/Library/Developer/Xcode/DerivedData/entourage-cgufxcifbbuurcdqvxkcudhwmwam/Build/Intermediates.noindex/entourage.build/Debug-iphonesimulator/entourage.build/Objects-normal/arm64/Ent_Beta-linker-args.resp -Wl,-no_warn_duplicate_libraries -Wl,-no_warn_duplicate_libraries -Wl,-no_warn_duplicate_libraries -Wl,-no_warn_duplicate_libraries -Wl,-no_warn_duplicate_libraries -Wl,-no_warn_duplicate_libraries -Wl,-no_warn_duplicate_libraries -Wl,-no_warn_duplicate_libraries -Wl,-no_warn_duplicate_libraries -Wl,-no_warn_duplicate_libraries -Wl,-no_warn_duplicate_libraries -Wl,-no_warn_duplicate_libraries -Wl,-no_warn_duplicate_libraries -Wl,-no_warn_duplicate_libraries -Wl,-no_warn_duplicate_libraries -Wl,-no_warn_duplicate_libraries -lc++ -Wl,-no_warn_duplicate_libraries -Wl,-no_warn_duplicate_libraries -Wl,-no_warn_duplicate_libraries -Wl,-no_warn_duplicate_libraries -Wl,-no_warn_duplicate_libraries -Wl,-no_warn_duplicate_libraries -Wl,-no_warn_duplicate_libraries -Wl,-no_warn_duplicate_libraries -Wl,-no_warn_duplicate_libraries -Wl,-no_warn_duplicate_libraries -Wl,-no_warn_duplicate_libraries -Wl,-no_warn_duplicate_libraries -Wl,-no_warn_duplicate_libraries -Wl,-no_warn_duplicate_libraries -Wl,-no_warn_duplicate_libraries -Wl,-no_warn_duplicate_libraries -Wl,-no_warn_duplicate_libraries -Wl,-no_warn_duplicate_libraries -Wl,-no_warn_duplicate_libraries -Wl,-no_warn_duplicate_libraries -Wl,-no_warn_duplicate_libraries -Wl,-no_warn_duplicate_libraries -Wl,-no_warn_duplicate_libraries -Wl,-no_warn_duplicate_libraries -Wl,-no_warn_duplicate_libraries -Wl,-no_warn_duplicate_libraries -Wl,-no_warn_duplicate_libraries -Wl,-no_warn_duplicate_libraries -framework DeviceCheck -framework UIKit -framework DeviceCheck -lz -framework Security -framework Security -framework SystemConfiguration -framework Security -framework SystemConfiguration -framework Security -framework SystemConfiguration -framework SystemConfiguration -framework CoreTelephony -framework SystemConfiguration -framework CoreGraphics -framework CoreLocation -framework CoreText -framework QuartzCore -framework Security -framework UIKit -lc++ -lz -framework StoreKit -lsqlite3 -lc++ -lz -framework StoreKit -lsqlite3 -lc++ -lz -Xlinker -alias -Xlinker _main -Xlinker ___debug_main_executable_dylib_entry_point -framework FirebaseAnalytics -framework GoogleAppMeasurementIdentitySupport -framework GoogleAppMeasurement /Users/clementperrousset/Library/Developer/Xcode/DerivedData/entourage-cgufxcifbbuurcdqvxkcudhwmwam/Build/Products/Debug-iphonesimulator/GooglePlaces.a -Xlinker -no_adhoc_codesign -o /Users/clementperrousset/Library/Developer/Xcode/DerivedData/entourage-cgufxcifbbuurcdqvxkcudhwmwam/Build/Intermediates.noindex/entourage.build/Debug-iphonesimulator/entourage.build/Objects-normal/arm64/Binary/Ent-Beta.debug.dylib -Xlinker -add_ast_path -Xlinker /Users/clementperrousset/Library/Developer/Xcode/DerivedData/entourage-cgufxcifbbuurcdqvxkcudhwmwam/Build/Intermediates.noindex/Firebase.build/Debug-iphonesimulator/FirebaseCoreInternal.build/Objects-normal/arm64/FirebaseCoreInternal.swiftmodule @/Users/clementperrousset/Library/Developer/Xcode/DerivedData/entourage-cgufxcifbbuurcdqvxkcudhwmwam/Build/Intermediates.noindex/Firebase.build/Debug-iphonesimulator/FirebaseCoreInternal.build/Objects-normal/arm64/FirebaseCoreInternal-linker-args.resp -Xlinker -add_ast_path -Xlinker /Users/clementperrousset/Library/Developer/Xcode/DerivedData/entourage-cgufxcifbbuurcdqvxkcudhwmwam/Build/Intermediates.noindex/Promises.build/Debug-iphonesimulator/Promises.build/Objects-normal/arm64/Promises.swiftmodule @/Users/clementperrousset/Library/Developer/Xcode/DerivedData/entourage-cgufxcifbbuurcdqvxkcudhwmwam/Build/Intermediates.noindex/Promises.build/Debug-iphonesimulator/Promises.build/Objects-normal/arm64/Promises-linker-args.resp -Xlinker -add_ast_path -Xlinker /Users/clementperrousset/Library/Developer/Xcode/DerivedData/entourage-cgufxcifbbuurcdqvxkcudhwmwam/Build/Intermediates.noindex/Firebase.build/Debug-iphonesimulator/FirebaseSessions.build/Objects-normal/arm64/FirebaseSessions.swiftmodule @/Users/clementperrousset/Library/Developer/Xcode/DerivedData/entourage-cgufxcifbbuurcdqvxkcudhwmwam/Build/Intermediates.noindex/Firebase.build/Debug-iphonesimulator/FirebaseSessions.build/Objects-normal/arm64/FirebaseSessions-linker-args.resp -Xlinker -add_ast_path -Xlinker /Users/clementperrousset/Library/Developer/Xcode/DerivedData/entourage-cgufxcifbbuurcdqvxkcudhwmwam/Build/Intermediates.noindex/Firebase.build/Debug-iphonesimulator/FirebaseRemoteConfigInterop.build/Objects-normal/arm64/FirebaseRemoteConfigInterop.swiftmodule @/Users/clementperrousset/Library/Developer/Xcode/DerivedData/entourage-cgufxcifbbuurcdqvxkcudhwmwam/Build/Intermediates.noindex/Firebase.build/Debug-iphonesimulator/FirebaseRemoteConfigInterop.build/Objects-normal/arm64/FirebaseRemoteConfigInterop-linker-args.resp -Xlinker -add_ast_path -Xlinker /Users/clementperrousset/Library/Developer/Xcode/DerivedData/entourage-cgufxcifbbuurcdqvxkcudhwmwam/Build/Intermediates.noindex/Firebase.build/Debug-iphonesimulator/FirebaseCrashlyticsSwift.build/Objects-normal/arm64/FirebaseCrashlyticsSwift.swiftmodule @/Users/clementperrousset/Library/Developer/Xcode/DerivedData/entourage-cgufxcifbbuurcdqvxkcudhwmwam/Build/Intermediates.noindex/Firebase.build/Debug-iphonesimulator/FirebaseCrashlyticsSwift.build/Objects-normal/arm64/FirebaseCrashlyticsSwift-linker-args.resp -Xlinker -add_ast_path -Xlinker /Users/clementperrousset/Library/Developer/Xcode/DerivedData/entourage-cgufxcifbbuurcdqvxkcudhwmwam/Build/Intermediates.noindex/Nantes.build/Debug-iphonesimulator/Nantes.build/Objects-normal/arm64/Nantes.swiftmodule @/Users/clementperrousset/Library/Developer/Xcode/DerivedData/entourage-cgufxcifbbuurcdqvxkcudhwmwam/Build/Intermediates.noindex/Nantes.build/Debug-iphonesimulator/Nantes.build/Objects-normal/arm64/Nantes-linker-args.resp -Xlinker -add_ast_path -Xlinker /Users/clementperrousset/Library/Developer/Xcode/DerivedData/entourage-cgufxcifbbuurcdqvxkcudhwmwam/Build/Intermediates.noindex/Firebase.build/Debug-iphonesimulator/FirebaseRemoteConfig.build/Objects-normal/arm64/FirebaseRemoteConfig.swiftmodule @/Users/clementperrousset/Library/Developer/Xcode/DerivedData/entourage-cgufxcifbbuurcdqvxkcudhwmwam/Build/Intermediates.noindex/Firebase.build/Debug-iphonesimulator/FirebaseRemoteConfig.build/Objects-normal/arm64/FirebaseRemoteConfig-linker-args.resp -Xlinker -add_ast_path -Xlinker /Users/clementperrousset/Library/Developer/Xcode/DerivedData/entourage-cgufxcifbbuurcdqvxkcudhwmwam/Build/Intermediates.noindex/Firebase.build/Debug-iphonesimulator/FirebaseSharedSwift.build/Objects-normal/arm64/FirebaseSharedSwift.swiftmodule @/Users/clementperrousset/Library/Developer/Xcode/DerivedData/entourage-cgufxcifbbuurcdqvxkcudhwmwam/Build/Intermediates.noindex/Firebase.build/Debug-iphonesimulator/FirebaseSharedSwift.build/Objects-normal/arm64/FirebaseSharedSwift-linker-args.resp -Xlinker -add_ast_path -Xlinker /Users/clementperrousset/Library/Developer/Xcode/DerivedData/entourage-cgufxcifbbuurcdqvxkcudhwmwam/Build/Intermediates.noindex/IQKeyboardManagerSwift.build/Debug-iphonesimulator/IQKeyboardManagerSwift.build/Objects-normal/arm64/IQKeyboardManagerSwift.swiftmodule @/Users/clementperrousset/Library/Developer/Xcode/DerivedData/entourage-cgufxcifbbuurcdqvxkcudhwmwam/Build/Intermediates.noindex/IQKeyboardManagerSwift.build/Debug-iphonesimulator/IQKeyboardManagerSwift.build/Objects-normal/arm64/IQKeyboardManagerSwift-linker-args.resp -Xlinker -add_ast_path -Xlinker /Users/clementperrousset/Library/Developer/Xcode/DerivedData/entourage-cgufxcifbbuurcdqvxkcudhwmwam/Build/Intermediates.noindex/ActiveLabel.build/Debug-iphonesimulator/ActiveLabel.build/Objects-normal/arm64/ActiveLabel.swiftmodule @/Users/clementperrousset/Library/Developer/Xcode/DerivedData/entourage-cgufxcifbbuurcdqvxkcudhwmwam/Build/Intermediates.noindex/ActiveLabel.build/Debug-iphonesimulator/ActiveLabel.build/Objects-normal/arm64/ActiveLabel-linker-args.resp -Xlinker -add_ast_path -Xlinker /Users/clementperrousset/Library/Developer/Xcode/DerivedData/entourage-cgufxcifbbuurcdqvxkcudhwmwam/Build/Intermediates.noindex/Lottie.build/Debug-iphonesimulator/Lottie.build/Objects-normal/arm64/Lottie.swiftmodule @/Users/clementperrousset/Library/Developer/Xcode/DerivedData/entourage-cgufxcifbbuurcdqvxkcudhwmwam/Build/Intermediates.noindex/Lottie.build/Debug-iphonesimulator/Lottie.build/Objects-normal/arm64/Lottie-linker-args.resp -Xlinker -add_ast_path -Xlinker /Users/clementperrousset/Library/Developer/Xcode/DerivedData/entourage-cgufxcifbbuurcdqvxkcudhwmwam/Build/Intermediates.noindex/Mantis.build/Debug-iphonesimulator/Mantis.build/Objects-normal/arm64/Mantis.swiftmodule @/Users/clementperrousset/Library/Developer/Xcode/DerivedData/entourage-cgufxcifbbuurcdqvxkcudhwmwam/Build/Intermediates.noindex/Mantis.build/Debug-iphonesimulator/Mantis.build/Objects-normal/arm64/Mantis-linker-args.resp
ld: warning: object file (/Users/clementperrousset/Library/Developer/Xcode/DerivedData/entourage-cgufxcifbbuurcdqvxkcudhwmwam/Build/Products/Debug-iphonesimulator/GooglePlacesTarget.o) was built for newer 'iOS-simulator' version (15.0) than being linked (14.0)
ld: warning: object file (/Users/clementperrousset/Library/Developer/Xcode/DerivedData/entourage-cgufxcifbbuurcdqvxkcudhwmwam/Build/Products/Debug-iphonesimulator/GooglePlaces.a[arm64][2](GooglePlaces_object.a)) was built for newer 'iOS-simulator' version (15.0) than being linked (14.0)

SwiftCompile normal x86_64 Compiling\ OnboardingStartViewController.swift /Users/clementperrousset/Dev/entourage-ios/entourage/Scenes/Onboarding/OnboardingStartViewController.swift (in target 'entourage' from project 'entourage')

SwiftCompile normal x86_64 /Users/clementperrousset/Dev/entourage-ios/entourage/Scenes/Onboarding/OnboardingStartViewController.swift (in target 'entourage' from project 'entourage')
    cd /Users/clementperrousset/Dev/entourage-ios
    

SwiftDriverJobDiscovery normal x86_64 Compiling OnboardingStartViewController.swift (in target 'entourage' from project 'entourage')

SwiftDriver\ Compilation entourage normal x86_64 com.apple.xcode.tools.swift.compiler (in target 'entourage' from project 'entourage')
    cd /Users/clementperrousset/Dev/entourage-ios
    builtin-Swift-Compilation -- /Applications/Xcode.app/Contents/Developer/Toolchains/XcodeDefault.xctoolchain/usr/bin/swiftc -module-name Ent_Beta -Onone -enforce-exclusivity\=checked @/Users/clementperrousset/Library/Developer/Xcode/DerivedData/entourage-cgufxcifbbuurcdqvxkcudhwmwam/Build/Intermediates.noindex/entourage.build/Debug-iphonesimulator/entourage.build/Objects-normal/x86_64/Ent-Beta.SwiftFileList -DDEBUG -Xcc -fmodule-map-file\=/Users/clementperrousset/Library/Developer/Xcode/DerivedData/entourage-cgufxcifbbuurcdqvxkcudhwmwam/Build/Intermediates.noindex/GeneratedModuleMaps-iphonesimulator/GoogleAppMeasurementTarget.modulemap -Xcc -fmodule-map-file\=/Users/clementperrousset/Library/Developer/Xcode/DerivedData/entourage-cgufxcifbbuurcdqvxkcudhwmwam/Build/Intermediates.noindex/GeneratedModuleMaps-iphonesimulator/GoogleUtilities-MethodSwizzler.modulemap -Xcc -fmodule-map-file\=/Users/clementperrousset/Library/Developer/Xcode/DerivedData/entourage-cgufxcifbbuurcdqvxkcudhwmwam/Build/Intermediates.noindex/GeneratedModuleMaps-iphonesimulator/FirebaseAnalyticsWrapper.modulemap -Xcc -fmodule-map-file\=/Users/clementperrousset/Library/Developer/Xcode/DerivedData/entourage-cgufxcifbbuurcdqvxkcudhwmwam/Build/Intermediates.noindex/GeneratedModuleMaps-iphonesimulator/FirebaseAnalyticsTarget.modulemap -Xcc -fmodule-map-file\=/Users/clementperrousset/Library/Developer/Xcode/DerivedData/entourage-cgufxcifbbuurcdqvxkcudhwmwam/Build/Intermediates.noindex/GeneratedModuleMaps-iphonesimulator/GooglePlacesTarget.modulemap -Xcc -fmodule-map-file\=/Users/clementperrousset/Library/Developer/Xcode/DerivedData/entourage-cgufxcifbbuurcdqvxkcudhwmwam/Build/Intermediates.noindex/GeneratedModuleMaps-iphonesimulator/GoogleUtilities-Network.modulemap -Xcc -fmodule-map-file\=/Users/clementperrousset/Library/Developer/Xcode/DerivedData/entourage-cgufxcifbbuurcdqvxkcudhwmwam/Build/Intermediates.noindex/GeneratedModuleMaps-iphonesimulator/GoogleUtilities-AppDelegateSwizzler.modulemap -Xcc -fmodule-map-file\=/Users/clementperrousset/Library/Developer/Xcode/DerivedData/entourage-cgufxcifbbuurcdqvxkcudhwmwam/Build/Intermediates.noindex/GeneratedModuleMaps-iphonesimulator/GoogleUtilities-Reachability.modulemap -Xcc -fmodule-map-file\=/Users/clementperrousset/Library/Developer/Xcode/DerivedData/entourage-cgufxcifbbuurcdqvxkcudhwmwam/Build/Intermediates.noindex/GeneratedModuleMaps-iphonesimulator/FirebaseMessaging.modulemap -Xcc -fmodule-map-file\=/Users/clementperrousset/Library/Developer/Xcode/DerivedData/entourage-cgufxcifbbuurcdqvxkcudhwmwam/Build/Intermediates.noindex/GeneratedModuleMaps-iphonesimulator/nanopb.modulemap -Xcc -fmodule-map-file\=/Users/clementperrousset/Library/Developer/Xcode/DerivedData/entourage-cgufxcifbbuurcdqvxkcudhwmwam/Build/Intermediates.noindex/GeneratedModuleMaps-iphonesimulator/GoogleDataTransport.modulemap -Xcc -fmodule-map-file\=/Users/clementperrousset/Library/Developer/Xcode/DerivedData/entourage-cgufxcifbbuurcdqvxkcudhwmwam/Build/Intermediates.noindex/GeneratedModuleMaps-iphonesimulator/FirebaseSessionsObjC.modulemap -Xcc -fmodule-map-file\=/Users/clementperrousset/Library/Developer/Xcode/DerivedData/entourage-cgufxcifbbuurcdqvxkcudhwmwam/Build/Intermediates.noindex/GeneratedModuleMaps-iphonesimulator/FirebaseCoreExtension.modulemap -Xcc -fmodule-map-file\=/Users/clementperrousset/Library/Developer/Xcode/DerivedData/entourage-cgufxcifbbuurcdqvxkcudhwmwam/Build/Intermediates.noindex/GeneratedModuleMaps-iphonesimulator/FirebaseCrashlytics.modulemap -Xcc -fmodule-map-file\=/Users/clementperrousset/Library/Developer/Xcode/DerivedData/entourage-cgufxcifbbuurcdqvxkcudhwmwam/Build/Intermediates.noindex/GeneratedModuleMaps-iphonesimulator/SDWebImage.modulemap -Xcc -fmodule-map-file\=/Users/clementperrousset/Library/Developer/Xcode/DerivedData/entourage-cgufxcifbbuurcdqvxkcudhwmwam/Build/Intermediates.noindex/GeneratedModuleMaps-iphonesimulator/SDWebImageMapKit.modulemap -Xcc -fmodule-map-file\=/Users/clementperrousset/Library/Developer/Xcode/DerivedData/entourage-cgufxcifbbuurcdqvxkcudhwmwam/Build/Intermediates.noindex/GeneratedModuleMaps-iphonesimulator/SimpleKeychain.modulemap -Xcc -fmodule-map-file\=/Users/clementperrousset/Library/Developer/Xcode/DerivedData/entourage-cgufxcifbbuurcdqvxkcudhwmwam/Build/Intermediates.noindex/GeneratedModuleMaps-iphonesimulator/FirebaseRemoteConfigInternal.modulemap -Xcc -fmodule-map-file\=/Users/clementperrousset/Library/Developer/Xcode/DerivedData/entourage-cgufxcifbbuurcdqvxkcudhwmwam/Build/Intermediates.noindex/GeneratedModuleMaps-iphonesimulator/FirebaseInstallations.modulemap -Xcc -fmodule-map-file\=/Users/clementperrousset/Library/Developer/Xcode/DerivedData/entourage-cgufxcifbbuurcdqvxkcudhwmwam/Build/Intermediates.noindex/GeneratedModuleMaps-iphonesimulator/FirebaseABTesting.modulemap -Xcc -fmodule-map-file\=/Users/clementperrousset/Library/Developer/Xcode/DerivedData/entourage-cgufxcifbbuurcdqvxkcudhwmwam/Build/Intermediates.noindex/GeneratedModuleMaps-iphonesimulator/SVProgressHUD.modulemap -Xcc -fmodule-map-file\=/Users/clementperrousset/Library/Developer/Xcode/DerivedData/entourage-cgufxcifbbuurcdqvxkcudhwmwam/Build/Intermediates.noindex/GeneratedModuleMaps-iphonesimulator/GoogleUtilities-NSData.modulemap -Xcc -fmodule-map-file\=/Users/clementperrousset/Library/Developer/Xcode/DerivedData/entourage-cgufxcifbbuurcdqvxkcudhwmwam/Build/Intermediates.noindex/GeneratedModuleMaps-iphonesimulator/AppCheckCore.modulemap -Xcc -fmodule-map-file\=/Users/clementperrousset/Library/Developer/Xcode/DerivedData/entourage-cgufxcifbbuurcdqvxkcudhwmwam/Build/Intermediates.noindex/GeneratedModuleMaps-iphonesimulator/GoogleUtilities-Logger.modulemap -Xcc -fmodule-map-file\=/Users/clementperrousset/Library/Developer/Xcode/DerivedData/entourage-cgufxcifbbuurcdqvxkcudhwmwam/Build/Intermediates.noindex/GeneratedModuleMaps-iphonesimulator/GoogleUtilities-Environment.modulemap -Xcc -fmodule-map-file\=/Users/clementperrousset/Library/Developer/Xcode/DerivedData/entourage-cgufxcifbbuurcdqvxkcudhwmwam/Build/Intermediates.noindex/GeneratedModuleMaps-iphonesimulator/third-party-IsAppEncrypted.modulemap -Xcc -fmodule-map-file\=/Users/clementperrousset/Library/Developer/Xcode/DerivedData/entourage-cgufxcifbbuurcdqvxkcudhwmwam/Build/Intermediates.noindex/GeneratedModuleMaps-iphonesimulator/GoogleUtilities-UserDefaults.modulemap -Xcc -fmodule-map-file\=/Users/clementperrousset/Library/Developer/Xcode/DerivedData/entourage-cgufxcifbbuurcdqvxkcudhwmwam/Build/Intermediates.noindex/GeneratedModuleMaps-iphonesimulator/FirebaseCore.modulemap -Xcc -fmodule-map-file\=/Users/clementperrousset/Library/Developer/Xcode/DerivedData/entourage-cgufxcifbbuurcdqvxkcudhwmwam/Build/Intermediates.noindex/GeneratedModuleMaps-iphonesimulator/FirebaseAppCheckInterop.modulemap -Xcc -fmodule-map-file\=/Users/clementperrousset/Library/Developer/Xcode/DerivedData/entourage-cgufxcifbbuurcdqvxkcudhwmwam/Build/Intermediates.noindex/GeneratedModuleMaps-iphonesimulator/FirebaseAppCheck.modulemap -enable-bare-slash-regex -enable-experimental-feature DebugDescriptionMacro -sdk /Applications/Xcode.app/Contents/Developer/Platforms/iPhoneSimulator.platform/Developer/SDKs/iPhoneSimulator26.2.sdk -target x86_64-apple-ios14.0-simulator -g -module-cache-path /Users/clementperrousset/Library/Developer/Xcode/DerivedData/ModuleCache.noindex -Xfrontend -serialize-debugging-options -enable-testing -index-store-path /Users/clementperrousset/Library/Developer/Xcode/DerivedData/entourage-cgufxcifbbuurcdqvxkcudhwmwam/Index.noindex/DataStore -Xcc -D_LIBCPP_HARDENING_MODE\=_LIBCPP_HARDENING_MODE_DEBUG -swift-version 5 -I /Users/clementperrousset/Library/Developer/Xcode/DerivedData/entourage-cgufxcifbbuurcdqvxkcudhwmwam/Build/Products/Debug-iphonesimulator -F /Users/clementperrousset/Library/Developer/Xcode/DerivedData/entourage-cgufxcifbbuurcdqvxkcudhwmwam/Build/Products/Debug-iphonesimulator/PackageFrameworks -F /Users/clementperrousset/Library/Developer/Xcode/DerivedData/entourage-cgufxcifbbuurcdqvxkcudhwmwam/Build/Products/Debug-iphonesimulator/PackageFrameworks -F /Users/clementperrousset/Library/Developer/Xcode/DerivedData/entourage-cgufxcifbbuurcdqvxkcudhwmwam/Build/Products/Debug-iphonesimulator/PackageFrameworks -F /Users/clementperrousset/Library/Developer/Xcode/DerivedData/entourage-cgufxcifbbuurcdqvxkcudhwmwam/Build/Products/Debug-iphonesimulator/PackageFrameworks -F /Users/clementperrousset/Library/Developer/Xcode/DerivedData/entourage-cgufxcifbbuurcdqvxkcudhwmwam/Build/Products/Debug-iphonesimulator/PackageFrameworks -F /Users/clementperrousset/Library/Developer/Xcode/DerivedData/entourage-cgufxcifbbuurcdqvxkcudhwmwam/Build/Products/Debug-iphonesimulator/PackageFrameworks -F /Users/clementperrousset/Library/Developer/Xcode/DerivedData/entourage-cgufxcifbbuurcdqvxkcudhwmwam/Build/Products/Debug-iphonesimulator/PackageFrameworks -F /Users/clementperrousset/Library/Developer/Xcode/DerivedData/entourage-cgufxcifbbuurcdqvxkcudhwmwam/Build/Products/Debug-iphonesimulator/PackageFrameworks -F /Users/clementperrousset/Library/Developer/Xcode/DerivedData/entourage-cgufxcifbbuurcdqvxkcudhwmwam/Build/Products/Debug-iphonesimulator/PackageFrameworks -F /Users/clementperrousset/Library/Developer/Xcode/DerivedData/entourage-cgufxcifbbuurcdqvxkcudhwmwam/Build/Products/Debug-iphonesimulator/PackageFrameworks -F /Users/clementperrousset/Library/Developer/Xcode/DerivedData/entourage-cgufxcifbbuurcdqvxkcudhwmwam/Build/Products/Debug-iphonesimulator/PackageFrameworks -F /Users/clementperrousset/Library/Developer/Xcode/DerivedData/entourage-cgufxcifbbuurcdqvxkcudhwmwam/Build/Products/Debug-iphonesimulator/PackageFrameworks -F /Users/clementperrousset/Library/Developer/Xcode/DerivedData/entourage-cgufxcifbbuurcdqvxkcudhwmwam/Build/Products/Debug-iphonesimulator/PackageFrameworks -F /Users/clementperrousset/Library/Developer/Xcode/DerivedData/entourage-cgufxcifbbuurcdqvxkcudhwmwam/Build/Products/Debug-iphonesimulator/PackageFrameworks -F /Users/clementperrousset/Library/Developer/Xcode/DerivedData/entourage-cgufxcifbbuurcdqvxkcudhwmwam/Build/Products/Debug-iphonesimulator/PackageFrameworks -F /Users/clementperrousset/Library/Developer/Xcode/DerivedData/entourage-cgufxcifbbuurcdqvxkcudhwmwam/Build/Products/Debug-iphonesimulator/PackageFrameworks -F /Users/clementperrousset/Library/Developer/Xcode/DerivedData/entourage-cgufxcifbbuurcdqvxkcudhwmwam/Build/Products/Debug-iphonesimulator/PackageFrameworks -F /Users/clementperrousset/Library/Developer/Xcode/DerivedData/entourage-cgufxcifbbuurcdqvxkcudhwmwam/Build/Products/Debug-iphonesimulator/PackageFrameworks -F /Users/clementperrousset/Library/Developer/Xcode/DerivedData/entourage-cgufxcifbbuurcdqvxkcudhwmwam/Build/Products/Debug-iphonesimulator/PackageFrameworks -F /Users/clementperrousset/Library/Developer/Xcode/DerivedData/entourage-cgufxcifbbuurcdqvxkcudhwmwam/Build/Products/Debug-iphonesimulator/PackageFrameworks -F /Users/clementperrousset/Library/Developer/Xcode/DerivedData/entourage-cgufxcifbbuurcdqvxkcudhwmwam/Build/Products/Debug-iphonesimulator/PackageFrameworks -F /Users/clementperrousset/Library/Developer/Xcode/DerivedData/entourage-cgufxcifbbuurcdqvxkcudhwmwam/Build/Products/Debug-iphonesimulator/PackageFrameworks -F /Users/clementperrousset/Library/Developer/Xcode/DerivedData/entourage-cgufxcifbbuurcdqvxkcudhwmwam/Build/Products/Debug-iphonesimulator/PackageFrameworks -F /Users/clementperrousset/Library/Developer/Xcode/DerivedData/entourage-cgufxcifbbuurcdqvxkcudhwmwam/Build/Products/Debug-iphonesimulator/PackageFrameworks -F /Users/clementperrousset/Library/Developer/Xcode/DerivedData/entourage-cgufxcifbbuurcdqvxkcudhwmwam/Build/Products/Debug-iphonesimulator/PackageFrameworks -F /Users/clementperrousset/Library/Developer/Xcode/DerivedData/entourage-cgufxcifbbuurcdqvxkcudhwmwam/Build/Products/Debug-iphonesimulator/PackageFrameworks -F /Users/clementperrousset/Library/Developer/Xcode/DerivedData/entourage-cgufxcifbbuurcdqvxkcudhwmwam/Build/Products/Debug-iphonesimulator/PackageFrameworks -F /Users/clementperrousset/Library/Developer/Xcode/DerivedData/entourage-cgufxcifbbuurcdqvxkcudhwmwam/Build/Products/Debug-iphonesimulator/PackageFrameworks -F /Users/clementperrousset/Library/Developer/Xcode/DerivedData/entourage-cgufxcifbbuurcdqvxkcudhwmwam/Build/Products/Debug-iphonesimulator/PackageFrameworks -F /Users/clementperrousset/Library/Developer/Xcode/DerivedData/entourage-cgufxcifbbuurcdqvxkcudhwmwam/Build/Products/Debug-iphonesimulator/PackageFrameworks -F /Users/clementperrousset/Library/Developer/Xcode/DerivedData/entourage-cgufxcifbbuurcdqvxkcudhwmwam/Build/Products/Debug-iphonesimulator/PackageFrameworks -F /Users/clementperrousset/Library/Developer/Xcode/DerivedData/entourage-cgufxcifbbuurcdqvxkcudhwmwam/Build/Products/Debug-iphonesimulator/PackageFrameworks -F /Users/clementperrousset/Library/Developer/Xcode/DerivedData/entourage-cgufxcifbbuurcdqvxkcudhwmwam/Build/Products/Debug-iphonesimulator/PackageFrameworks -F /Users/clementperrousset/Library/Developer/Xcode/DerivedData/entourage-cgufxcifbbuurcdqvxkcudhwmwam/Build/Products/Debug-iphonesimulator/PackageFrameworks -F /Users/clementperrousset/Library/Developer/Xcode/DerivedData/entourage-cgufxcifbbuurcdqvxkcudhwmwam/Build/Products/Debug-iphonesimulator/PackageFrameworks -F /Users/clementperrousset/Library/Developer/Xcode/DerivedData/entourage-cgufxcifbbuurcdqvxkcudhwmwam/Build/Products/Debug-iphonesimulator/PackageFrameworks -F /Users/clementperrousset/Library/Developer/Xcode/DerivedData/entourage-cgufxcifbbuurcdqvxkcudhwmwam/Build/Products/Debug-iphonesimulator/PackageFrameworks -F /Users/clementperrousset/Library/Developer/Xcode/DerivedData/entourage-cgufxcifbbuurcdqvxkcudhwmwam/Build/Products/Debug-iphonesimulator/PackageFrameworks -F /Users/clementperrousset/Library/Developer/Xcode/DerivedData/entourage-cgufxcifbbuurcdqvxkcudhwmwam/Build/Products/Debug-iphonesimulator/PackageFrameworks -F /Users/clementperrousset/Library/Developer/Xcode/DerivedData/entourage-cgufxcifbbuurcdqvxkcudhwmwam/Build/Products/Debug-iphonesimulator/PackageFrameworks -F /Users/clementperrousset/Library/Developer/Xcode/DerivedData/entourage-cgufxcifbbuurcdqvxkcudhwmwam/Build/Products/Debug-iphonesimulator/PackageFrameworks -F /Users/clementperrousset/Library/Developer/Xcode/DerivedData/entourage-cgufxcifbbuurcdqvxkcudhwmwam/Build/Products/Debug-iphonesimulator/PackageFrameworks -F /Users/clementperrousset/Library/Developer/Xcode/DerivedData/entourage-cgufxcifbbuurcdqvxkcudhwmwam/Build/Products/Debug-iphonesimulator/PackageFrameworks -F /Users/clementperrousset/Library/Developer/Xcode/DerivedData/entourage-cgufxcifbbuurcdqvxkcudhwmwam/Build/Products/Debug-iphonesimulator/PackageFrameworks -F /Users/clementperrousset/Library/Developer/Xcode/DerivedData/entourage-cgufxcifbbuurcdqvxkcudhwmwam/Build/Products/Debug-iphonesimulator -emit-localized-strings -emit-localized-strings-path /Users/clementperrousset/Library/Developer/Xcode/DerivedData/entourage-cgufxcifbbuurcdqvxkcudhwmwam/Build/Intermediates.noindex/entourage.build/Debug-iphonesimulator/entourage.build/Objects-normal/x86_64 -c -j10 -enable-batch-mode -incremental -Xcc -ivfsstatcache -Xcc /Users/clementperrousset/Library/Developer/Xcode/DerivedData/SDKStatCaches.noindex/iphonesimulator26.2-23C53-7d00a8b37fbd7999ea79df8ebc024bf0.sdkstatcache -output-file-map /Users/clementperrousset/Library/Developer/Xcode/DerivedData/entourage-cgufxcifbbuurcdqvxkcudhwmwam/Build/Intermediates.noindex/entourage.build/Debug-iphonesimulator/entourage.build/Objects-normal/x86_64/entourage-OutputFileMap.json -use-frontend-parseable-output -save-temps -no-color-diagnostics -explicit-module-build -module-cache-path /Users/clementperrousset/Library/Developer/Xcode/DerivedData/entourage-cgufxcifbbuurcdqvxkcudhwmwam/Build/Intermediates.noindex/SwiftExplicitPrecompiledModules -clang-scanner-module-cache-path /Users/clementperrousset/Library/Developer/Xcode/DerivedData/ModuleCache.noindex -sdk-module-cache-path /Users/clementperrousset/Library/Developer/Xcode/DerivedData/ModuleCache.noindex -serialize-diagnostics -emit-dependencies -emit-module -emit-module-path /Users/clementperrousset/Library/Developer/Xcode/DerivedData/entourage-cgufxcifbbuurcdqvxkcudhwmwam/Build/Intermediates.noindex/entourage.build/Debug-iphonesimulator/entourage.build/Objects-normal/x86_64/Ent_Beta.swiftmodule -validate-clang-modules-once -clang-build-session-file /Users/clementperrousset/Library/Developer/Xcode/DerivedData/ModuleCache.noindex/Session.modulevalidation -Xcc -I/Users/clementperrousset/Library/Developer/Xcode/DerivedData/entourage-cgufxcifbbuurcdqvxkcudhwmwam/Build/Intermediates.noindex/entourage.build/Debug-iphonesimulator/entourage.build/swift-overrides.hmap -emit-const-values -Xfrontend -const-gather-protocols-file -Xfrontend /Users/clementperrousset/Library/Developer/Xcode/DerivedData/entourage-cgufxcifbbuurcdqvxkcudhwmwam/Build/Intermediates.noindex/entourage.build/Debug-iphonesimulator/entourage.build/Objects-normal/x86_64/entourage_const_extract_protocols.json -Xcc -iquote -Xcc /Users/clementperrousset/Library/Developer/Xcode/DerivedData/entourage-cgufxcifbbuurcdqvxkcudhwmwam/Build/Intermediates.noindex/entourage.build/Debug-iphonesimulator/entourage.build/Ent-Beta-generated-files.hmap -Xcc -I/Users/clementperrousset/Library/Developer/Xcode/DerivedData/entourage-cgufxcifbbuurcdqvxkcudhwmwam/Build/Intermediates.noindex/entourage.build/Debug-iphonesimulator/entourage.build/Ent-Beta-own-target-headers.hmap -Xcc -I/Users/clementperrousset/Library/Developer/Xcode/DerivedData/entourage-cgufxcifbbuurcdqvxkcudhwmwam/Build/Intermediates.noindex/entourage.build/Debug-iphonesimulator/entourage.build/Ent-Beta-all-non-framework-target-headers.hmap -Xcc -ivfsoverlay -Xcc /Users/clementperrousset/Library/Developer/Xcode/DerivedData/entourage-cgufxcifbbuurcdqvxkcudhwmwam/Build/Intermediates.noindex/entourage.build/Debug-iphonesimulator/entourage-70680f5a6599977dbad6674f82eeda54-VFS-iphonesimulator/all-product-headers.yaml -Xcc -iquote -Xcc /Users/clementperrousset/Library/Developer/Xcode/DerivedData/entourage-cgufxcifbbuurcdqvxkcudhwmwam/Build/Intermediates.noindex/entourage.build/Debug-iphonesimulator/entourage.build/Ent-Beta-project-headers.hmap -Xcc -I/Users/clementperrousset/Library/Developer/Xcode/DerivedData/entourage-cgufxcifbbuurcdqvxkcudhwmwam/SourcePackages/checkouts/GoogleAppMeasurement/GoogleAppMeasurementWrapper/include -Xcc -I/Users/clementperrousset/Library/Developer/Xcode/DerivedData/entourage-cgufxcifbbuurcdqvxkcudhwmwam/SourcePackages/checkouts/GoogleUtilities/GoogleUtilities/MethodSwizzler/Public -Xcc -I/Users/clementperrousset/Library/Developer/Xcode/DerivedData/entourage-cgufxcifbbuurcdqvxkcudhwmwam/SourcePackages/checkouts/firebase-ios-sdk/FirebaseAnalyticsWrapper/include -Xcc -I/Users/clementperrousset/Library/Developer/Xcode/DerivedData/entourage-cgufxcifbbuurcdqvxkcudhwmwam/SourcePackages/checkouts/firebase-ios-sdk/SwiftPM-PlatformExclude/FirebaseAnalyticsWrap/include -Xcc -I/Users/clementperrousset/Library/Developer/Xcode/DerivedData/entourage-cgufxcifbbuurcdqvxkcudhwmwam/SourcePackages/checkouts/ios-places-sdk/Places/Sources -Xcc -I/Users/clementperrousset/Library/Developer/Xcode/DerivedData/entourage-cgufxcifbbuurcdqvxkcudhwmwam/SourcePackages/checkouts/GoogleUtilities/GoogleUtilities/Network/Public -Xcc -I/Users/clementperrousset/Library/Developer/Xcode/DerivedData/entourage-cgufxcifbbuurcdqvxkcudhwmwam/SourcePackages/checkouts/GoogleUtilities/GoogleUtilities/AppDelegateSwizzler/Public -Xcc -I/Users/clementperrousset/Library/Developer/Xcode/DerivedData/entourage-cgufxcifbbuurcdqvxkcudhwmwam/SourcePackages/checkouts/GoogleUtilities/GoogleUtilities/Reachability/Public -Xcc -I/Users/clementperrousset/Library/Developer/Xcode/DerivedData/entourage-cgufxcifbbuurcdqvxkcudhwmwam/SourcePackages/checkouts/firebase-ios-sdk/FirebaseMessaging/Sources/Public -Xcc -I/Users/clementperrousset/Library/Developer/Xcode/DerivedData/entourage-cgufxcifbbuurcdqvxkcudhwmwam/SourcePackages/checkouts/nanopb/spm_headers -Xcc -I/Users/clementperrousset/Library/Developer/Xcode/DerivedData/entourage-cgufxcifbbuurcdqvxkcudhwmwam/SourcePackages/checkouts/GoogleDataTransport/GoogleDataTransport/GDTCORLibrary/Public -Xcc -I/Users/clementperrousset/Library/Developer/Xcode/DerivedData/entourage-cgufxcifbbuurcdqvxkcudhwmwam/SourcePackages/checkouts/firebase-ios-sdk/FirebaseSessions/SourcesObjC -Xcc -I/Users/clementperrousset/Library/Developer/Xcode/DerivedData/entourage-cgufxcifbbuurcdqvxkcudhwmwam/SourcePackages/checkouts/firebase-ios-sdk/FirebaseCore/Extension -Xcc -I/Users/clementperrousset/Library/Developer/Xcode/DerivedData/entourage-cgufxcifbbuurcdqvxkcudhwmwam/SourcePackages/checkouts/firebase-ios-sdk/Crashlytics/Crashlytics/Public -Xcc -I/Users/clementperrousset/Library/Developer/Xcode/DerivedData/entourage-cgufxcifbbuurcdqvxkcudhwmwam/SourcePackages/checkouts/SDWebImage/SDWebImage/include -Xcc -I/Users/clementperrousset/Library/Developer/Xcode/DerivedData/entourage-cgufxcifbbuurcdqvxkcudhwmwam/SourcePackages/checkouts/SDWebImage/SDWebImageMapKit/include -Xcc -I/Users/clementperrousset/Library/Developer/Xcode/DerivedData/entourage-cgufxcifbbuurcdqvxkcudhwmwam/SourcePackages/checkouts/SimpleKeychain/SimpleKeychain/include -Xcc -I/Users/clementperrousset/Library/Developer/Xcode/DerivedData/entourage-cgufxcifbbuurcdqvxkcudhwmwam/SourcePackages/checkouts/firebase-ios-sdk/FirebaseRemoteConfig/Sources/Public -Xcc -I/Users/clementperrousset/Library/Developer/Xcode/DerivedData/entourage-cgufxcifbbuurcdqvxkcudhwmwam/SourcePackages/checkouts/firebase-ios-sdk/FirebaseInstallations/Source/Library/Public -Xcc -I/Users/clementperrousset/Library/Developer/Xcode/DerivedData/entourage-cgufxcifbbuurcdqvxkcudhwmwam/SourcePackages/checkouts/firebase-ios-sdk/FirebaseABTesting/Sources/Public -Xcc -I/Users/clementperrousset/Library/Developer/Xcode/DerivedData/entourage-cgufxcifbbuurcdqvxkcudhwmwam/SourcePackages/checkouts/SVProgressHUD/SVProgressHUD/include -Xcc -I/Users/clementperrousset/Library/Developer/Xcode/DerivedData/entourage-cgufxcifbbuurcdqvxkcudhwmwam/SourcePackages/checkouts/GoogleUtilities/GoogleUtilities/NSData+zlib/Public -Xcc -I/Users/clementperrousset/Library/Developer/Xcode/DerivedData/entourage-cgufxcifbbuurcdqvxkcudhwmwam/SourcePackages/checkouts/app-check/AppCheckCore/Sources/Public -Xcc -I/Users/clementperrousset/Library/Developer/Xcode/DerivedData/entourage-cgufxcifbbuurcdqvxkcudhwmwam/SourcePackages/checkouts/promises/Sources/FBLPromises/include -Xcc -I/Users/clementperrousset/Library/Developer/Xcode/DerivedData/entourage-cgufxcifbbuurcdqvxkcudhwmwam/SourcePackages/checkouts/GoogleUtilities/GoogleUtilities/Logger/Public -Xcc -I/Users/clementperrousset/Library/Developer/Xcode/DerivedData/entourage-cgufxcifbbuurcdqvxkcudhwmwam/SourcePackages/checkouts/GoogleUtilities/GoogleUtilities/Environment/Public -Xcc -I/Users/clementperrousset/Library/Developer/Xcode/DerivedData/entourage-cgufxcifbbuurcdqvxkcudhwmwam/SourcePackages/checkouts/GoogleUtilities/third_party/IsAppEncrypted/Public -Xcc -I/Users/clementperrousset/Library/Developer/Xcode/DerivedData/entourage-cgufxcifbbuurcdqvxkcudhwmwam/SourcePackages/checkouts/GoogleUtilities/GoogleUtilities/UserDefaults/Public -Xcc -I/Users/clementperrousset/Library/Developer/Xcode/DerivedData/entourage-cgufxcifbbuurcdqvxkcudhwmwam/SourcePackages/checkouts/firebase-ios-sdk/FirebaseCore/Sources/Public -Xcc -I/Users/clementperrousset/Library/Developer/Xcode/DerivedData/entourage-cgufxcifbbuurcdqvxkcudhwmwam/SourcePackages/checkouts/firebase-ios-sdk/CoreOnly/Sources -Xcc -I/Users/clementperrousset/Library/Developer/Xcode/DerivedData/entourage-cgufxcifbbuurcdqvxkcudhwmwam/SourcePackages/checkouts/firebase-ios-sdk/FirebaseAppCheck/Interop/Public -Xcc -I/Users/clementperrousset/Library/Developer/Xcode/DerivedData/entourage-cgufxcifbbuurcdqvxkcudhwmwam/SourcePackages/checkouts/firebase-ios-sdk/FirebaseAppCheck/Sources/Public -Xcc -I/Users/clementperrousset/Library/Developer/Xcode/DerivedData/entourage-cgufxcifbbuurcdqvxkcudhwmwam/Build/Products/Debug-iphonesimulator/include -Xcc -I/Users/clementperrousset/Library/Developer/Xcode/DerivedData/entourage-cgufxcifbbuurcdqvxkcudhwmwam/Build/Intermediates.noindex/entourage.build/Debug-iphonesimulator/entourage.build/DerivedSources-normal/x86_64 -Xcc -I/Users/clementperrousset/Library/Developer/Xcode/DerivedData/entourage-cgufxcifbbuurcdqvxkcudhwmwam/Build/Intermediates.noindex/entourage.build/Debug-iphonesimulator/entourage.build/DerivedSources/x86_64 -Xcc -I/Users/clementperrousset/Library/Developer/Xcode/DerivedData/entourage-cgufxcifbbuurcdqvxkcudhwmwam/Build/Intermediates.noindex/entourage.build/Debug-iphonesimulator/entourage.build/DerivedSources -Xcc -DDEBUG\=1 -emit-objc-header -emit-objc-header-path /Users/clementperrousset/Library/Developer/Xcode/DerivedData/entourage-cgufxcifbbuurcdqvxkcudhwmwam/Build/Intermediates.noindex/entourage.build/Debug-iphonesimulator/entourage.build/Objects-normal/x86_64/Ent_Beta-Swift.h -import-objc-header /Users/clementperrousset/Dev/entourage-ios/entourage/Settings/entourage-Bridging-Header.h -working-directory /Users/clementperrousset/Dev/entourage-ios -experimental-emit-module-separately -disable-cmo

ConstructStubExecutorLinkFileList /Users/clementperrousset/Library/Developer/Xcode/DerivedData/entourage-cgufxcifbbuurcdqvxkcudhwmwam/Build/Intermediates.noindex/entourage.build/Debug-iphonesimulator/entourage.build/Ent-Beta-ExecutorLinkFileList-normal-arm64.txt (in target 'entourage' from project 'entourage')
    cd /Users/clementperrousset/Dev/entourage-ios
    construct-stub-executor-link-file-list /Users/clementperrousset/Library/Developer/Xcode/DerivedData/entourage-cgufxcifbbuurcdqvxkcudhwmwam/Build/Intermediates.noindex/entourage.build/Debug-iphonesimulator/entourage.build/Objects-normal/arm64/Binary/Ent-Beta.debug.dylib /Applications/Xcode.app/Contents/Developer/Platforms/iPhoneSimulator.platform/Developer/usr/lib/libPreviewsJITStubExecutor_no_swift_entry_point.a /Applications/Xcode.app/Contents/Developer/Platforms/iPhoneSimulator.platform/Developer/usr/lib/libPreviewsJITStubExecutor.a --output /Users/clementperrousset/Library/Developer/Xcode/DerivedData/entourage-cgufxcifbbuurcdqvxkcudhwmwam/Build/Intermediates.noindex/entourage.build/Debug-iphonesimulator/entourage.build/Ent-Beta-ExecutorLinkFileList-normal-arm64.txt
note: Using stub executor library with Swift entry point. (in target 'entourage' from project 'entourage')

Ld /Users/clementperrousset/Library/Developer/Xcode/DerivedData/entourage-cgufxcifbbuurcdqvxkcudhwmwam/Build/Intermediates.noindex/entourage.build/Debug-iphonesimulator/entourage.build/Objects-normal/arm64/Binary/Ent-Beta normal arm64 (in target 'entourage' from project 'entourage')
    cd /Users/clementperrousset/Dev/entourage-ios
    /Applications/Xcode.app/Contents/Developer/Toolchains/XcodeDefault.xctoolchain/usr/bin/clang -Xlinker -reproducible -target arm64-apple-ios14.0-simulator -isysroot /Applications/Xcode.app/Contents/Developer/Platforms/iPhoneSimulator.platform/Developer/SDKs/iPhoneSimulator26.2.sdk -O0 -L/Users/clementperrousset/Library/Developer/Xcode/DerivedData/entourage-cgufxcifbbuurcdqvxkcudhwmwam/Build/Products/Debug-iphonesimulator -F/Users/clementperrousset/Library/Developer/Xcode/DerivedData/entourage-cgufxcifbbuurcdqvxkcudhwmwam/Build/Products/Debug-iphonesimulator/PackageFrameworks -F/Users/clementperrousset/Library/Developer/Xcode/DerivedData/entourage-cgufxcifbbuurcdqvxkcudhwmwam/Build/Products/Debug-iphonesimulator/PackageFrameworks -F/Users/clementperrousset/Library/Developer/Xcode/DerivedData/entourage-cgufxcifbbuurcdqvxkcudhwmwam/Build/Products/Debug-iphonesimulator/PackageFrameworks -F/Users/clementperrousset/Library/Developer/Xcode/DerivedData/entourage-cgufxcifbbuurcdqvxkcudhwmwam/Build/Products/Debug-iphonesimulator/PackageFrameworks -F/Users/clementperrousset/Library/Developer/Xcode/DerivedData/entourage-cgufxcifbbuurcdqvxkcudhwmwam/Build/Products/Debug-iphonesimulator/PackageFrameworks -F/Users/clementperrousset/Library/Developer/Xcode/DerivedData/entourage-cgufxcifbbuurcdqvxkcudhwmwam/Build/Products/Debug-iphonesimulator/PackageFrameworks -F/Users/clementperrousset/Library/Developer/Xcode/DerivedData/entourage-cgufxcifbbuurcdqvxkcudhwmwam/Build/Products/Debug-iphonesimulator/PackageFrameworks -F/Users/clementperrousset/Library/Developer/Xcode/DerivedData/entourage-cgufxcifbbuurcdqvxkcudhwmwam/Build/Products/Debug-iphonesimulator/PackageFrameworks -F/Users/clementperrousset/Library/Developer/Xcode/DerivedData/entourage-cgufxcifbbuurcdqvxkcudhwmwam/Build/Products/Debug-iphonesimulator/PackageFrameworks -F/Users/clementperrousset/Library/Developer/Xcode/DerivedData/entourage-cgufxcifbbuurcdqvxkcudhwmwam/Build/Products/Debug-iphonesimulator/PackageFrameworks -F/Users/clementperrousset/Library/Developer/Xcode/DerivedData/entourage-cgufxcifbbuurcdqvxkcudhwmwam/Build/Products/Debug-iphonesimulator/PackageFrameworks -F/Users/clementperrousset/Library/Developer/Xcode/DerivedData/entourage-cgufxcifbbuurcdqvxkcudhwmwam/Build/Products/Debug-iphonesimulator/PackageFrameworks -F/Users/clementperrousset/Library/Developer/Xcode/DerivedData/entourage-cgufxcifbbuurcdqvxkcudhwmwam/Build/Products/Debug-iphonesimulator/PackageFrameworks -F/Users/clementperrousset/Library/Developer/Xcode/DerivedData/entourage-cgufxcifbbuurcdqvxkcudhwmwam/Build/Products/Debug-iphonesimulator/PackageFrameworks -F/Users/clementperrousset/Library/Developer/Xcode/DerivedData/entourage-cgufxcifbbuurcdqvxkcudhwmwam/Build/Products/Debug-iphonesimulator/PackageFrameworks -F/Users/clementperrousset/Library/Developer/Xcode/DerivedData/entourage-cgufxcifbbuurcdqvxkcudhwmwam/Build/Products/Debug-iphonesimulator/PackageFrameworks -F/Users/clementperrousset/Library/Developer/Xcode/DerivedData/entourage-cgufxcifbbuurcdqvxkcudhwmwam/Build/Products/Debug-iphonesimulator/PackageFrameworks -F/Users/clementperrousset/Library/Developer/Xcode/DerivedData/entourage-cgufxcifbbuurcdqvxkcudhwmwam/Build/Products/Debug-iphonesimulator/PackageFrameworks -F/Users/clementperrousset/Library/Developer/Xcode/DerivedData/entourage-cgufxcifbbuurcdqvxkcudhwmwam/Build/Products/Debug-iphonesimulator/PackageFrameworks -F/Users/clementperrousset/Library/Developer/Xcode/DerivedData/entourage-cgufxcifbbuurcdqvxkcudhwmwam/Build/Products/Debug-iphonesimulator/PackageFrameworks -F/Users/clementperrousset/Library/Developer/Xcode/DerivedData/entourage-cgufxcifbbuurcdqvxkcudhwmwam/Build/Products/Debug-iphonesimulator/PackageFrameworks -F/Users/clementperrousset/Library/Developer/Xcode/DerivedData/entourage-cgufxcifbbuurcdqvxkcudhwmwam/Build/Products/Debug-iphonesimulator/PackageFrameworks -F/Users/clementperrousset/Library/Developer/Xcode/DerivedData/entourage-cgufxcifbbuurcdqvxkcudhwmwam/Build/Products/Debug-iphonesimulator/PackageFrameworks -F/Users/clementperrousset/Library/Developer/Xcode/DerivedData/entourage-cgufxcifbbuurcdqvxkcudhwmwam/Build/Products/Debug-iphonesimulator/PackageFrameworks -F/Users/clementperrousset/Library/Developer/Xcode/DerivedData/entourage-cgufxcifbbuurcdqvxkcudhwmwam/Build/Products/Debug-iphonesimulator/PackageFrameworks -F/Users/clementperrousset/Library/Developer/Xcode/DerivedData/entourage-cgufxcifbbuurcdqvxkcudhwmwam/Build/Products/Debug-iphonesimulator/PackageFrameworks -F/Users/clementperrousset/Library/Developer/Xcode/DerivedData/entourage-cgufxcifbbuurcdqvxkcudhwmwam/Build/Products/Debug-iphonesimulator/PackageFrameworks -F/Users/clementperrousset/Library/Developer/Xcode/DerivedData/entourage-cgufxcifbbuurcdqvxkcudhwmwam/Build/Products/Debug-iphonesimulator/PackageFrameworks -F/Users/clementperrousset/Library/Developer/Xcode/DerivedData/entourage-cgufxcifbbuurcdqvxkcudhwmwam/Build/Products/Debug-iphonesimulator/PackageFrameworks -F/Users/clementperrousset/Library/Developer/Xcode/DerivedData/entourage-cgufxcifbbuurcdqvxkcudhwmwam/Build/Products/Debug-iphonesimulator/PackageFrameworks -F/Users/clementperrousset/Library/Developer/Xcode/DerivedData/entourage-cgufxcifbbuurcdqvxkcudhwmwam/Build/Products/Debug-iphonesimulator/PackageFrameworks -F/Users/clementperrousset/Library/Developer/Xcode/DerivedData/entourage-cgufxcifbbuurcdqvxkcudhwmwam/Build/Products/Debug-iphonesimulator/PackageFrameworks -F/Users/clementperrousset/Library/Developer/Xcode/DerivedData/entourage-cgufxcifbbuurcdqvxkcudhwmwam/Build/Products/Debug-iphonesimulator/PackageFrameworks -F/Users/clementperrousset/Library/Developer/Xcode/DerivedData/entourage-cgufxcifbbuurcdqvxkcudhwmwam/Build/Products/Debug-iphonesimulator/PackageFrameworks -F/Users/clementperrousset/Library/Developer/Xcode/DerivedData/entourage-cgufxcifbbuurcdqvxkcudhwmwam/Build/Products/Debug-iphonesimulator/PackageFrameworks -F/Users/clementperrousset/Library/Developer/Xcode/DerivedData/entourage-cgufxcifbbuurcdqvxkcudhwmwam/Build/Products/Debug-iphonesimulator/PackageFrameworks -F/Users/clementperrousset/Library/Developer/Xcode/DerivedData/entourage-cgufxcifbbuurcdqvxkcudhwmwam/Build/Products/Debug-iphonesimulator/PackageFrameworks -F/Users/clementperrousset/Library/Developer/Xcode/DerivedData/entourage-cgufxcifbbuurcdqvxkcudhwmwam/Build/Products/Debug-iphonesimulator/PackageFrameworks -F/Users/clementperrousset/Library/Developer/Xcode/DerivedData/entourage-cgufxcifbbuurcdqvxkcudhwmwam/Build/Products/Debug-iphonesimulator/PackageFrameworks -F/Users/clementperrousset/Library/Developer/Xcode/DerivedData/entourage-cgufxcifbbuurcdqvxkcudhwmwam/Build/Products/Debug-iphonesimulator/PackageFrameworks -F/Users/clementperrousset/Library/Developer/Xcode/DerivedData/entourage-cgufxcifbbuurcdqvxkcudhwmwam/Build/Products/Debug-iphonesimulator/PackageFrameworks -F/Users/clementperrousset/Library/Developer/Xcode/DerivedData/entourage-cgufxcifbbuurcdqvxkcudhwmwam/Build/Products/Debug-iphonesimulator/PackageFrameworks -F/Users/clementperrousset/Library/Developer/Xcode/DerivedData/entourage-cgufxcifbbuurcdqvxkcudhwmwam/Build/Products/Debug-iphonesimulator/PackageFrameworks -F/Users/clementperrousset/Library/Developer/Xcode/DerivedData/entourage-cgufxcifbbuurcdqvxkcudhwmwam/Build/Products/Debug-iphonesimulator/PackageFrameworks -F/Users/clementperrousset/Library/Developer/Xcode/DerivedData/entourage-cgufxcifbbuurcdqvxkcudhwmwam/Build/Products/Debug-iphonesimulator -Xlinker -rpath -Xlinker @executable_path -Xlinker -rpath -Xlinker /Users/clementperrousset/Library/Developer/Xcode/DerivedData/entourage-cgufxcifbbuurcdqvxkcudhwmwam/Build/Products/Debug-iphonesimulator/PackageFrameworks -Xlinker -rpath -Xlinker @executable_path/Frameworks -rdynamic -Xlinker -no_deduplicate -Xlinker -objc_abi_version -Xlinker 2 -e ___debug_blank_executor_main -Xlinker -sectcreate -Xlinker __TEXT -Xlinker __debug_dylib -Xlinker /Users/clementperrousset/Library/Developer/Xcode/DerivedData/entourage-cgufxcifbbuurcdqvxkcudhwmwam/Build/Intermediates.noindex/entourage.build/Debug-iphonesimulator/entourage.build/Ent-Beta-DebugDylibPath-normal-arm64.txt -Xlinker -sectcreate -Xlinker __TEXT -Xlinker __debug_instlnm -Xlinker /Users/clementperrousset/Library/Developer/Xcode/DerivedData/entourage-cgufxcifbbuurcdqvxkcudhwmwam/Build/Intermediates.noindex/entourage.build/Debug-iphonesimulator/entourage.build/Ent-Beta-DebugDylibInstallName-normal-arm64.txt -Xlinker -filelist -Xlinker /Users/clementperrousset/Library/Developer/Xcode/DerivedData/entourage-cgufxcifbbuurcdqvxkcudhwmwam/Build/Intermediates.noindex/entourage.build/Debug-iphonesimulator/entourage.build/Ent-Beta-ExecutorLinkFileList-normal-arm64.txt -Xlinker -sectcreate -Xlinker __TEXT -Xlinker __entitlements -Xlinker /Users/clementperrousset/Library/Developer/Xcode/DerivedData/entourage-cgufxcifbbuurcdqvxkcudhwmwam/Build/Intermediates.noindex/entourage.build/Debug-iphonesimulator/entourage.build/Ent-Beta.app-Simulated.xcent -Xlinker -sectcreate -Xlinker __TEXT -Xlinker __ents_der -Xlinker /Users/clementperrousset/Library/Developer/Xcode/DerivedData/entourage-cgufxcifbbuurcdqvxkcudhwmwam/Build/Intermediates.noindex/entourage.build/Debug-iphonesimulator/entourage.build/Ent-Beta.app-Simulated.xcent.der /Users/clementperrousset/Library/Developer/Xcode/DerivedData/entourage-cgufxcifbbuurcdqvxkcudhwmwam/Build/Intermediates.noindex/entourage.build/Debug-iphonesimulator/entourage.build/Objects-normal/arm64/Binary/Ent-Beta.debug.dylib -Xlinker -no_adhoc_codesign -o /Users/clementperrousset/Library/Developer/Xcode/DerivedData/entourage-cgufxcifbbuurcdqvxkcudhwmwam/Build/Intermediates.noindex/entourage.build/Debug-iphonesimulator/entourage.build/Objects-normal/arm64/Binary/Ent-Beta

Ld /Users/clementperrousset/Library/Developer/Xcode/DerivedData/entourage-cgufxcifbbuurcdqvxkcudhwmwam/Build/Intermediates.noindex/entourage.build/Debug-iphonesimulator/entourage.build/Objects-normal/x86_64/Binary/Ent-Beta.debug.dylib normal x86_64 (in target 'entourage' from project 'entourage')
    cd /Users/clementperrousset/Dev/entourage-ios
    /Applications/Xcode.app/Contents/Developer/Toolchains/XcodeDefault.xctoolchain/usr/bin/clang -Xlinker -reproducible -target x86_64-apple-ios14.0-simulator -dynamiclib -isysroot /Applications/Xcode.app/Contents/Developer/Platforms/iPhoneSimulator.platform/Developer/SDKs/iPhoneSimulator26.2.sdk -O0 -L/Users/clementperrousset/Library/Developer/Xcode/DerivedData/entourage-cgufxcifbbuurcdqvxkcudhwmwam/Build/Intermediates.noindex/EagerLinkingTBDs/Debug-iphonesimulator -L/Users/clementperrousset/Library/Developer/Xcode/DerivedData/entourage-cgufxcifbbuurcdqvxkcudhwmwam/Build/Products/Debug-iphonesimulator -F/Users/clementperrousset/Library/Developer/Xcode/DerivedData/entourage-cgufxcifbbuurcdqvxkcudhwmwam/Build/Intermediates.noindex/EagerLinkingTBDs/Debug-iphonesimulator -F/Users/clementperrousset/Library/Developer/Xcode/DerivedData/entourage-cgufxcifbbuurcdqvxkcudhwmwam/Build/Products/Debug-iphonesimulator/PackageFrameworks -F/Users/clementperrousset/Library/Developer/Xcode/DerivedData/entourage-cgufxcifbbuurcdqvxkcudhwmwam/Build/Products/Debug-iphonesimulator/PackageFrameworks -F/Users/clementperrousset/Library/Developer/Xcode/DerivedData/entourage-cgufxcifbbuurcdqvxkcudhwmwam/Build/Products/Debug-iphonesimulator/PackageFrameworks -F/Users/clementperrousset/Library/Developer/Xcode/DerivedData/entourage-cgufxcifbbuurcdqvxkcudhwmwam/Build/Products/Debug-iphonesimulator/PackageFrameworks -F/Users/clementperrousset/Library/Developer/Xcode/DerivedData/entourage-cgufxcifbbuurcdqvxkcudhwmwam/Build/Products/Debug-iphonesimulator/PackageFrameworks -F/Users/clementperrousset/Library/Developer/Xcode/DerivedData/entourage-cgufxcifbbuurcdqvxkcudhwmwam/Build/Products/Debug-iphonesimulator/PackageFrameworks -F/Users/clementperrousset/Library/Developer/Xcode/DerivedData/entourage-cgufxcifbbuurcdqvxkcudhwmwam/Build/Products/Debug-iphonesimulator/PackageFrameworks -F/Users/clementperrousset/Library/Developer/Xcode/DerivedData/entourage-cgufxcifbbuurcdqvxkcudhwmwam/Build/Products/Debug-iphonesimulator/PackageFrameworks -F/Users/clementperrousset/Library/Developer/Xcode/DerivedData/entourage-cgufxcifbbuurcdqvxkcudhwmwam/Build/Products/Debug-iphonesimulator/PackageFrameworks -F/Users/clementperrousset/Library/Developer/Xcode/DerivedData/entourage-cgufxcifbbuurcdqvxkcudhwmwam/Build/Products/Debug-iphonesimulator/PackageFrameworks -F/Users/clementperrousset/Library/Developer/Xcode/DerivedData/entourage-cgufxcifbbuurcdqvxkcudhwmwam/Build/Products/Debug-iphonesimulator/PackageFrameworks -F/Users/clementperrousset/Library/Developer/Xcode/DerivedData/entourage-cgufxcifbbuurcdqvxkcudhwmwam/Build/Products/Debug-iphonesimulator/PackageFrameworks -F/Users/clementperrousset/Library/Developer/Xcode/DerivedData/entourage-cgufxcifbbuurcdqvxkcudhwmwam/Build/Products/Debug-iphonesimulator/PackageFrameworks -F/Users/clementperrousset/Library/Developer/Xcode/DerivedData/entourage-cgufxcifbbuurcdqvxkcudhwmwam/Build/Products/Debug-iphonesimulator/PackageFrameworks -F/Users/clementperrousset/Library/Developer/Xcode/DerivedData/entourage-cgufxcifbbuurcdqvxkcudhwmwam/Build/Products/Debug-iphonesimulator/PackageFrameworks -F/Users/clementperrousset/Library/Developer/Xcode/DerivedData/entourage-cgufxcifbbuurcdqvxkcudhwmwam/Build/Products/Debug-iphonesimulator/PackageFrameworks -F/Users/clementperrousset/Library/Developer/Xcode/DerivedData/entourage-cgufxcifbbuurcdqvxkcudhwmwam/Build/Products/Debug-iphonesimulator/PackageFrameworks -F/Users/clementperrousset/Library/Developer/Xcode/DerivedData/entourage-cgufxcifbbuurcdqvxkcudhwmwam/Build/Products/Debug-iphonesimulator/PackageFrameworks -F/Users/clementperrousset/Library/Developer/Xcode/DerivedData/entourage-cgufxcifbbuurcdqvxkcudhwmwam/Build/Products/Debug-iphonesimulator/PackageFrameworks -F/Users/clementperrousset/Library/Developer/Xcode/DerivedData/entourage-cgufxcifbbuurcdqvxkcudhwmwam/Build/Products/Debug-iphonesimulator/PackageFrameworks -F/Users/clementperrousset/Library/Developer/Xcode/DerivedData/entourage-cgufxcifbbuurcdqvxkcudhwmwam/Build/Products/Debug-iphonesimulator/PackageFrameworks -F/Users/clementperrousset/Library/Developer/Xcode/DerivedData/entourage-cgufxcifbbuurcdqvxkcudhwmwam/Build/Products/Debug-iphonesimulator/PackageFrameworks -F/Users/clementperrousset/Library/Developer/Xcode/DerivedData/entourage-cgufxcifbbuurcdqvxkcudhwmwam/Build/Products/Debug-iphonesimulator/PackageFrameworks -F/Users/clementperrousset/Library/Developer/Xcode/DerivedData/entourage-cgufxcifbbuurcdqvxkcudhwmwam/Build/Products/Debug-iphonesimulator/PackageFrameworks -F/Users/clementperrousset/Library/Developer/Xcode/DerivedData/entourage-cgufxcifbbuurcdqvxkcudhwmwam/Build/Products/Debug-iphonesimulator/PackageFrameworks -F/Users/clementperrousset/Library/Developer/Xcode/DerivedData/entourage-cgufxcifbbuurcdqvxkcudhwmwam/Build/Products/Debug-iphonesimulator/PackageFrameworks -F/Users/clementperrousset/Library/Developer/Xcode/DerivedData/entourage-cgufxcifbbuurcdqvxkcudhwmwam/Build/Products/Debug-iphonesimulator/PackageFrameworks -F/Users/clementperrousset/Library/Developer/Xcode/DerivedData/entourage-cgufxcifbbuurcdqvxkcudhwmwam/Build/Products/Debug-iphonesimulator/PackageFrameworks -F/Users/clementperrousset/Library/Developer/Xcode/DerivedData/entourage-cgufxcifbbuurcdqvxkcudhwmwam/Build/Products/Debug-iphonesimulator/PackageFrameworks -F/Users/clementperrousset/Library/Developer/Xcode/DerivedData/entourage-cgufxcifbbuurcdqvxkcudhwmwam/Build/Products/Debug-iphonesimulator/PackageFrameworks -F/Users/clementperrousset/Library/Developer/Xcode/DerivedData/entourage-cgufxcifbbuurcdqvxkcudhwmwam/Build/Products/Debug-iphonesimulator/PackageFrameworks -F/Users/clementperrousset/Library/Developer/Xcode/DerivedData/entourage-cgufxcifbbuurcdqvxkcudhwmwam/Build/Products/Debug-iphonesimulator/PackageFrameworks -F/Users/clementperrousset/Library/Developer/Xcode/DerivedData/entourage-cgufxcifbbuurcdqvxkcudhwmwam/Build/Products/Debug-iphonesimulator/PackageFrameworks -F/Users/clementperrousset/Library/Developer/Xcode/DerivedData/entourage-cgufxcifbbuurcdqvxkcudhwmwam/Build/Products/Debug-iphonesimulator/PackageFrameworks -F/Users/clementperrousset/Library/Developer/Xcode/DerivedData/entourage-cgufxcifbbuurcdqvxkcudhwmwam/Build/Products/Debug-iphonesimulator/PackageFrameworks -F/Users/clementperrousset/Library/Developer/Xcode/DerivedData/entourage-cgufxcifbbuurcdqvxkcudhwmwam/Build/Products/Debug-iphonesimulator/PackageFrameworks -F/Users/clementperrousset/Library/Developer/Xcode/DerivedData/entourage-cgufxcifbbuurcdqvxkcudhwmwam/Build/Products/Debug-iphonesimulator/PackageFrameworks -F/Users/clementperrousset/Library/Developer/Xcode/DerivedData/entourage-cgufxcifbbuurcdqvxkcudhwmwam/Build/Products/Debug-iphonesimulator/PackageFrameworks -F/Users/clementperrousset/Library/Developer/Xcode/DerivedData/entourage-cgufxcifbbuurcdqvxkcudhwmwam/Build/Products/Debug-iphonesimulator/PackageFrameworks -F/Users/clementperrousset/Library/Developer/Xcode/DerivedData/entourage-cgufxcifbbuurcdqvxkcudhwmwam/Build/Products/Debug-iphonesimulator/PackageFrameworks -F/Users/clementperrousset/Library/Developer/Xcode/DerivedData/entourage-cgufxcifbbuurcdqvxkcudhwmwam/Build/Products/Debug-iphonesimulator/PackageFrameworks -F/Users/clementperrousset/Library/Developer/Xcode/DerivedData/entourage-cgufxcifbbuurcdqvxkcudhwmwam/Build/Products/Debug-iphonesimulator/PackageFrameworks -F/Users/clementperrousset/Library/Developer/Xcode/DerivedData/entourage-cgufxcifbbuurcdqvxkcudhwmwam/Build/Products/Debug-iphonesimulator/PackageFrameworks -F/Users/clementperrousset/Library/Developer/Xcode/DerivedData/entourage-cgufxcifbbuurcdqvxkcudhwmwam/Build/Products/Debug-iphonesimulator/PackageFrameworks -F/Users/clementperrousset/Library/Developer/Xcode/DerivedData/entourage-cgufxcifbbuurcdqvxkcudhwmwam/Build/Products/Debug-iphonesimulator -filelist /Users/clementperrousset/Library/Developer/Xcode/DerivedData/entourage-cgufxcifbbuurcdqvxkcudhwmwam/Build/Intermediates.noindex/entourage.build/Debug-iphonesimulator/entourage.build/Objects-normal/x86_64/Ent-Beta.LinkFileList -install_name @rpath/Ent-Beta.debug.dylib -Xlinker -rpath -Xlinker /usr/lib/swift -Xlinker -rpath -Xlinker /Users/clementperrousset/Library/Developer/Xcode/DerivedData/entourage-cgufxcifbbuurcdqvxkcudhwmwam/Build/Products/Debug-iphonesimulator/PackageFrameworks -Xlinker -rpath -Xlinker @executable_path/Frameworks -dead_strip -Xlinker -object_path_lto -Xlinker /Users/clementperrousset/Library/Developer/Xcode/DerivedData/entourage-cgufxcifbbuurcdqvxkcudhwmwam/Build/Intermediates.noindex/entourage.build/Debug-iphonesimulator/entourage.build/Objects-normal/x86_64/Ent-Beta_lto.o -rdynamic -Xlinker -no_deduplicate -Xlinker -objc_abi_version -Xlinker 2 -Xlinker -dependency_info -Xlinker /Users/clementperrousset/Library/Developer/Xcode/DerivedData/entourage-cgufxcifbbuurcdqvxkcudhwmwam/Build/Intermediates.noindex/entourage.build/Debug-iphonesimulator/entourage.build/Objects-normal/x86_64/Ent-Beta_dependency_info.dat -fobjc-arc -fobjc-link-runtime -L/Applications/Xcode.app/Contents/Developer/Toolchains/XcodeDefault.xctoolchain/usr/lib/swift/iphonesimulator -L/usr/lib/swift -Xlinker -add_ast_path -Xlinker /Users/clementperrousset/Library/Developer/Xcode/DerivedData/entourage-cgufxcifbbuurcdqvxkcudhwmwam/Build/Intermediates.noindex/entourage.build/Debug-iphonesimulator/entourage.build/Objects-normal/x86_64/Ent_Beta.swiftmodule @/Users/clementperrousset/Library/Developer/Xcode/DerivedData/entourage-cgufxcifbbuurcdqvxkcudhwmwam/Build/Intermediates.noindex/entourage.build/Debug-iphonesimulator/entourage.build/Objects-normal/x86_64/Ent_Beta-linker-args.resp -Wl,-no_warn_duplicate_libraries -Wl,-no_warn_duplicate_libraries -Wl,-no_warn_duplicate_libraries -Wl,-no_warn_duplicate_libraries -Wl,-no_warn_duplicate_libraries -Wl,-no_warn_duplicate_libraries -Wl,-no_warn_duplicate_libraries -Wl,-no_warn_duplicate_libraries -Wl,-no_warn_duplicate_libraries -Wl,-no_warn_duplicate_libraries -Wl,-no_warn_duplicate_libraries -Wl,-no_warn_duplicate_libraries -Wl,-no_warn_duplicate_libraries -Wl,-no_warn_duplicate_libraries -Wl,-no_warn_duplicate_libraries -Wl,-no_warn_duplicate_libraries -lc++ -Wl,-no_warn_duplicate_libraries -Wl,-no_warn_duplicate_libraries -Wl,-no_warn_duplicate_libraries -Wl,-no_warn_duplicate_libraries -Wl,-no_warn_duplicate_libraries -Wl,-no_warn_duplicate_libraries -Wl,-no_warn_duplicate_libraries -Wl,-no_warn_duplicate_libraries -Wl,-no_warn_duplicate_libraries -Wl,-no_warn_duplicate_libraries -Wl,-no_warn_duplicate_libraries -Wl,-no_warn_duplicate_libraries -Wl,-no_warn_duplicate_libraries -Wl,-no_warn_duplicate_libraries -Wl,-no_warn_duplicate_libraries -Wl,-no_warn_duplicate_libraries -Wl,-no_warn_duplicate_libraries -Wl,-no_warn_duplicate_libraries -Wl,-no_warn_duplicate_libraries -Wl,-no_warn_duplicate_libraries -Wl,-no_warn_duplicate_libraries -Wl,-no_warn_duplicate_libraries -Wl,-no_warn_duplicate_libraries -Wl,-no_warn_duplicate_libraries -Wl,-no_warn_duplicate_libraries -Wl,-no_warn_duplicate_libraries -Wl,-no_warn_duplicate_libraries -Wl,-no_warn_duplicate_libraries -framework DeviceCheck -framework UIKit -framework DeviceCheck -lz -framework Security -framework Security -framework SystemConfiguration -framework Security -framework SystemConfiguration -framework Security -framework SystemConfiguration -framework SystemConfiguration -framework CoreTelephony -framework SystemConfiguration -framework CoreGraphics -framework CoreLocation -framework CoreText -framework QuartzCore -framework Security -framework UIKit -lc++ -lz -framework StoreKit -lsqlite3 -lc++ -lz -framework StoreKit -lsqlite3 -lc++ -lz -Xlinker -alias -Xlinker _main -Xlinker ___debug_main_executable_dylib_entry_point -framework FirebaseAnalytics -framework GoogleAppMeasurementIdentitySupport -framework GoogleAppMeasurement /Users/clementperrousset/Library/Developer/Xcode/DerivedData/entourage-cgufxcifbbuurcdqvxkcudhwmwam/Build/Products/Debug-iphonesimulator/GooglePlaces.a -Xlinker -no_adhoc_codesign -o /Users/clementperrousset/Library/Developer/Xcode/DerivedData/entourage-cgufxcifbbuurcdqvxkcudhwmwam/Build/Intermediates.noindex/entourage.build/Debug-iphonesimulator/entourage.build/Objects-normal/x86_64/Binary/Ent-Beta.debug.dylib -Xlinker -add_ast_path -Xlinker /Users/clementperrousset/Library/Developer/Xcode/DerivedData/entourage-cgufxcifbbuurcdqvxkcudhwmwam/Build/Intermediates.noindex/Firebase.build/Debug-iphonesimulator/FirebaseCoreInternal.build/Objects-normal/x86_64/FirebaseCoreInternal.swiftmodule @/Users/clementperrousset/Library/Developer/Xcode/DerivedData/entourage-cgufxcifbbuurcdqvxkcudhwmwam/Build/Intermediates.noindex/Firebase.build/Debug-iphonesimulator/FirebaseCoreInternal.build/Objects-normal/x86_64/FirebaseCoreInternal-linker-args.resp -Xlinker -add_ast_path -Xlinker /Users/clementperrousset/Library/Developer/Xcode/DerivedData/entourage-cgufxcifbbuurcdqvxkcudhwmwam/Build/Intermediates.noindex/Promises.build/Debug-iphonesimulator/Promises.build/Objects-normal/x86_64/Promises.swiftmodule @/Users/clementperrousset/Library/Developer/Xcode/DerivedData/entourage-cgufxcifbbuurcdqvxkcudhwmwam/Build/Intermediates.noindex/Promises.build/Debug-iphonesimulator/Promises.build/Objects-normal/x86_64/Promises-linker-args.resp -Xlinker -add_ast_path -Xlinker /Users/clementperrousset/Library/Developer/Xcode/DerivedData/entourage-cgufxcifbbuurcdqvxkcudhwmwam/Build/Intermediates.noindex/Firebase.build/Debug-iphonesimulator/FirebaseSessions.build/Objects-normal/x86_64/FirebaseSessions.swiftmodule @/Users/clementperrousset/Library/Developer/Xcode/DerivedData/entourage-cgufxcifbbuurcdqvxkcudhwmwam/Build/Intermediates.noindex/Firebase.build/Debug-iphonesimulator/FirebaseSessions.build/Objects-normal/x86_64/FirebaseSessions-linker-args.resp -Xlinker -add_ast_path -Xlinker /Users/clementperrousset/Library/Developer/Xcode/DerivedData/entourage-cgufxcifbbuurcdqvxkcudhwmwam/Build/Intermediates.noindex/Firebase.build/Debug-iphonesimulator/FirebaseRemoteConfigInterop.build/Objects-normal/x86_64/FirebaseRemoteConfigInterop.swiftmodule @/Users/clementperrousset/Library/Developer/Xcode/DerivedData/entourage-cgufxcifbbuurcdqvxkcudhwmwam/Build/Intermediates.noindex/Firebase.build/Debug-iphonesimulator/FirebaseRemoteConfigInterop.build/Objects-normal/x86_64/FirebaseRemoteConfigInterop-linker-args.resp -Xlinker -add_ast_path -Xlinker /Users/clementperrousset/Library/Developer/Xcode/DerivedData/entourage-cgufxcifbbuurcdqvxkcudhwmwam/Build/Intermediates.noindex/Firebase.build/Debug-iphonesimulator/FirebaseCrashlyticsSwift.build/Objects-normal/x86_64/FirebaseCrashlyticsSwift.swiftmodule @/Users/clementperrousset/Library/Developer/Xcode/DerivedData/entourage-cgufxcifbbuurcdqvxkcudhwmwam/Build/Intermediates.noindex/Firebase.build/Debug-iphonesimulator/FirebaseCrashlyticsSwift.build/Objects-normal/x86_64/FirebaseCrashlyticsSwift-linker-args.resp -Xlinker -add_ast_path -Xlinker /Users/clementperrousset/Library/Developer/Xcode/DerivedData/entourage-cgufxcifbbuurcdqvxkcudhwmwam/Build/Intermediates.noindex/Nantes.build/Debug-iphonesimulator/Nantes.build/Objects-normal/x86_64/Nantes.swiftmodule @/Users/clementperrousset/Library/Developer/Xcode/DerivedData/entourage-cgufxcifbbuurcdqvxkcudhwmwam/Build/Intermediates.noindex/Nantes.build/Debug-iphonesimulator/Nantes.build/Objects-normal/x86_64/Nantes-linker-args.resp -Xlinker -add_ast_path -Xlinker /Users/clementperrousset/Library/Developer/Xcode/DerivedData/entourage-cgufxcifbbuurcdqvxkcudhwmwam/Build/Intermediates.noindex/Firebase.build/Debug-iphonesimulator/FirebaseRemoteConfig.build/Objects-normal/x86_64/FirebaseRemoteConfig.swiftmodule @/Users/clementperrousset/Library/Developer/Xcode/DerivedData/entourage-cgufxcifbbuurcdqvxkcudhwmwam/Build/Intermediates.noindex/Firebase.build/Debug-iphonesimulator/FirebaseRemoteConfig.build/Objects-normal/x86_64/FirebaseRemoteConfig-linker-args.resp -Xlinker -add_ast_path -Xlinker /Users/clementperrousset/Library/Developer/Xcode/DerivedData/entourage-cgufxcifbbuurcdqvxkcudhwmwam/Build/Intermediates.noindex/Firebase.build/Debug-iphonesimulator/FirebaseSharedSwift.build/Objects-normal/x86_64/FirebaseSharedSwift.swiftmodule @/Users/clementperrousset/Library/Developer/Xcode/DerivedData/entourage-cgufxcifbbuurcdqvxkcudhwmwam/Build/Intermediates.noindex/Firebase.build/Debug-iphonesimulator/FirebaseSharedSwift.build/Objects-normal/x86_64/FirebaseSharedSwift-linker-args.resp -Xlinker -add_ast_path -Xlinker /Users/clementperrousset/Library/Developer/Xcode/DerivedData/entourage-cgufxcifbbuurcdqvxkcudhwmwam/Build/Intermediates.noindex/IQKeyboardManagerSwift.build/Debug-iphonesimulator/IQKeyboardManagerSwift.build/Objects-normal/x86_64/IQKeyboardManagerSwift.swiftmodule @/Users/clementperrousset/Library/Developer/Xcode/DerivedData/entourage-cgufxcifbbuurcdqvxkcudhwmwam/Build/Intermediates.noindex/IQKeyboardManagerSwift.build/Debug-iphonesimulator/IQKeyboardManagerSwift.build/Objects-normal/x86_64/IQKeyboardManagerSwift-linker-args.resp -Xlinker -add_ast_path -Xlinker /Users/clementperrousset/Library/Developer/Xcode/DerivedData/entourage-cgufxcifbbuurcdqvxkcudhwmwam/Build/Intermediates.noindex/ActiveLabel.build/Debug-iphonesimulator/ActiveLabel.build/Objects-normal/x86_64/ActiveLabel.swiftmodule @/Users/clementperrousset/Library/Developer/Xcode/DerivedData/entourage-cgufxcifbbuurcdqvxkcudhwmwam/Build/Intermediates.noindex/ActiveLabel.build/Debug-iphonesimulator/ActiveLabel.build/Objects-normal/x86_64/ActiveLabel-linker-args.resp -Xlinker -add_ast_path -Xlinker /Users/clementperrousset/Library/Developer/Xcode/DerivedData/entourage-cgufxcifbbuurcdqvxkcudhwmwam/Build/Intermediates.noindex/Lottie.build/Debug-iphonesimulator/Lottie.build/Objects-normal/x86_64/Lottie.swiftmodule @/Users/clementperrousset/Library/Developer/Xcode/DerivedData/entourage-cgufxcifbbuurcdqvxkcudhwmwam/Build/Intermediates.noindex/Lottie.build/Debug-iphonesimulator/Lottie.build/Objects-normal/x86_64/Lottie-linker-args.resp -Xlinker -add_ast_path -Xlinker /Users/clementperrousset/Library/Developer/Xcode/DerivedData/entourage-cgufxcifbbuurcdqvxkcudhwmwam/Build/Intermediates.noindex/Mantis.build/Debug-iphonesimulator/Mantis.build/Objects-normal/x86_64/Mantis.swiftmodule @/Users/clementperrousset/Library/Developer/Xcode/DerivedData/entourage-cgufxcifbbuurcdqvxkcudhwmwam/Build/Intermediates.noindex/Mantis.build/Debug-iphonesimulator/Mantis.build/Objects-normal/x86_64/Mantis-linker-args.resp
ld: warning: object file (/Users/clementperrousset/Library/Developer/Xcode/DerivedData/entourage-cgufxcifbbuurcdqvxkcudhwmwam/Build/Products/Debug-iphonesimulator/GooglePlacesTarget.o) was built for newer 'iOS-simulator' version (15.0) than being linked (14.0)
ld: warning: object file (/Users/clementperrousset/Library/Developer/Xcode/DerivedData/entourage-cgufxcifbbuurcdqvxkcudhwmwam/Build/Products/Debug-iphonesimulator/GooglePlaces.a[x86_64][2](GooglePlaces_object.a)) was built for newer 'iOS-simulator' version (15.0) than being linked (14.0)

ConstructStubExecutorLinkFileList /Users/clementperrousset/Library/Developer/Xcode/DerivedData/entourage-cgufxcifbbuurcdqvxkcudhwmwam/Build/Intermediates.noindex/entourage.build/Debug-iphonesimulator/entourage.build/Ent-Beta-ExecutorLinkFileList-normal-x86_64.txt (in target 'entourage' from project 'entourage')
    cd /Users/clementperrousset/Dev/entourage-ios
    construct-stub-executor-link-file-list /Users/clementperrousset/Library/Developer/Xcode/DerivedData/entourage-cgufxcifbbuurcdqvxkcudhwmwam/Build/Intermediates.noindex/entourage.build/Debug-iphonesimulator/entourage.build/Objects-normal/x86_64/Binary/Ent-Beta.debug.dylib /Applications/Xcode.app/Contents/Developer/Platforms/iPhoneSimulator.platform/Developer/usr/lib/libPreviewsJITStubExecutor_no_swift_entry_point.a /Applications/Xcode.app/Contents/Developer/Platforms/iPhoneSimulator.platform/Developer/usr/lib/libPreviewsJITStubExecutor.a --output /Users/clementperrousset/Library/Developer/Xcode/DerivedData/entourage-cgufxcifbbuurcdqvxkcudhwmwam/Build/Intermediates.noindex/entourage.build/Debug-iphonesimulator/entourage.build/Ent-Beta-ExecutorLinkFileList-normal-x86_64.txt
note: Using stub executor library with Swift entry point. (in target 'entourage' from project 'entourage')

Ld /Users/clementperrousset/Library/Developer/Xcode/DerivedData/entourage-cgufxcifbbuurcdqvxkcudhwmwam/Build/Intermediates.noindex/entourage.build/Debug-iphonesimulator/entourage.build/Objects-normal/x86_64/Binary/Ent-Beta normal x86_64 (in target 'entourage' from project 'entourage')
    cd /Users/clementperrousset/Dev/entourage-ios
    /Applications/Xcode.app/Contents/Developer/Toolchains/XcodeDefault.xctoolchain/usr/bin/clang -Xlinker -reproducible -target x86_64-apple-ios14.0-simulator -isysroot /Applications/Xcode.app/Contents/Developer/Platforms/iPhoneSimulator.platform/Developer/SDKs/iPhoneSimulator26.2.sdk -O0 -L/Users/clementperrousset/Library/Developer/Xcode/DerivedData/entourage-cgufxcifbbuurcdqvxkcudhwmwam/Build/Products/Debug-iphonesimulator -F/Users/clementperrousset/Library/Developer/Xcode/DerivedData/entourage-cgufxcifbbuurcdqvxkcudhwmwam/Build/Products/Debug-iphonesimulator/PackageFrameworks -F/Users/clementperrousset/Library/Developer/Xcode/DerivedData/entourage-cgufxcifbbuurcdqvxkcudhwmwam/Build/Products/Debug-iphonesimulator/PackageFrameworks -F/Users/clementperrousset/Library/Developer/Xcode/DerivedData/entourage-cgufxcifbbuurcdqvxkcudhwmwam/Build/Products/Debug-iphonesimulator/PackageFrameworks -F/Users/clementperrousset/Library/Developer/Xcode/DerivedData/entourage-cgufxcifbbuurcdqvxkcudhwmwam/Build/Products/Debug-iphonesimulator/PackageFrameworks -F/Users/clementperrousset/Library/Developer/Xcode/DerivedData/entourage-cgufxcifbbuurcdqvxkcudhwmwam/Build/Products/Debug-iphonesimulator/PackageFrameworks -F/Users/clementperrousset/Library/Developer/Xcode/DerivedData/entourage-cgufxcifbbuurcdqvxkcudhwmwam/Build/Products/Debug-iphonesimulator/PackageFrameworks -F/Users/clementperrousset/Library/Developer/Xcode/DerivedData/entourage-cgufxcifbbuurcdqvxkcudhwmwam/Build/Products/Debug-iphonesimulator/PackageFrameworks -F/Users/clementperrousset/Library/Developer/Xcode/DerivedData/entourage-cgufxcifbbuurcdqvxkcudhwmwam/Build/Products/Debug-iphonesimulator/PackageFrameworks -F/Users/clementperrousset/Library/Developer/Xcode/DerivedData/entourage-cgufxcifbbuurcdqvxkcudhwmwam/Build/Products/Debug-iphonesimulator/PackageFrameworks -F/Users/clementperrousset/Library/Developer/Xcode/DerivedData/entourage-cgufxcifbbuurcdqvxkcudhwmwam/Build/Products/Debug-iphonesimulator/PackageFrameworks -F/Users/clementperrousset/Library/Developer/Xcode/DerivedData/entourage-cgufxcifbbuurcdqvxkcudhwmwam/Build/Products/Debug-iphonesimulator/PackageFrameworks -F/Users/clementperrousset/Library/Developer/Xcode/DerivedData/entourage-cgufxcifbbuurcdqvxkcudhwmwam/Build/Products/Debug-iphonesimulator/PackageFrameworks -F/Users/clementperrousset/Library/Developer/Xcode/DerivedData/entourage-cgufxcifbbuurcdqvxkcudhwmwam/Build/Products/Debug-iphonesimulator/PackageFrameworks -F/Users/clementperrousset/Library/Developer/Xcode/DerivedData/entourage-cgufxcifbbuurcdqvxkcudhwmwam/Build/Products/Debug-iphonesimulator/PackageFrameworks -F/Users/clementperrousset/Library/Developer/Xcode/DerivedData/entourage-cgufxcifbbuurcdqvxkcudhwmwam/Build/Products/Debug-iphonesimulator/PackageFrameworks -F/Users/clementperrousset/Library/Developer/Xcode/DerivedData/entourage-cgufxcifbbuurcdqvxkcudhwmwam/Build/Products/Debug-iphonesimulator/PackageFrameworks -F/Users/clementperrousset/Library/Developer/Xcode/DerivedData/entourage-cgufxcifbbuurcdqvxkcudhwmwam/Build/Products/Debug-iphonesimulator/PackageFrameworks -F/Users/clementperrousset/Library/Developer/Xcode/DerivedData/entourage-cgufxcifbbuurcdqvxkcudhwmwam/Build/Products/Debug-iphonesimulator/PackageFrameworks -F/Users/clementperrousset/Library/Developer/Xcode/DerivedData/entourage-cgufxcifbbuurcdqvxkcudhwmwam/Build/Products/Debug-iphonesimulator/PackageFrameworks -F/Users/clementperrousset/Library/Developer/Xcode/DerivedData/entourage-cgufxcifbbuurcdqvxkcudhwmwam/Build/Products/Debug-iphonesimulator/PackageFrameworks -F/Users/clementperrousset/Library/Developer/Xcode/DerivedData/entourage-cgufxcifbbuurcdqvxkcudhwmwam/Build/Products/Debug-iphonesimulator/PackageFrameworks -F/Users/clementperrousset/Library/Developer/Xcode/DerivedData/entourage-cgufxcifbbuurcdqvxkcudhwmwam/Build/Products/Debug-iphonesimulator/PackageFrameworks -F/Users/clementperrousset/Library/Developer/Xcode/DerivedData/entourage-cgufxcifbbuurcdqvxkcudhwmwam/Build/Products/Debug-iphonesimulator/PackageFrameworks -F/Users/clementperrousset/Library/Developer/Xcode/DerivedData/entourage-cgufxcifbbuurcdqvxkcudhwmwam/Build/Products/Debug-iphonesimulator/PackageFrameworks -F/Users/clementperrousset/Library/Developer/Xcode/DerivedData/entourage-cgufxcifbbuurcdqvxkcudhwmwam/Build/Products/Debug-iphonesimulator/PackageFrameworks -F/Users/clementperrousset/Library/Developer/Xcode/DerivedData/entourage-cgufxcifbbuurcdqvxkcudhwmwam/Build/Products/Debug-iphonesimulator/PackageFrameworks -F/Users/clementperrousset/Library/Developer/Xcode/DerivedData/entourage-cgufxcifbbuurcdqvxkcudhwmwam/Build/Products/Debug-iphonesimulator/PackageFrameworks -F/Users/clementperrousset/Library/Developer/Xcode/DerivedData/entourage-cgufxcifbbuurcdqvxkcudhwmwam/Build/Products/Debug-iphonesimulator/PackageFrameworks -F/Users/clementperrousset/Library/Developer/Xcode/DerivedData/entourage-cgufxcifbbuurcdqvxkcudhwmwam/Build/Products/Debug-iphonesimulator/PackageFrameworks -F/Users/clementperrousset/Library/Developer/Xcode/DerivedData/entourage-cgufxcifbbuurcdqvxkcudhwmwam/Build/Products/Debug-iphonesimulator/PackageFrameworks -F/Users/clementperrousset/Library/Developer/Xcode/DerivedData/entourage-cgufxcifbbuurcdqvxkcudhwmwam/Build/Products/Debug-iphonesimulator/PackageFrameworks -F/Users/clementperrousset/Library/Developer/Xcode/DerivedData/entourage-cgufxcifbbuurcdqvxkcudhwmwam/Build/Products/Debug-iphonesimulator/PackageFrameworks -F/Users/clementperrousset/Library/Developer/Xcode/DerivedData/entourage-cgufxcifbbuurcdqvxkcudhwmwam/Build/Products/Debug-iphonesimulator/PackageFrameworks -F/Users/clementperrousset/Library/Developer/Xcode/DerivedData/entourage-cgufxcifbbuurcdqvxkcudhwmwam/Build/Products/Debug-iphonesimulator/PackageFrameworks -F/Users/clementperrousset/Library/Developer/Xcode/DerivedData/entourage-cgufxcifbbuurcdqvxkcudhwmwam/Build/Products/Debug-iphonesimulator/PackageFrameworks -F/Users/clementperrousset/Library/Developer/Xcode/DerivedData/entourage-cgufxcifbbuurcdqvxkcudhwmwam/Build/Products/Debug-iphonesimulator/PackageFrameworks -F/Users/clementperrousset/Library/Developer/Xcode/DerivedData/entourage-cgufxcifbbuurcdqvxkcudhwmwam/Build/Products/Debug-iphonesimulator/PackageFrameworks -F/Users/clementperrousset/Library/Developer/Xcode/DerivedData/entourage-cgufxcifbbuurcdqvxkcudhwmwam/Build/Products/Debug-iphonesimulator/PackageFrameworks -F/Users/clementperrousset/Library/Developer/Xcode/DerivedData/entourage-cgufxcifbbuurcdqvxkcudhwmwam/Build/Products/Debug-iphonesimulator/PackageFrameworks -F/Users/clementperrousset/Library/Developer/Xcode/DerivedData/entourage-cgufxcifbbuurcdqvxkcudhwmwam/Build/Products/Debug-iphonesimulator/PackageFrameworks -F/Users/clementperrousset/Library/Developer/Xcode/DerivedData/entourage-cgufxcifbbuurcdqvxkcudhwmwam/Build/Products/Debug-iphonesimulator/PackageFrameworks -F/Users/clementperrousset/Library/Developer/Xcode/DerivedData/entourage-cgufxcifbbuurcdqvxkcudhwmwam/Build/Products/Debug-iphonesimulator/PackageFrameworks -F/Users/clementperrousset/Library/Developer/Xcode/DerivedData/entourage-cgufxcifbbuurcdqvxkcudhwmwam/Build/Products/Debug-iphonesimulator/PackageFrameworks -F/Users/clementperrousset/Library/Developer/Xcode/DerivedData/entourage-cgufxcifbbuurcdqvxkcudhwmwam/Build/Products/Debug-iphonesimulator/PackageFrameworks -F/Users/clementperrousset/Library/Developer/Xcode/DerivedData/entourage-cgufxcifbbuurcdqvxkcudhwmwam/Build/Products/Debug-iphonesimulator -Xlinker -rpath -Xlinker @executable_path -Xlinker -rpath -Xlinker /Users/clementperrousset/Library/Developer/Xcode/DerivedData/entourage-cgufxcifbbuurcdqvxkcudhwmwam/Build/Products/Debug-iphonesimulator/PackageFrameworks -Xlinker -rpath -Xlinker @executable_path/Frameworks -rdynamic -Xlinker -no_deduplicate -Xlinker -objc_abi_version -Xlinker 2 -e ___debug_blank_executor_main -Xlinker -sectcreate -Xlinker __TEXT -Xlinker __debug_dylib -Xlinker /Users/clementperrousset/Library/Developer/Xcode/DerivedData/entourage-cgufxcifbbuurcdqvxkcudhwmwam/Build/Intermediates.noindex/entourage.build/Debug-iphonesimulator/entourage.build/Ent-Beta-DebugDylibPath-normal-x86_64.txt -Xlinker -sectcreate -Xlinker __TEXT -Xlinker __debug_instlnm -Xlinker /Users/clementperrousset/Library/Developer/Xcode/DerivedData/entourage-cgufxcifbbuurcdqvxkcudhwmwam/Build/Intermediates.noindex/entourage.build/Debug-iphonesimulator/entourage.build/Ent-Beta-DebugDylibInstallName-normal-x86_64.txt -Xlinker -filelist -Xlinker /Users/clementperrousset/Library/Developer/Xcode/DerivedData/entourage-cgufxcifbbuurcdqvxkcudhwmwam/Build/Intermediates.noindex/entourage.build/Debug-iphonesimulator/entourage.build/Ent-Beta-ExecutorLinkFileList-normal-x86_64.txt -Xlinker -sectcreate -Xlinker __TEXT -Xlinker __entitlements -Xlinker /Users/clementperrousset/Library/Developer/Xcode/DerivedData/entourage-cgufxcifbbuurcdqvxkcudhwmwam/Build/Intermediates.noindex/entourage.build/Debug-iphonesimulator/entourage.build/Ent-Beta.app-Simulated.xcent -Xlinker -sectcreate -Xlinker __TEXT -Xlinker __ents_der -Xlinker /Users/clementperrousset/Library/Developer/Xcode/DerivedData/entourage-cgufxcifbbuurcdqvxkcudhwmwam/Build/Intermediates.noindex/entourage.build/Debug-iphonesimulator/entourage.build/Ent-Beta.app-Simulated.xcent.der /Users/clementperrousset/Library/Developer/Xcode/DerivedData/entourage-cgufxcifbbuurcdqvxkcudhwmwam/Build/Intermediates.noindex/entourage.build/Debug-iphonesimulator/entourage.build/Objects-normal/x86_64/Binary/Ent-Beta.debug.dylib -Xlinker -no_adhoc_codesign -o /Users/clementperrousset/Library/Developer/Xcode/DerivedData/entourage-cgufxcifbbuurcdqvxkcudhwmwam/Build/Intermediates.noindex/entourage.build/Debug-iphonesimulator/entourage.build/Objects-normal/x86_64/Binary/Ent-Beta

CreateUniversalBinary /Users/clementperrousset/Library/Developer/Xcode/DerivedData/entourage-cgufxcifbbuurcdqvxkcudhwmwam/Build/Products/Debug-iphonesimulator/Ent-Beta.app/Ent-Beta.debug.dylib normal arm64\ x86_64 (in target 'entourage' from project 'entourage')
    cd /Users/clementperrousset/Dev/entourage-ios
    /Applications/Xcode.app/Contents/Developer/Toolchains/XcodeDefault.xctoolchain/usr/bin/lipo -create /Users/clementperrousset/Library/Developer/Xcode/DerivedData/entourage-cgufxcifbbuurcdqvxkcudhwmwam/Build/Intermediates.noindex/entourage.build/Debug-iphonesimulator/entourage.build/Objects-normal/arm64/Binary/Ent-Beta.debug.dylib /Users/clementperrousset/Library/Developer/Xcode/DerivedData/entourage-cgufxcifbbuurcdqvxkcudhwmwam/Build/Intermediates.noindex/entourage.build/Debug-iphonesimulator/entourage.build/Objects-normal/x86_64/Binary/Ent-Beta.debug.dylib -output /Users/clementperrousset/Library/Developer/Xcode/DerivedData/entourage-cgufxcifbbuurcdqvxkcudhwmwam/Build/Products/Debug-iphonesimulator/Ent-Beta.app/Ent-Beta.debug.dylib

Copy /Users/clementperrousset/Library/Developer/Xcode/DerivedData/entourage-cgufxcifbbuurcdqvxkcudhwmwam/Build/Products/Debug-iphonesimulator/Ent_Beta.swiftmodule/x86_64-apple-ios-simulator.swiftmodule /Users/clementperrousset/Library/Developer/Xcode/DerivedData/entourage-cgufxcifbbuurcdqvxkcudhwmwam/Build/Intermediates.noindex/entourage.build/Debug-iphonesimulator/entourage.build/Objects-normal/x86_64/Ent_Beta.swiftmodule (in target 'entourage' from project 'entourage')
    cd /Users/clementperrousset/Dev/entourage-ios
    builtin-copy -exclude .DS_Store -exclude CVS -exclude .svn -exclude .git -exclude .hg -resolve-src-symlinks -rename /Users/clementperrousset/Library/Developer/Xcode/DerivedData/entourage-cgufxcifbbuurcdqvxkcudhwmwam/Build/Intermediates.noindex/entourage.build/Debug-iphonesimulator/entourage.build/Objects-normal/x86_64/Ent_Beta.swiftmodule /Users/clementperrousset/Library/Developer/Xcode/DerivedData/entourage-cgufxcifbbuurcdqvxkcudhwmwam/Build/Products/Debug-iphonesimulator/Ent_Beta.swiftmodule/x86_64-apple-ios-simulator.swiftmodule

Copy /Users/clementperrousset/Library/Developer/Xcode/DerivedData/entourage-cgufxcifbbuurcdqvxkcudhwmwam/Build/Products/Debug-iphonesimulator/Ent_Beta.swiftmodule/x86_64-apple-ios-simulator.abi.json /Users/clementperrousset/Library/Developer/Xcode/DerivedData/entourage-cgufxcifbbuurcdqvxkcudhwmwam/Build/Intermediates.noindex/entourage.build/Debug-iphonesimulator/entourage.build/Objects-normal/x86_64/Ent_Beta.abi.json (in target 'entourage' from project 'entourage')
    cd /Users/clementperrousset/Dev/entourage-ios
    builtin-copy -exclude .DS_Store -exclude CVS -exclude .svn -exclude .git -exclude .hg -resolve-src-symlinks -rename /Users/clementperrousset/Library/Developer/Xcode/DerivedData/entourage-cgufxcifbbuurcdqvxkcudhwmwam/Build/Intermediates.noindex/entourage.build/Debug-iphonesimulator/entourage.build/Objects-normal/x86_64/Ent_Beta.abi.json /Users/clementperrousset/Library/Developer/Xcode/DerivedData/entourage-cgufxcifbbuurcdqvxkcudhwmwam/Build/Products/Debug-iphonesimulator/Ent_Beta.swiftmodule/x86_64-apple-ios-simulator.abi.json

Copy /Users/clementperrousset/Library/Developer/Xcode/DerivedData/entourage-cgufxcifbbuurcdqvxkcudhwmwam/Build/Products/Debug-iphonesimulator/Ent_Beta.swiftmodule/arm64-apple-ios-simulator.swiftmodule /Users/clementperrousset/Library/Developer/Xcode/DerivedData/entourage-cgufxcifbbuurcdqvxkcudhwmwam/Build/Intermediates.noindex/entourage.build/Debug-iphonesimulator/entourage.build/Objects-normal/arm64/Ent_Beta.swiftmodule (in target 'entourage' from project 'entourage')
    cd /Users/clementperrousset/Dev/entourage-ios
    builtin-copy -exclude .DS_Store -exclude CVS -exclude .svn -exclude .git -exclude .hg -resolve-src-symlinks -rename /Users/clementperrousset/Library/Developer/Xcode/DerivedData/entourage-cgufxcifbbuurcdqvxkcudhwmwam/Build/Intermediates.noindex/entourage.build/Debug-iphonesimulator/entourage.build/Objects-normal/arm64/Ent_Beta.swiftmodule /Users/clementperrousset/Library/Developer/Xcode/DerivedData/entourage-cgufxcifbbuurcdqvxkcudhwmwam/Build/Products/Debug-iphonesimulator/Ent_Beta.swiftmodule/arm64-apple-ios-simulator.swiftmodule

Copy /Users/clementperrousset/Library/Developer/Xcode/DerivedData/entourage-cgufxcifbbuurcdqvxkcudhwmwam/Build/Products/Debug-iphonesimulator/Ent_Beta.swiftmodule/Project/arm64-apple-ios-simulator.swiftsourceinfo /Users/clementperrousset/Library/Developer/Xcode/DerivedData/entourage-cgufxcifbbuurcdqvxkcudhwmwam/Build/Intermediates.noindex/entourage.build/Debug-iphonesimulator/entourage.build/Objects-normal/arm64/Ent_Beta.swiftsourceinfo (in target 'entourage' from project 'entourage')
    cd /Users/clementperrousset/Dev/entourage-ios
    builtin-copy -exclude .DS_Store -exclude CVS -exclude .svn -exclude .git -exclude .hg -resolve-src-symlinks -rename /Users/clementperrousset/Library/Developer/Xcode/DerivedData/entourage-cgufxcifbbuurcdqvxkcudhwmwam/Build/Intermediates.noindex/entourage.build/Debug-iphonesimulator/entourage.build/Objects-normal/arm64/Ent_Beta.swiftsourceinfo /Users/clementperrousset/Library/Developer/Xcode/DerivedData/entourage-cgufxcifbbuurcdqvxkcudhwmwam/Build/Products/Debug-iphonesimulator/Ent_Beta.swiftmodule/Project/arm64-apple-ios-simulator.swiftsourceinfo

Copy /Users/clementperrousset/Library/Developer/Xcode/DerivedData/entourage-cgufxcifbbuurcdqvxkcudhwmwam/Build/Products/Debug-iphonesimulator/Ent_Beta.swiftmodule/arm64-apple-ios-simulator.abi.json /Users/clementperrousset/Library/Developer/Xcode/DerivedData/entourage-cgufxcifbbuurcdqvxkcudhwmwam/Build/Intermediates.noindex/entourage.build/Debug-iphonesimulator/entourage.build/Objects-normal/arm64/Ent_Beta.abi.json (in target 'entourage' from project 'entourage')
    cd /Users/clementperrousset/Dev/entourage-ios
    builtin-copy -exclude .DS_Store -exclude CVS -exclude .svn -exclude .git -exclude .hg -resolve-src-symlinks -rename /Users/clementperrousset/Library/Developer/Xcode/DerivedData/entourage-cgufxcifbbuurcdqvxkcudhwmwam/Build/Intermediates.noindex/entourage.build/Debug-iphonesimulator/entourage.build/Objects-normal/arm64/Ent_Beta.abi.json /Users/clementperrousset/Library/Developer/Xcode/DerivedData/entourage-cgufxcifbbuurcdqvxkcudhwmwam/Build/Products/Debug-iphonesimulator/Ent_Beta.swiftmodule/arm64-apple-ios-simulator.abi.json

Copy /Users/clementperrousset/Library/Developer/Xcode/DerivedData/entourage-cgufxcifbbuurcdqvxkcudhwmwam/Build/Products/Debug-iphonesimulator/Ent_Beta.swiftmodule/Project/x86_64-apple-ios-simulator.swiftsourceinfo /Users/clementperrousset/Library/Developer/Xcode/DerivedData/entourage-cgufxcifbbuurcdqvxkcudhwmwam/Build/Intermediates.noindex/entourage.build/Debug-iphonesimulator/entourage.build/Objects-normal/x86_64/Ent_Beta.swiftsourceinfo (in target 'entourage' from project 'entourage')
    cd /Users/clementperrousset/Dev/entourage-ios
    builtin-copy -exclude .DS_Store -exclude CVS -exclude .svn -exclude .git -exclude .hg -resolve-src-symlinks -rename /Users/clementperrousset/Library/Developer/Xcode/DerivedData/entourage-cgufxcifbbuurcdqvxkcudhwmwam/Build/Intermediates.noindex/entourage.build/Debug-iphonesimulator/entourage.build/Objects-normal/x86_64/Ent_Beta.swiftsourceinfo /Users/clementperrousset/Library/Developer/Xcode/DerivedData/entourage-cgufxcifbbuurcdqvxkcudhwmwam/Build/Products/Debug-iphonesimulator/Ent_Beta.swiftmodule/Project/x86_64-apple-ios-simulator.swiftsourceinfo

CreateUniversalBinary /Users/clementperrousset/Library/Developer/Xcode/DerivedData/entourage-cgufxcifbbuurcdqvxkcudhwmwam/Build/Products/Debug-iphonesimulator/Ent-Beta.app/Ent-Beta normal arm64\ x86_64 (in target 'entourage' from project 'entourage')
    cd /Users/clementperrousset/Dev/entourage-ios
    /Applications/Xcode.app/Contents/Developer/Toolchains/XcodeDefault.xctoolchain/usr/bin/lipo -create /Users/clementperrousset/Library/Developer/Xcode/DerivedData/entourage-cgufxcifbbuurcdqvxkcudhwmwam/Build/Intermediates.noindex/entourage.build/Debug-iphonesimulator/entourage.build/Objects-normal/arm64/Binary/Ent-Beta /Users/clementperrousset/Library/Developer/Xcode/DerivedData/entourage-cgufxcifbbuurcdqvxkcudhwmwam/Build/Intermediates.noindex/entourage.build/Debug-iphonesimulator/entourage.build/Objects-normal/x86_64/Binary/Ent-Beta -output /Users/clementperrousset/Library/Developer/Xcode/DerivedData/entourage-cgufxcifbbuurcdqvxkcudhwmwam/Build/Products/Debug-iphonesimulator/Ent-Beta.app/Ent-Beta

ExtractAppIntentsMetadata (in target 'entourage' from project 'entourage')
    cd /Users/clementperrousset/Dev/entourage-ios
    /Applications/Xcode.app/Contents/Developer/Toolchains/XcodeDefault.xctoolchain/usr/bin/appintentsmetadataprocessor --toolchain-dir /Applications/Xcode.app/Contents/Developer/Toolchains/XcodeDefault.xctoolchain --module-name Ent_Beta --sdk-root /Applications/Xcode.app/Contents/Developer/Platforms/iPhoneSimulator.platform/Developer/SDKs/iPhoneSimulator26.2.sdk --xcode-version 17C52 --platform-family iOS --deployment-target 14.0 --bundle-identifier social.entourage.entourageios.beta --output /Users/clementperrousset/Library/Developer/Xcode/DerivedData/entourage-cgufxcifbbuurcdqvxkcudhwmwam/Build/Products/Debug-iphonesimulator/Ent-Beta.app --target-triple arm64-apple-ios14.0-simulator --target-triple x86_64-apple-ios14.0-simulator --binary-file /Users/clementperrousset/Library/Developer/Xcode/DerivedData/entourage-cgufxcifbbuurcdqvxkcudhwmwam/Build/Products/Debug-iphonesimulator/Ent-Beta.app/Ent-Beta --dependency-file /Users/clementperrousset/Library/Developer/Xcode/DerivedData/entourage-cgufxcifbbuurcdqvxkcudhwmwam/Build/Intermediates.noindex/entourage.build/Debug-iphonesimulator/entourage.build/Objects-normal/arm64/Ent-Beta_dependency_info.dat --dependency-file /Users/clementperrousset/Library/Developer/Xcode/DerivedData/entourage-cgufxcifbbuurcdqvxkcudhwmwam/Build/Intermediates.noindex/entourage.build/Debug-iphonesimulator/entourage.build/Objects-normal/x86_64/Ent-Beta_dependency_info.dat --stringsdata-file /Users/clementperrousset/Library/Developer/Xcode/DerivedData/entourage-cgufxcifbbuurcdqvxkcudhwmwam/Build/Intermediates.noindex/entourage.build/Debug-iphonesimulator/entourage.build/Objects-normal/arm64/ExtractedAppShortcutsMetadata.stringsdata --stringsdata-file /Users/clementperrousset/Library/Developer/Xcode/DerivedData/entourage-cgufxcifbbuurcdqvxkcudhwmwam/Build/Intermediates.noindex/entourage.build/Debug-iphonesimulator/entourage.build/Objects-normal/x86_64/ExtractedAppShortcutsMetadata.stringsdata --source-file-list /Users/clementperrousset/Library/Developer/Xcode/DerivedData/entourage-cgufxcifbbuurcdqvxkcudhwmwam/Build/Intermediates.noindex/entourage.build/Debug-iphonesimulator/entourage.build/Objects-normal/arm64/Ent-Beta.SwiftFileList --source-file-list /Users/clementperrousset/Library/Developer/Xcode/DerivedData/entourage-cgufxcifbbuurcdqvxkcudhwmwam/Build/Intermediates.noindex/entourage.build/Debug-iphonesimulator/entourage.build/Objects-normal/x86_64/Ent-Beta.SwiftFileList --metadata-file-list /Users/clementperrousset/Library/Developer/Xcode/DerivedData/entourage-cgufxcifbbuurcdqvxkcudhwmwam/Build/Intermediates.noindex/entourage.build/Debug-iphonesimulator/entourage.build/Ent-Beta.DependencyMetadataFileList --static-metadata-file-list /Users/clementperrousset/Library/Developer/Xcode/DerivedData/entourage-cgufxcifbbuurcdqvxkcudhwmwam/Build/Intermediates.noindex/entourage.build/Debug-iphonesimulator/entourage.build/Ent-Beta.DependencyStaticMetadataFileList --swift-const-vals-list /Users/clementperrousset/Library/Developer/Xcode/DerivedData/entourage-cgufxcifbbuurcdqvxkcudhwmwam/Build/Intermediates.noindex/entourage.build/Debug-iphonesimulator/entourage.build/Objects-normal/arm64/Ent-Beta.SwiftConstValuesFileList --swift-const-vals-list /Users/clementperrousset/Library/Developer/Xcode/DerivedData/entourage-cgufxcifbbuurcdqvxkcudhwmwam/Build/Intermediates.noindex/entourage.build/Debug-iphonesimulator/entourage.build/Objects-normal/x86_64/Ent-Beta.SwiftConstValuesFileList --compile-time-extraction --deployment-aware-processing --validate-assistant-intents --no-app-shortcuts-localization
2026-06-10 19:22:55.652 appintentsmetadataprocessor[44174:22263094] Starting appintentsmetadataprocessor export
2026-06-10 19:22:55.655 appintentsmetadataprocessor[44174:22263094] warning: Metadata extraction skipped. No AppIntents.framework dependency found.

GenerateDSYMFile /Users/clementperrousset/Library/Developer/Xcode/DerivedData/entourage-cgufxcifbbuurcdqvxkcudhwmwam/Build/Products/Debug-iphonesimulator/Ent-Beta.app.dSYM /Users/clementperrousset/Library/Developer/Xcode/DerivedData/entourage-cgufxcifbbuurcdqvxkcudhwmwam/Build/Products/Debug-iphonesimulator/Ent-Beta.app/Ent-Beta (in target 'entourage' from project 'entourage')
    cd /Users/clementperrousset/Dev/entourage-ios
    /Applications/Xcode.app/Contents/Developer/Toolchains/XcodeDefault.xctoolchain/usr/bin/dsymutil -q /Users/clementperrousset/Library/Developer/Xcode/DerivedData/entourage-cgufxcifbbuurcdqvxkcudhwmwam/Build/Products/Debug-iphonesimulator/Ent-Beta.app/Ent-Beta -o /Users/clementperrousset/Library/Developer/Xcode/DerivedData/entourage-cgufxcifbbuurcdqvxkcudhwmwam/Build/Products/Debug-iphonesimulator/Ent-Beta.app.dSYM

CopySwiftLibs /Users/clementperrousset/Library/Developer/Xcode/DerivedData/entourage-cgufxcifbbuurcdqvxkcudhwmwam/Build/Products/Debug-iphonesimulator/Ent-Beta.app (in target 'entourage' from project 'entourage')
    cd /Users/clementperrousset/Dev/entourage-ios
    builtin-swiftStdLibTool --copy --verbose --sign - --scan-executable /Users/clementperrousset/Library/Developer/Xcode/DerivedData/entourage-cgufxcifbbuurcdqvxkcudhwmwam/Build/Products/Debug-iphonesimulator/Ent-Beta.app/Ent-Beta.debug.dylib --scan-folder /Users/clementperrousset/Library/Developer/Xcode/DerivedData/entourage-cgufxcifbbuurcdqvxkcudhwmwam/Build/Products/Debug-iphonesimulator/Ent-Beta.app/Frameworks --scan-folder /Users/clementperrousset/Library/Developer/Xcode/DerivedData/entourage-cgufxcifbbuurcdqvxkcudhwmwam/Build/Products/Debug-iphonesimulator/Ent-Beta.app/PlugIns --scan-folder /Users/clementperrousset/Library/Developer/Xcode/DerivedData/entourage-cgufxcifbbuurcdqvxkcudhwmwam/Build/Products/Debug-iphonesimulator/Ent-Beta.app/SystemExtensions --scan-folder /Users/clementperrousset/Library/Developer/Xcode/DerivedData/entourage-cgufxcifbbuurcdqvxkcudhwmwam/Build/Products/Debug-iphonesimulator/Ent-Beta.app/Extensions --platform iphonesimulator --toolchain /Applications/Xcode.app/Contents/Developer/Toolchains/XcodeDefault.xctoolchain --destination /Users/clementperrousset/Library/Developer/Xcode/DerivedData/entourage-cgufxcifbbuurcdqvxkcudhwmwam/Build/Products/Debug-iphonesimulator/Ent-Beta.app/Frameworks --strip-bitcode --strip-bitcode-tool /Applications/Xcode.app/Contents/Developer/Toolchains/XcodeDefault.xctoolchain/usr/bin/bitcode_strip --emit-dependency-info /Users/clementperrousset/Library/Developer/Xcode/DerivedData/entourage-cgufxcifbbuurcdqvxkcudhwmwam/Build/Intermediates.noindex/entourage.build/Debug-iphonesimulator/entourage.build/SwiftStdLibToolInputDependencies.dep --filter-for-swift-os --back-deploy-swift-concurrency --back-deploy-swift-span
libswift_Concurrency.dylib is up to date at /Users/clementperrousset/Library/Developer/Xcode/DerivedData/entourage-cgufxcifbbuurcdqvxkcudhwmwam/Build/Products/Debug-iphonesimulator/Ent-Beta.app/Frameworks/libswift_Concurrency.dylib
Probing signature of /Users/clementperrousset/Library/Developer/Xcode/DerivedData/entourage-cgufxcifbbuurcdqvxkcudhwmwam/Build/Products/Debug-iphonesimulator/Ent-Beta.app/Frameworks/libswift_Concurrency.dylib
/usr/bin/codesign -r- --display /Users/clementperrousset/Library/Developer/Xcode/DerivedData/entourage-cgufxcifbbuurcdqvxkcudhwmwam/Build/Products/Debug-iphonesimulator/Ent-Beta.app/Frameworks/libswift_Concurrency.dylib
Codesigning /Users/clementperrousset/Library/Developer/Xcode/DerivedData/entourage-cgufxcifbbuurcdqvxkcudhwmwam/Build/Products/Debug-iphonesimulator/Ent-Beta.app/Frameworks/libswift_Concurrency.dylib
/usr/bin/codesign --force --sign - --verbose /Users/clementperrousset/Library/Developer/Xcode/DerivedData/entourage-cgufxcifbbuurcdqvxkcudhwmwam/Build/Products/Debug-iphonesimulator/Ent-Beta.app/Frameworks/libswift_Concurrency.dylib
Probing signature of /Users/clementperrousset/Library/Developer/Xcode/DerivedData/entourage-cgufxcifbbuurcdqvxkcudhwmwam/Build/Products/Debug-iphonesimulator/Ent-Beta.app/Frameworks/libswift_Concurrency.dylib
/usr/bin/codesign -r- --display /Users/clementperrousset/Library/Developer/Xcode/DerivedData/entourage-cgufxcifbbuurcdqvxkcudhwmwam/Build/Products/Debug-iphonesimulator/Ent-Beta.app/Frameworks/libswift_Concurrency.dylib
Code signature of /Users/clementperrousset/Library/Developer/Xcode/DerivedData/entourage-cgufxcifbbuurcdqvxkcudhwmwam/Build/Products/Debug-iphonesimulator/Ent-Beta.app/Frameworks/libswift_Concurrency.dylib is unchanged; keeping original

Copy /Users/clementperrousset/Library/Developer/Xcode/DerivedData/entourage-cgufxcifbbuurcdqvxkcudhwmwam/Build/Products/Debug-iphonesimulator/Ent-Beta.app/Mantis_Mantis.bundle /Users/clementperrousset/Library/Developer/Xcode/DerivedData/entourage-cgufxcifbbuurcdqvxkcudhwmwam/Build/Products/Debug-iphonesimulator/Mantis_Mantis.bundle (in target 'entourage' from project 'entourage')
    cd /Users/clementperrousset/Dev/entourage-ios
    builtin-copy -exclude .DS_Store -exclude CVS -exclude .svn -exclude .git -exclude .hg -resolve-src-symlinks /Users/clementperrousset/Library/Developer/Xcode/DerivedData/entourage-cgufxcifbbuurcdqvxkcudhwmwam/Build/Products/Debug-iphonesimulator/Mantis_Mantis.bundle /Users/clementperrousset/Library/Developer/Xcode/DerivedData/entourage-cgufxcifbbuurcdqvxkcudhwmwam/Build/Products/Debug-iphonesimulator/Ent-Beta.app

ProcessInfoPlistFile /Users/clementperrousset/Library/Developer/Xcode/DerivedData/entourage-cgufxcifbbuurcdqvxkcudhwmwam/Build/Products/Debug-iphonesimulator/Ent-Beta.app/Info.plist /Users/clementperrousset/Dev/entourage-ios/entourage/entourage-Info.plist (in target 'entourage' from project 'entourage')
    cd /Users/clementperrousset/Dev/entourage-ios
    builtin-infoPlistUtility /Users/clementperrousset/Dev/entourage-ios/entourage/entourage-Info.plist -producttype com.apple.product-type.application -genpkginfo /Users/clementperrousset/Library/Developer/Xcode/DerivedData/entourage-cgufxcifbbuurcdqvxkcudhwmwam/Build/Products/Debug-iphonesimulator/Ent-Beta.app/PkgInfo -expandbuildsettings -format binary -platform iphonesimulator -additionalcontentfile /Users/clementperrousset/Library/Developer/Xcode/DerivedData/entourage-cgufxcifbbuurcdqvxkcudhwmwam/Build/Intermediates.noindex/entourage.build/Debug-iphonesimulator/entourage.build/CellMainFilter-PartialInfo.plist -additionalcontentfile /Users/clementperrousset/Library/Developer/Xcode/DerivedData/entourage-cgufxcifbbuurcdqvxkcudhwmwam/Build/Intermediates.noindex/entourage.build/Debug-iphonesimulator/entourage.build/EnhancedOnboardingCollectionCell-PartialInfo.plist -additionalcontentfile /Users/clementperrousset/Library/Developer/Xcode/DerivedData/entourage-cgufxcifbbuurcdqvxkcudhwmwam/Build/Intermediates.noindex/entourage.build/Debug-iphonesimulator/entourage.build/EventDetailFullGroupTitleCell-PartialInfo.plist -additionalcontentfile /Users/clementperrousset/Library/Developer/Xcode/DerivedData/entourage-cgufxcifbbuurcdqvxkcudhwmwam/Build/Intermediates.noindex/entourage.build/Debug-iphonesimulator/entourage.build/HomeCellPedago-PartialInfo.plist -additionalcontentfile /Users/clementperrousset/Library/Developer/Xcode/DerivedData/entourage-cgufxcifbbuurcdqvxkcudhwmwam/Build/Intermediates.noindex/entourage.build/Debug-iphonesimulator/entourage.build/NeighborhoodEmptyEventCell-PartialInfo.plist -additionalcontentfile /Users/clementperrousset/Library/Developer/Xcode/DerivedData/entourage-cgufxcifbbuurcdqvxkcudhwmwam/Build/Intermediates.noindex/entourage.build/Debug-iphonesimulator/entourage.build/EventListCollectionTableViewCell-PartialInfo.plist -additionalcontentfile /Users/clementperrousset/Library/Developer/Xcode/DerivedData/entourage-cgufxcifbbuurcdqvxkcudhwmwam/Build/Intermediates.noindex/entourage.build/Debug-iphonesimulator/entourage.build/HomeActionTeachCell-PartialInfo.plist -additionalcontentfile /Users/clementperrousset/Library/Developer/Xcode/DerivedData/entourage-cgufxcifbbuurcdqvxkcudhwmwam/Build/Intermediates.noindex/entourage.build/Debug-iphonesimulator/entourage.build/Neighborhood_Report-SBPartialInfo.plist -additionalcontentfile /Users/clementperrousset/Library/Developer/Xcode/DerivedData/entourage-cgufxcifbbuurcdqvxkcudhwmwam/Build/Intermediates.noindex/entourage.build/Debug-iphonesimulator/entourage.build/MJErrorInputView-PartialInfo.plist -additionalcontentfile /Users/clementperrousset/Library/Developer/Xcode/DerivedData/entourage-cgufxcifbbuurcdqvxkcudhwmwam/Build/Intermediates.noindex/entourage.build/Debug-iphonesimulator/entourage.build/UserDetail-SBPartialInfo.plist -additionalcontentfile /Users/clementperrousset/Library/Developer/Xcode/DerivedData/entourage-cgufxcifbbuurcdqvxkcudhwmwam/Build/Intermediates.noindex/entourage.build/Debug-iphonesimulator/entourage.build/HomeV2CellTitle-PartialInfo.plist -additionalcontentfile /Users/clementperrousset/Library/Developer/Xcode/DerivedData/entourage-cgufxcifbbuurcdqvxkcudhwmwam/Build/Intermediates.noindex/entourage.build/Debug-iphonesimulator/entourage.build/HomeCellAction-PartialInfo.plist -additionalcontentfile /Users/clementperrousset/Library/Developer/Xcode/DerivedData/entourage-cgufxcifbbuurcdqvxkcudhwmwam/Build/Intermediates.noindex/entourage.build/Debug-iphonesimulator/entourage.build/MainFilterTitleCell-PartialInfo.plist -additionalcontentfile /Users/clementperrousset/Library/Developer/Xcode/DerivedData/entourage-cgufxcifbbuurcdqvxkcudhwmwam/Build/Intermediates.noindex/entourage.build/Debug-iphonesimulator/entourage.build/OnboardingPhase3MapCell-PartialInfo.plist -additionalcontentfile /Users/clementperrousset/Library/Developer/Xcode/DerivedData/entourage-cgufxcifbbuurcdqvxkcudhwmwam/Build/Intermediates.noindex/entourage.build/Debug-iphonesimulator/entourage.build/HomeHZCell-PartialInfo.plist -additionalcontentfile /Users/clementperrousset/Library/Developer/Xcode/DerivedData/entourage-cgufxcifbbuurcdqvxkcudhwmwam/Build/Intermediates.noindex/entourage.build/Debug-iphonesimulator/entourage.build/NeighborhoodEmptyPostCell-PartialInfo.plist -additionalcontentfile /Users/clementperrousset/Library/Developer/Xcode/DerivedData/entourage-cgufxcifbbuurcdqvxkcudhwmwam/Build/Intermediates.noindex/entourage.build/Debug-iphonesimulator/entourage.build/AddDescriptionTableViewCell-PartialInfo.plist -additionalcontentfile /Users/clementperrousset/Library/Developer/Xcode/DerivedData/entourage-cgufxcifbbuurcdqvxkcudhwmwam/Build/Intermediates.noindex/entourage.build/Debug-iphonesimulator/entourage.build/MainFilterDistanceCell-PartialInfo.plist -additionalcontentfile /Users/clementperrousset/Library/Developer/Xcode/DerivedData/entourage-cgufxcifbbuurcdqvxkcudhwmwam/Build/Intermediates.noindex/entourage.build/Debug-iphonesimulator/entourage.build/QuestionSurveyVoteCell-PartialInfo.plist -additionalcontentfile /Users/clementperrousset/Library/Developer/Xcode/DerivedData/entourage-cgufxcifbbuurcdqvxkcudhwmwam/Build/Intermediates.noindex/entourage.build/Debug-iphonesimulator/entourage.build/NeighborhoodListHeaderCell-PartialInfo.plist -additionalcontentfile /Users/clementperrousset/Library/Developer/Xcode/DerivedData/entourage-cgufxcifbbuurcdqvxkcudhwmwam/Build/Intermediates.noindex/entourage.build/Debug-iphonesimulator/entourage.build/HomeInitialPedagogicHorizontalCell-PartialInfo.plist -additionalcontentfile /Users/clementperrousset/Library/Developer/Xcode/DerivedData/entourage-cgufxcifbbuurcdqvxkcudhwmwam/Build/Intermediates.noindex/entourage.build/Debug-iphonesimulator/entourage.build/LangValidateButton-PartialInfo.plist -additionalcontentfile /Users/clementperrousset/Library/Developer/Xcode/DerivedData/entourage-cgufxcifbbuurcdqvxkcudhwmwam/Build/Intermediates.noindex/entourage.build/Debug-iphonesimulator/entourage.build/WelcomeFourImageCell-PartialInfo.plist -additionalcontentfile /Users/clementperrousset/Library/Developer/Xcode/DerivedData/entourage-cgufxcifbbuurcdqvxkcudhwmwam/Build/Intermediates.noindex/entourage.build/Debug-iphonesimulator/entourage.build/WelcomeTwoGroupExampleCell-PartialInfo.plist -additionalcontentfile /Users/clementperrousset/Library/Developer/Xcode/DerivedData/entourage-cgufxcifbbuurcdqvxkcudhwmwam/Build/Intermediates.noindex/entourage.build/Debug-iphonesimulator/entourage.build/MainFilter-SBPartialInfo.plist -additionalcontentfile /Users/clementperrousset/Library/Developer/Xcode/DerivedData/entourage-cgufxcifbbuurcdqvxkcudhwmwam/Build/Intermediates.noindex/entourage.build/Debug-iphonesimulator/entourage.build/HomeCellEvent-PartialInfo.plist -additionalcontentfile /Users/clementperrousset/Library/Developer/Xcode/DerivedData/entourage-cgufxcifbbuurcdqvxkcudhwmwam/Build/Intermediates.noindex/entourage.build/Debug-iphonesimulator/entourage.build/MJErrorInputTextView-PartialInfo.plist -additionalcontentfile /Users/clementperrousset/Library/Developer/Xcode/DerivedData/entourage-cgufxcifbbuurcdqvxkcudhwmwam/Build/Intermediates.noindex/entourage.build/Debug-iphonesimulator/entourage.build/CellGroupV2-PartialInfo.plist -additionalcontentfile /Users/clementperrousset/Library/Developer/Xcode/DerivedData/entourage-cgufxcifbbuurcdqvxkcudhwmwam/Build/Intermediates.noindex/entourage.build/Debug-iphonesimulator/entourage.build/WelcomeOneContentMain-PartialInfo.plist -additionalcontentfile /Users/clementperrousset/Library/Developer/Xcode/DerivedData/entourage-cgufxcifbbuurcdqvxkcudhwmwam/Build/Intermediates.noindex/entourage.build/Debug-iphonesimulator/entourage.build/EnhancedOnboardingTitle-PartialInfo.plist -additionalcontentfile /Users/clementperrousset/Library/Developer/Xcode/DerivedData/entourage-cgufxcifbbuurcdqvxkcudhwmwam/Build/Intermediates.noindex/entourage.build/Debug-iphonesimulator/entourage.build/EventListSectionCell-PartialInfo.plist -additionalcontentfile /Users/clementperrousset/Library/Developer/Xcode/DerivedData/entourage-cgufxcifbbuurcdqvxkcudhwmwam/Build/Intermediates.noindex/entourage.build/Debug-iphonesimulator/entourage.build/Messages-SBPartialInfo.plist -additionalcontentfile /Users/clementperrousset/Library/Developer/Xcode/DerivedData/entourage-cgufxcifbbuurcdqvxkcudhwmwam/Build/Intermediates.noindex/entourage.build/Debug-iphonesimulator/entourage.build/OnboardingPhase3Asso-PartialInfo.plist -additionalcontentfile /Users/clementperrousset/Library/Developer/Xcode/DerivedData/entourage-cgufxcifbbuurcdqvxkcudhwmwam/Build/Intermediates.noindex/entourage.build/Debug-iphonesimulator/entourage.build/MainFilterLocationCell-PartialInfo.plist -additionalcontentfile /Users/clementperrousset/Library/Developer/Xcode/DerivedData/entourage-cgufxcifbbuurcdqvxkcudhwmwam/Build/Intermediates.noindex/entourage.build/Debug-iphonesimulator/entourage.build/EventListCell-PartialInfo.plist -additionalcontentfile /Users/clementperrousset/Library/Developer/Xcode/DerivedData/entourage-cgufxcifbbuurcdqvxkcudhwmwam/Build/Intermediates.noindex/entourage.build/Debug-iphonesimulator/entourage.build/WelcomeTwoDescribingCell-PartialInfo.plist -additionalcontentfile /Users/clementperrousset/Library/Developer/Xcode/DerivedData/entourage-cgufxcifbbuurcdqvxkcudhwmwam/Build/Intermediates.noindex/entourage.build/Debug-iphonesimulator/entourage.build/Base.lproj/LaunchScreen-SBPartialInfo.plist -additionalcontentfile /Users/clementperrousset/Library/Developer/Xcode/DerivedData/entourage-cgufxcifbbuurcdqvxkcudhwmwam/Build/Intermediates.noindex/entourage.build/Debug-iphonesimulator/entourage.build/HomeHelpCell-PartialInfo.plist -additionalcontentfile /Users/clementperrousset/Library/Developer/Xcode/DerivedData/entourage-cgufxcifbbuurcdqvxkcudhwmwam/Build/Intermediates.noindex/entourage.build/Debug-iphonesimulator/entourage.build/Neighborhood-SBPartialInfo.plist -additionalcontentfile /Users/clementperrousset/Library/Developer/Xcode/DerivedData/entourage-cgufxcifbbuurcdqvxkcudhwmwam/Build/Intermediates.noindex/entourage.build/Debug-iphonesimulator/entourage.build/PartnerDetails-SBPartialInfo.plist -additionalcontentfile /Users/clementperrousset/Library/Developer/Xcode/DerivedData/entourage-cgufxcifbbuurcdqvxkcudhwmwam/Build/Intermediates.noindex/entourage.build/Debug-iphonesimulator/entourage.build/Survey-SBPartialInfo.plist -additionalcontentfile /Users/clementperrousset/Library/Developer/Xcode/DerivedData/entourage-cgufxcifbbuurcdqvxkcudhwmwam/Build/Intermediates.noindex/entourage.build/Debug-iphonesimulator/entourage.build/HomeSectionCell-PartialInfo.plist -additionalcontentfile /Users/clementperrousset/Library/Developer/Xcode/DerivedData/entourage-cgufxcifbbuurcdqvxkcudhwmwam/Build/Intermediates.noindex/entourage.build/Debug-iphonesimulator/entourage.build/HomeModeratorCell-PartialInfo.plist -additionalcontentfile /Users/clementperrousset/Library/Developer/Xcode/DerivedData/entourage-cgufxcifbbuurcdqvxkcudhwmwam/Build/Intermediates.noindex/entourage.build/Debug-iphonesimulator/entourage.build/ActionSolicitationDetailHomeCell-PartialInfo.plist -additionalcontentfile /Users/clementperrousset/Library/Developer/Xcode/DerivedData/entourage-cgufxcifbbuurcdqvxkcudhwmwam/Build/Intermediates.noindex/entourage.build/Debug-iphonesimulator/entourage.build/HomeSmallTalkCell-PartialInfo.plist -additionalcontentfile /Users/clementperrousset/Library/Developer/Xcode/DerivedData/entourage-cgufxcifbbuurcdqvxkcudhwmwam/Build/Intermediates.noindex/entourage.build/Debug-iphonesimulator/entourage.build/MainStatUserCell-PartialInfo.plist -additionalcontentfile /Users/clementperrousset/Library/Developer/Xcode/DerivedData/entourage-cgufxcifbbuurcdqvxkcudhwmwam/Build/Intermediates.noindex/entourage.build/Debug-iphonesimulator/entourage.build/Main-SBPartialInfo.plist -additionalcontentfile /Users/clementperrousset/Library/Developer/Xcode/DerivedData/entourage-cgufxcifbbuurcdqvxkcudhwmwam/Build/Intermediates.noindex/entourage.build/Debug-iphonesimulator/entourage.build/EventDetailFullCell-PartialInfo.plist -additionalcontentfile /Users/clementperrousset/Library/Developer/Xcode/DerivedData/entourage-cgufxcifbbuurcdqvxkcudhwmwam/Build/Intermediates.noindex/entourage.build/Debug-iphonesimulator/entourage.build/ProfileFullStandardCell-PartialInfo.plist -additionalcontentfile /Users/clementperrousset/Library/Developer/Xcode/DerivedData/entourage-cgufxcifbbuurcdqvxkcudhwmwam/Build/Intermediates.noindex/entourage.build/Debug-iphonesimulator/entourage.build/WelcomeOneContentLast-PartialInfo.plist -additionalcontentfile /Users/clementperrousset/Library/Developer/Xcode/DerivedData/entourage-cgufxcifbbuurcdqvxkcudhwmwam/Build/Intermediates.noindex/entourage.build/Debug-iphonesimulator/entourage.build/HomeCellMapButton-PartialInfo.plist -additionalcontentfile /Users/clementperrousset/Library/Developer/Xcode/DerivedData/entourage-cgufxcifbbuurcdqvxkcudhwmwam/Build/Intermediates.noindex/entourage.build/Debug-iphonesimulator/entourage.build/EventDetailFullInterestCell-PartialInfo.plist -additionalcontentfile /Users/clementperrousset/Library/Developer/Xcode/DerivedData/entourage-cgufxcifbbuurcdqvxkcudhwmwam/Build/Intermediates.noindex/entourage.build/Debug-iphonesimulator/entourage.build/HomeCongratPopupViewController-PartialInfo.plist -additionalcontentfile /Users/clementperrousset/Library/Developer/Xcode/DerivedData/entourage-cgufxcifbbuurcdqvxkcudhwmwam/Build/Intermediates.noindex/entourage.build/Debug-iphonesimulator/entourage.build/cellMeWithImage-PartialInfo.plist -additionalcontentfile /Users/clementperrousset/Library/Developer/Xcode/DerivedData/entourage-cgufxcifbbuurcdqvxkcudhwmwam/Build/Intermediates.noindex/entourage.build/Debug-iphonesimulator/entourage.build/cellOtherWithImage-PartialInfo.plist -additionalcontentfile /Users/clementperrousset/Library/Developer/Xcode/DerivedData/entourage-cgufxcifbbuurcdqvxkcudhwmwam/Build/Intermediates.noindex/entourage.build/Debug-iphonesimulator/entourage.build/FilterDiscussionCell-PartialInfo.plist -additionalcontentfile /Users/clementperrousset/Library/Developer/Xcode/DerivedData/entourage-cgufxcifbbuurcdqvxkcudhwmwam/Build/Intermediates.noindex/entourage.build/Debug-iphonesimulator/entourage.build/DiscussionEventCell-PartialInfo.plist -additionalcontentfile /Users/clementperrousset/Library/Developer/Xcode/DerivedData/entourage-cgufxcifbbuurcdqvxkcudhwmwam/Build/Intermediates.noindex/entourage.build/Debug-iphonesimulator/entourage.build/ConversationNotifAskViewCell-PartialInfo.plist -additionalcontentfile /Users/clementperrousset/Library/Developer/Xcode/DerivedData/entourage-cgufxcifbbuurcdqvxkcudhwmwam/Build/Intermediates.noindex/entourage.build/Debug-iphonesimulator/entourage.build/MentionCell-PartialInfo.plist -additionalcontentfile /Users/clementperrousset/Library/Developer/Xcode/DerivedData/entourage-cgufxcifbbuurcdqvxkcudhwmwam/Build/Intermediates.noindex/entourage.build/Debug-iphonesimulator/entourage.build/HomeSeeAllCell-PartialInfo.plist -additionalcontentfile /Users/clementperrousset/Library/Developer/Xcode/DerivedData/entourage-cgufxcifbbuurcdqvxkcudhwmwam/Build/Intermediates.noindex/entourage.build/Debug-iphonesimulator/entourage.build/SelectableDayAndHourCollectionViewCell-PartialInfo.plist -additionalcontentfile /Users/clementperrousset/Library/Developer/Xcode/DerivedData/entourage-cgufxcifbbuurcdqvxkcudhwmwam/Build/Intermediates.noindex/entourage.build/Debug-iphonesimulator/entourage.build/Intro-SBPartialInfo.plist -additionalcontentfile /Users/clementperrousset/Library/Developer/Xcode/DerivedData/entourage-cgufxcifbbuurcdqvxkcudhwmwam/Build/Intermediates.noindex/entourage.build/Debug-iphonesimulator/entourage.build/NeighborhoodDetailTopCell-PartialInfo.plist -additionalcontentfile /Users/clementperrousset/Library/Developer/Xcode/DerivedData/entourage-cgufxcifbbuurcdqvxkcudhwmwam/Build/Intermediates.noindex/entourage.build/Debug-iphonesimulator/entourage.build/HomeNeedHelpCell-PartialInfo.plist -additionalcontentfile /Users/clementperrousset/Library/Developer/Xcode/DerivedData/entourage-cgufxcifbbuurcdqvxkcudhwmwam/Build/Intermediates.noindex/entourage.build/Debug-iphonesimulator/entourage.build/UserProfileCell-PartialInfo.plist -additionalcontentfile /Users/clementperrousset/Library/Developer/Xcode/DerivedData/entourage-cgufxcifbbuurcdqvxkcudhwmwam/Build/Intermediates.noindex/entourage.build/Debug-iphonesimulator/entourage.build/EventDetailFullGroupCell-PartialInfo.plist -additionalcontentfile /Users/clementperrousset/Library/Developer/Xcode/DerivedData/entourage-cgufxcifbbuurcdqvxkcudhwmwam/Build/Intermediates.noindex/entourage.build/Debug-iphonesimulator/entourage.build/LanguageCell-PartialInfo.plist -additionalcontentfile /Users/clementperrousset/Library/Developer/Xcode/DerivedData/entourage-cgufxcifbbuurcdqvxkcudhwmwam/Build/Intermediates.noindex/entourage.build/Debug-iphonesimulator/entourage.build/CreateAction4HeaderCell-PartialInfo.plist -additionalcontentfile /Users/clementperrousset/Library/Developer/Xcode/DerivedData/entourage-cgufxcifbbuurcdqvxkcudhwmwam/Build/Intermediates.noindex/entourage.build/Debug-iphonesimulator/entourage.build/EnhancecOnboardingBackCell-PartialInfo.plist -additionalcontentfile /Users/clementperrousset/Library/Developer/Xcode/DerivedData/entourage-cgufxcifbbuurcdqvxkcudhwmwam/Build/Intermediates.noindex/entourage.build/Debug-iphonesimulator/entourage.build/MJNavBackView-PartialInfo.plist -additionalcontentfile /Users/clementperrousset/Library/Developer/Xcode/DerivedData/entourage-cgufxcifbbuurcdqvxkcudhwmwam/Build/Intermediates.noindex/entourage.build/Debug-iphonesimulator/entourage.build/MainFilterTagCell-PartialInfo.plist -additionalcontentfile /Users/clementperrousset/Library/Developer/Xcode/DerivedData/entourage-cgufxcifbbuurcdqvxkcudhwmwam/Build/Intermediates.noindex/entourage.build/Debug-iphonesimulator/entourage.build/SectionOptionNameCell-PartialInfo.plist -additionalcontentfile /Users/clementperrousset/Library/Developer/Xcode/DerivedData/entourage-cgufxcifbbuurcdqvxkcudhwmwam/Build/Intermediates.noindex/entourage.build/Debug-iphonesimulator/entourage.build/EnhancedFullSizeCell-PartialInfo.plist -additionalcontentfile /Users/clementperrousset/Library/Developer/Xcode/DerivedData/entourage-cgufxcifbbuurcdqvxkcudhwmwam/Build/Intermediates.noindex/entourage.build/Debug-iphonesimulator/entourage.build/EnhancedOnboarding-SBPartialInfo.plist -additionalcontentfile /Users/clementperrousset/Library/Developer/Xcode/DerivedData/entourage-cgufxcifbbuurcdqvxkcudhwmwam/Build/Intermediates.noindex/entourage.build/Debug-iphonesimulator/entourage.build/Onboarding-SBPartialInfo.plist -additionalcontentfile /Users/clementperrousset/Library/Developer/Xcode/DerivedData/entourage-cgufxcifbbuurcdqvxkcudhwmwam/Build/Intermediates.noindex/entourage.build/Debug-iphonesimulator/entourage.build/OptionCell-PartialInfo.plist -additionalcontentfile /Users/clementperrousset/Library/Developer/Xcode/DerivedData/entourage-cgufxcifbbuurcdqvxkcudhwmwam/Build/Intermediates.noindex/entourage.build/Debug-iphonesimulator/entourage.build/OnboardingPhase3TitleCell-PartialInfo.plist -additionalcontentfile /Users/clementperrousset/Library/Developer/Xcode/DerivedData/entourage-cgufxcifbbuurcdqvxkcudhwmwam/Build/Intermediates.noindex/entourage.build/Debug-iphonesimulator/entourage.build/DividerCell-PartialInfo.plist -additionalcontentfile /Users/clementperrousset/Library/Developer/Xcode/DerivedData/entourage-cgufxcifbbuurcdqvxkcudhwmwam/Build/Intermediates.noindex/entourage.build/Debug-iphonesimulator/entourage.build/ProfileSectionCell-PartialInfo.plist -additionalcontentfile /Users/clementperrousset/Library/Developer/Xcode/DerivedData/entourage-cgufxcifbbuurcdqvxkcudhwmwam/Build/Intermediates.noindex/entourage.build/Debug-iphonesimulator/entourage.build/EventListMeCell-PartialInfo.plist -additionalcontentfile /Users/clementperrousset/Library/Developer/Xcode/DerivedData/entourage-cgufxcifbbuurcdqvxkcudhwmwam/Build/Intermediates.noindex/entourage.build/Debug-iphonesimulator/entourage.build/HeaderReportView-PartialInfo.plist -additionalcontentfile /Users/clementperrousset/Library/Developer/Xcode/DerivedData/entourage-cgufxcifbbuurcdqvxkcudhwmwam/Build/Intermediates.noindex/entourage.build/Debug-iphonesimulator/entourage.build/NeighborhoodPostSurveyCell-PartialInfo.plist -additionalcontentfile /Users/clementperrousset/Library/Developer/Xcode/DerivedData/entourage-cgufxcifbbuurcdqvxkcudhwmwam/Build/Intermediates.noindex/entourage.build/Debug-iphonesimulator/entourage.build/TitleOptionCell-PartialInfo.plist -additionalcontentfile /Users/clementperrousset/Library/Developer/Xcode/DerivedData/entourage-cgufxcifbbuurcdqvxkcudhwmwam/Build/Intermediates.noindex/entourage.build/Debug-iphonesimulator/entourage.build/MainFilterSectionTitleCell-PartialInfo.plist -additionalcontentfile /Users/clementperrousset/Library/Developer/Xcode/DerivedData/entourage-cgufxcifbbuurcdqvxkcudhwmwam/Build/Intermediates.noindex/entourage.build/Debug-iphonesimulator/entourage.build/NeighborhoodDetailTopMemberCell-PartialInfo.plist -additionalcontentfile /Users/clementperrousset/Library/Developer/Xcode/DerivedData/entourage-cgufxcifbbuurcdqvxkcudhwmwam/Build/Intermediates.noindex/entourage.build/Debug-iphonesimulator/entourage.build/SecondaryTextWelcomeCell-PartialInfo.plist -additionalcontentfile /Users/clementperrousset/Library/Developer/Xcode/DerivedData/entourage-cgufxcifbbuurcdqvxkcudhwmwam/Build/Intermediates.noindex/entourage.build/Debug-iphonesimulator/entourage.build/HomeActionCell-PartialInfo.plist -additionalcontentfile /Users/clementperrousset/Library/Developer/Xcode/DerivedData/entourage-cgufxcifbbuurcdqvxkcudhwmwam/Build/Intermediates.noindex/entourage.build/Debug-iphonesimulator/entourage.build/HomeInitialPedagoCell-PartialInfo.plist -additionalcontentfile /Users/clementperrousset/Library/Developer/Xcode/DerivedData/entourage-cgufxcifbbuurcdqvxkcudhwmwam/Build/Intermediates.noindex/entourage.build/Debug-iphonesimulator/entourage.build/HeaderProfilFullCell-PartialInfo.plist -additionalcontentfile /Users/clementperrousset/Library/Developer/Xcode/DerivedData/entourage-cgufxcifbbuurcdqvxkcudhwmwam/Build/Intermediates.noindex/entourage.build/Debug-iphonesimulator/entourage.build/EnahancedOnboardingButtonCell-PartialInfo.plist -additionalcontentfile /Users/clementperrousset/Library/Developer/Xcode/DerivedData/entourage-cgufxcifbbuurcdqvxkcudhwmwam/Build/Intermediates.noindex/entourage.build/Debug-iphonesimulator/entourage.build/ProfileParams-SBPartialInfo.plist -additionalcontentfile /Users/clementperrousset/Library/Developer/Xcode/DerivedData/entourage-cgufxcifbbuurcdqvxkcudhwmwam/Build/Intermediates.noindex/entourage.build/Debug-iphonesimulator/entourage.build/EventDetailTopFullCell-PartialInfo.plist -additionalcontentfile /Users/clementperrousset/Library/Developer/Xcode/DerivedData/entourage-cgufxcifbbuurcdqvxkcudhwmwam/Build/Intermediates.noindex/entourage.build/Debug-iphonesimulator/entourage.build/BasePopViewController_Template-PartialInfo.plist -additionalcontentfile /Users/clementperrousset/Library/Developer/Xcode/DerivedData/entourage-cgufxcifbbuurcdqvxkcudhwmwam/Build/Intermediates.noindex/entourage.build/Debug-iphonesimulator/entourage.build/VersionAppCell-PartialInfo.plist -additionalcontentfile /Users/clementperrousset/Library/Developer/Xcode/DerivedData/entourage-cgufxcifbbuurcdqvxkcudhwmwam/Build/Intermediates.noindex/entourage.build/Debug-iphonesimulator/entourage.build/EventDetailTopLightCell-PartialInfo.plist -additionalcontentfile /Users/clementperrousset/Library/Developer/Xcode/DerivedData/entourage-cgufxcifbbuurcdqvxkcudhwmwam/Build/Intermediates.noindex/entourage.build/Debug-iphonesimulator/entourage.build/HomeCellActionCollectionViewCell-PartialInfo.plist -additionalcontentfile /Users/clementperrousset/Library/Developer/Xcode/DerivedData/entourage-cgufxcifbbuurcdqvxkcudhwmwam/Build/Intermediates.noindex/entourage.build/Debug-iphonesimulator/entourage.build/CellAlmostMatching-PartialInfo.plist -additionalcontentfile /Users/clementperrousset/Library/Developer/Xcode/DerivedData/entourage-cgufxcifbbuurcdqvxkcudhwmwam/Build/Intermediates.noindex/entourage.build/Debug-iphonesimulator/entourage.build/QcmCell-PartialInfo.plist -additionalcontentfile /Users/clementperrousset/Library/Developer/Xcode/DerivedData/entourage-cgufxcifbbuurcdqvxkcudhwmwam/Build/Intermediates.noindex/entourage.build/Debug-iphonesimulator/entourage.build/WelcomeOneWebViewCell-PartialInfo.plist -additionalcontentfile /Users/clementperrousset/Library/Developer/Xcode/DerivedData/entourage-cgufxcifbbuurcdqvxkcudhwmwam/Build/Intermediates.noindex/entourage.build/Debug-iphonesimulator/entourage.build/WelcomeOneTitleCell-PartialInfo.plist -additionalcontentfile /Users/clementperrousset/Library/Developer/Xcode/DerivedData/entourage-cgufxcifbbuurcdqvxkcudhwmwam/Build/Intermediates.noindex/entourage.build/Debug-iphonesimulator/entourage.build/NeighborhoodPostImageTranslationCell-PartialInfo.plist -additionalcontentfile /Users/clementperrousset/Library/Developer/Xcode/DerivedData/entourage-cgufxcifbbuurcdqvxkcudhwmwam/Build/Intermediates.noindex/entourage.build/Debug-iphonesimulator/entourage.build/NeighborhoodPostTranslationCell-PartialInfo.plist -additionalcontentfile /Users/clementperrousset/Library/Developer/Xcode/DerivedData/entourage-cgufxcifbbuurcdqvxkcudhwmwam/Build/Intermediates.noindex/entourage.build/Debug-iphonesimulator/entourage.build/HomeActionHorizontalCollectionCell-PartialInfo.plist -additionalcontentfile /Users/clementperrousset/Library/Developer/Xcode/DerivedData/entourage-cgufxcifbbuurcdqvxkcudhwmwam/Build/Intermediates.noindex/entourage.build/Debug-iphonesimulator/entourage.build/AddDescriptionFixedTableViewCell-PartialInfo.plist -additionalcontentfile /Users/clementperrousset/Library/Developer/Xcode/DerivedData/entourage-cgufxcifbbuurcdqvxkcudhwmwam/Build/Intermediates.noindex/entourage.build/Debug-iphonesimulator/entourage.build/ActionDeletePopsViewController-PartialInfo.plist -additionalcontentfile /Users/clementperrousset/Library/Developer/Xcode/DerivedData/entourage-cgufxcifbbuurcdqvxkcudhwmwam/Build/Intermediates.noindex/entourage.build/Debug-iphonesimulator/entourage.build/ReportChooseViewCell-PartialInfo.plist -additionalcontentfile /Users/clementperrousset/Library/Developer/Xcode/DerivedData/entourage-cgufxcifbbuurcdqvxkcudhwmwam/Build/Intermediates.noindex/entourage.build/Debug-iphonesimulator/entourage.build/Event-SBPartialInfo.plist -additionalcontentfile /Users/clementperrousset/Library/Developer/Xcode/DerivedData/entourage-cgufxcifbbuurcdqvxkcudhwmwam/Build/Intermediates.noindex/entourage.build/Debug-iphonesimulator/entourage.build/SmallTalk-SBPartialInfo.plist -additionalcontentfile /Users/clementperrousset/Library/Developer/Xcode/DerivedData/entourage-cgufxcifbbuurcdqvxkcudhwmwam/Build/Intermediates.noindex/entourage.build/Debug-iphonesimulator/entourage.build/HomeGroupCell-PartialInfo.plist -additionalcontentfile /Users/clementperrousset/Library/Developer/Xcode/DerivedData/entourage-cgufxcifbbuurcdqvxkcudhwmwam/Build/Intermediates.noindex/entourage.build/Debug-iphonesimulator/entourage.build/Action_Create-SBPartialInfo.plist -additionalcontentfile /Users/clementperrousset/Library/Developer/Xcode/DerivedData/entourage-cgufxcifbbuurcdqvxkcudhwmwam/Build/Intermediates.noindex/entourage.build/Debug-iphonesimulator/entourage.build/MyEventCollectionViewCell-PartialInfo.plist -additionalcontentfile /Users/clementperrousset/Library/Developer/Xcode/DerivedData/entourage-cgufxcifbbuurcdqvxkcudhwmwam/Build/Intermediates.noindex/entourage.build/Debug-iphonesimulator/entourage.build/MJAlertWithImageController-PartialInfo.plist -additionalcontentfile /Users/clementperrousset/Library/Developer/Xcode/DerivedData/entourage-cgufxcifbbuurcdqvxkcudhwmwam/Build/Intermediates.noindex/entourage.build/Debug-iphonesimulator/entourage.build/HomeContribCell-PartialInfo.plist -additionalcontentfile /Users/clementperrousset/Library/Developer/Xcode/DerivedData/entourage-cgufxcifbbuurcdqvxkcudhwmwam/Build/Intermediates.noindex/entourage.build/Debug-iphonesimulator/entourage.build/Others-SBPartialInfo.plist -additionalcontentfile /Users/clementperrousset/Library/Developer/Xcode/DerivedData/entourage-cgufxcifbbuurcdqvxkcudhwmwam/Build/Intermediates.noindex/entourage.build/Debug-iphonesimulator/entourage.build/Actions-SBPartialInfo.plist -additionalcontentfile /Users/clementperrousset/Library/Developer/Xcode/DerivedData/entourage-cgufxcifbbuurcdqvxkcudhwmwam/Build/Intermediates.noindex/entourage.build/Debug-iphonesimulator/entourage.build/NeighborhoodEventsCollectionviewCell-PartialInfo.plist -additionalcontentfile /Users/clementperrousset/Library/Developer/Xcode/DerivedData/entourage-cgufxcifbbuurcdqvxkcudhwmwam/Build/Intermediates.noindex/entourage.build/Debug-iphonesimulator/entourage.build/DetailMessageTopPostTextCell-PartialInfo.plist -additionalcontentfile /Users/clementperrousset/Library/Developer/Xcode/DerivedData/entourage-cgufxcifbbuurcdqvxkcudhwmwam/Build/Intermediates.noindex/entourage.build/Debug-iphonesimulator/entourage.build/ActionContribDetailHomeCell-PartialInfo.plist -additionalcontentfile /Users/clementperrousset/Library/Developer/Xcode/DerivedData/entourage-cgufxcifbbuurcdqvxkcudhwmwam/Build/Intermediates.noindex/entourage.build/Debug-iphonesimulator/entourage.build/TranslationCell-PartialInfo.plist -additionalcontentfile /Users/clementperrousset/Library/Developer/Xcode/DerivedData/entourage-cgufxcifbbuurcdqvxkcudhwmwam/Build/Intermediates.noindex/entourage.build/Debug-iphonesimulator/entourage.build/WelcomeThreeDemandExampleCell-PartialInfo.plist -additionalcontentfile /Users/clementperrousset/Library/Developer/Xcode/DerivedData/entourage-cgufxcifbbuurcdqvxkcudhwmwam/Build/Intermediates.noindex/entourage.build/Debug-iphonesimulator/entourage.build/Event_Create-SBPartialInfo.plist -additionalcontentfile /Users/clementperrousset/Library/Developer/Xcode/DerivedData/entourage-cgufxcifbbuurcdqvxkcudhwmwam/Build/Intermediates.noindex/entourage.build/Debug-iphonesimulator/entourage.build/Event_Message-SBPartialInfo.plist -additionalcontentfile /Users/clementperrousset/Library/Developer/Xcode/DerivedData/entourage-cgufxcifbbuurcdqvxkcudhwmwam/Build/Intermediates.noindex/entourage.build/Debug-iphonesimulator/entourage.build/MJPopupViewController-PartialInfo.plist -additionalcontentfile /Users/clementperrousset/Library/Developer/Xcode/DerivedData/entourage-cgufxcifbbuurcdqvxkcudhwmwam/Build/Intermediates.noindex/entourage.build/Debug-iphonesimulator/entourage.build/Neighborhood_Create-SBPartialInfo.plist -additionalcontentfile /Users/clementperrousset/Library/Developer/Xcode/DerivedData/entourage-cgufxcifbbuurcdqvxkcudhwmwam/Build/Intermediates.noindex/entourage.build/Debug-iphonesimulator/entourage.build/Neighborhood_Message-SBPartialInfo.plist -additionalcontentfile /Users/clementperrousset/Library/Developer/Xcode/DerivedData/entourage-cgufxcifbbuurcdqvxkcudhwmwam/Build/Intermediates.noindex/entourage.build/Debug-iphonesimulator/entourage.build/HomeSolidarityToolsCell-PartialInfo.plist -additionalcontentfile /Users/clementperrousset/Library/Developer/Xcode/DerivedData/entourage-cgufxcifbbuurcdqvxkcudhwmwam/Build/Intermediates.noindex/entourage.build/Debug-iphonesimulator/entourage.build/DetailMessageTopPostImageCell-PartialInfo.plist -additionalcontentfile /Users/clementperrousset/Library/Developer/Xcode/DerivedData/entourage-cgufxcifbbuurcdqvxkcudhwmwam/Build/Intermediates.noindex/entourage.build/Debug-iphonesimulator/entourage.build/InterestsCollectionViewCell-PartialInfo.plist -additionalcontentfile /Users/clementperrousset/Library/Developer/Xcode/DerivedData/entourage-cgufxcifbbuurcdqvxkcudhwmwam/Build/Intermediates.noindex/entourage.build/Debug-iphonesimulator/entourage.build/NeighborhoodPostImageCell-PartialInfo.plist -additionalcontentfile /Users/clementperrousset/Library/Developer/Xcode/DerivedData/entourage-cgufxcifbbuurcdqvxkcudhwmwam/Build/Intermediates.noindex/entourage.build/Debug-iphonesimulator/entourage.build/NeighborhoodEventsTableviewCell-PartialInfo.plist -additionalcontentfile /Users/clementperrousset/Library/Developer/Xcode/DerivedData/entourage-cgufxcifbbuurcdqvxkcudhwmwam/Build/Intermediates.noindex/entourage.build/Debug-iphonesimulator/entourage.build/HomeEventHorizontalCollectionCell-PartialInfo.plist -additionalcontentfile /Users/clementperrousset/Library/Developer/Xcode/DerivedData/entourage-cgufxcifbbuurcdqvxkcudhwmwam/Build/Intermediates.noindex/entourage.build/Debug-iphonesimulator/entourage.build/ChoiceDayCell-PartialInfo.plist -additionalcontentfile /Users/clementperrousset/Library/Developer/Xcode/DerivedData/entourage-cgufxcifbbuurcdqvxkcudhwmwam/Build/Intermediates.noindex/entourage.build/Debug-iphonesimulator/entourage.build/NeighborhoodPostTextCell-PartialInfo.plist -additionalcontentfile /Users/clementperrousset/Library/Developer/Xcode/DerivedData/entourage-cgufxcifbbuurcdqvxkcudhwmwam/Build/Intermediates.noindex/entourage.build/Debug-iphonesimulator/entourage.build/EmptyListCell-PartialInfo.plist -additionalcontentfile /Users/clementperrousset/Library/Developer/Xcode/DerivedData/entourage-cgufxcifbbuurcdqvxkcudhwmwam/Build/Intermediates.noindex/entourage.build/Debug-iphonesimulator/entourage.build/NeighborhoodPostDeletedCell-PartialInfo.plist -additionalcontentfile /Users/clementperrousset/Library/Developer/Xcode/DerivedData/entourage-cgufxcifbbuurcdqvxkcudhwmwam/Build/Intermediates.noindex/entourage.build/Debug-iphonesimulator/entourage.build/HomeGroupHorizontalCollectionCell-PartialInfo.plist -additionalcontentfile /Users/clementperrousset/Library/Developer/Xcode/DerivedData/entourage-cgufxcifbbuurcdqvxkcudhwmwam/Build/Intermediates.noindex/entourage.build/Debug-iphonesimulator/entourage.build/LangueStoryboard-SBPartialInfo.plist -additionalcontentfile /Users/clementperrousset/Library/Developer/Xcode/DerivedData/entourage-cgufxcifbbuurcdqvxkcudhwmwam/Build/Intermediates.noindex/entourage.build/Debug-iphonesimulator/entourage.build/QuestionCell-PartialInfo.plist -additionalcontentfile /Users/clementperrousset/Library/Developer/Xcode/DerivedData/entourage-cgufxcifbbuurcdqvxkcudhwmwam/Build/Intermediates.noindex/entourage.build/Debug-iphonesimulator/entourage.build/MJAlertController-PartialInfo.plist -additionalcontentfile /Users/clementperrousset/Library/Developer/Xcode/DerivedData/entourage-cgufxcifbbuurcdqvxkcudhwmwam/Build/Intermediates.noindex/entourage.build/Debug-iphonesimulator/entourage.build/GuideSolidarity-SBPartialInfo.plist -additionalcontentfile /Users/clementperrousset/Library/Developer/Xcode/DerivedData/entourage-cgufxcifbbuurcdqvxkcudhwmwam/Build/Intermediates.noindex/entourage.build/Debug-iphonesimulator/entourage.build/CreateAction4ChoiceCell-PartialInfo.plist -additionalcontentfile /Users/clementperrousset/Library/Developer/Xcode/DerivedData/entourage-cgufxcifbbuurcdqvxkcudhwmwam/Build/Intermediates.noindex/entourage.build/Debug-iphonesimulator/entourage.build/assetcatalog_generated_info.plist -scanforprivacyfile /Users/clementperrousset/Library/Developer/Xcode/DerivedData/entourage-cgufxcifbbuurcdqvxkcudhwmwam/Build/Products/Debug-iphonesimulator/Ent-Beta.app/Firebase_FirebaseABTesting.bundle -scanforprivacyfile /Users/clementperrousset/Library/Developer/Xcode/DerivedData/entourage-cgufxcifbbuurcdqvxkcudhwmwam/Build/Products/Debug-iphonesimulator/Ent-Beta.app/Firebase_FirebaseCore.bundle -scanforprivacyfile /Users/clementperrousset/Library/Developer/Xcode/DerivedData/entourage-cgufxcifbbuurcdqvxkcudhwmwam/Build/Products/Debug-iphonesimulator/Ent-Beta.app/Firebase_FirebaseCoreExtension.bundle -scanforprivacyfile /Users/clementperrousset/Library/Developer/Xcode/DerivedData/entourage-cgufxcifbbuurcdqvxkcudhwmwam/Build/Products/Debug-iphonesimulator/Ent-Beta.app/Firebase_FirebaseCoreInternal.bundle -scanforprivacyfile /Users/clementperrousset/Library/Developer/Xcode/DerivedData/entourage-cgufxcifbbuurcdqvxkcudhwmwam/Build/Products/Debug-iphonesimulator/Ent-Beta.app/Firebase_FirebaseCrashlytics.bundle -scanforprivacyfile /Users/clementperrousset/Library/Developer/Xcode/DerivedData/entourage-cgufxcifbbuurcdqvxkcudhwmwam/Build/Products/Debug-iphonesimulator/Ent-Beta.app/Firebase_FirebaseInstallations.bundle -scanforprivacyfile /Users/clementperrousset/Library/Developer/Xcode/DerivedData/entourage-cgufxcifbbuurcdqvxkcudhwmwam/Build/Products/Debug-iphonesimulator/Ent-Beta.app/Firebase_FirebaseMessaging.bundle -scanforprivacyfile /Users/clementperrousset/Library/Developer/Xcode/DerivedData/entourage-cgufxcifbbuurcdqvxkcudhwmwam/Build/Products/Debug-iphonesimulator/Ent-Beta.app/Firebase_FirebaseRemoteConfig.bundle -scanforprivacyfile /Users/clementperrousset/Library/Developer/Xcode/DerivedData/entourage-cgufxcifbbuurcdqvxkcudhwmwam/Build/Products/Debug-iphonesimulator/Ent-Beta.app/Frameworks/FirebaseAnalytics.framework -scanforprivacyfile /Users/clementperrousset/Library/Developer/Xcode/DerivedData/entourage-cgufxcifbbuurcdqvxkcudhwmwam/Build/Products/Debug-iphonesimulator/Ent-Beta.app/Frameworks/GoogleAppMeasurement.framework -scanforprivacyfile /Users/clementperrousset/Library/Developer/Xcode/DerivedData/entourage-cgufxcifbbuurcdqvxkcudhwmwam/Build/Products/Debug-iphonesimulator/Ent-Beta.app/Frameworks/GoogleAppMeasurementIdentitySupport.framework -scanforprivacyfile /Users/clementperrousset/Library/Developer/Xcode/DerivedData/entourage-cgufxcifbbuurcdqvxkcudhwmwam/Build/Products/Debug-iphonesimulator/Ent-Beta.app/GoogleDataTransport_GoogleDataTransport.bundle -scanforprivacyfile /Users/clementperrousset/Library/Developer/Xcode/DerivedData/entourage-cgufxcifbbuurcdqvxkcudhwmwam/Build/Products/Debug-iphonesimulator/Ent-Beta.app/GooglePlaces_GooglePlacesTarget.bundle -scanforprivacyfile /Users/clementperrousset/Library/Developer/Xcode/DerivedData/entourage-cgufxcifbbuurcdqvxkcudhwmwam/Build/Products/Debug-iphonesimulator/Ent-Beta.app/GoogleUtilities_GoogleUtilities-AppDelegateSwizzler.bundle -scanforprivacyfile /Users/clementperrousset/Library/Developer/Xcode/DerivedData/entourage-cgufxcifbbuurcdqvxkcudhwmwam/Build/Products/Debug-iphonesimulator/Ent-Beta.app/GoogleUtilities_GoogleUtilities-Environment.bundle -scanforprivacyfile /Users/clementperrousset/Library/Developer/Xcode/DerivedData/entourage-cgufxcifbbuurcdqvxkcudhwmwam/Build/Products/Debug-iphonesimulator/Ent-Beta.app/GoogleUtilities_GoogleUtilities-Logger.bundle -scanforprivacyfile /Users/clementperrousset/Library/Developer/Xcode/DerivedData/entourage-cgufxcifbbuurcdqvxkcudhwmwam/Build/Products/Debug-iphonesimulator/Ent-Beta.app/GoogleUtilities_GoogleUtilities-MethodSwizzler.bundle -scanforprivacyfile /Users/clementperrousset/Library/Developer/Xcode/DerivedData/entourage-cgufxcifbbuurcdqvxkcudhwmwam/Build/Products/Debug-iphonesimulator/Ent-Beta.app/GoogleUtilities_GoogleUtilities-NSData.bundle -scanforprivacyfile /Users/clementperrousset/Library/Developer/Xcode/DerivedData/entourage-cgufxcifbbuurcdqvxkcudhwmwam/Build/Products/Debug-iphonesimulator/Ent-Beta.app/GoogleUtilities_GoogleUtilities-Network.bundle -scanforprivacyfile /Users/clementperrousset/Library/Developer/Xcode/DerivedData/entourage-cgufxcifbbuurcdqvxkcudhwmwam/Build/Products/Debug-iphonesimulator/Ent-Beta.app/GoogleUtilities_GoogleUtilities-Reachability.bundle -scanforprivacyfile /Users/clementperrousset/Library/Developer/Xcode/DerivedData/entourage-cgufxcifbbuurcdqvxkcudhwmwam/Build/Products/Debug-iphonesimulator/Ent-Beta.app/GoogleUtilities_GoogleUtilities-UserDefaults.bundle -scanforprivacyfile /Users/clementperrousset/Library/Developer/Xcode/DerivedData/entourage-cgufxcifbbuurcdqvxkcudhwmwam/Build/Products/Debug-iphonesimulator/Ent-Beta.app/Mantis_Mantis.bundle -scanforprivacyfile /Users/clementperrousset/Library/Developer/Xcode/DerivedData/entourage-cgufxcifbbuurcdqvxkcudhwmwam/Build/Products/Debug-iphonesimulator/Ent-Beta.app/Promises_FBLPromises.bundle -scanforprivacyfile /Users/clementperrousset/Library/Developer/Xcode/DerivedData/entourage-cgufxcifbbuurcdqvxkcudhwmwam/Build/Products/Debug-iphonesimulator/Ent-Beta.app/Promises_Promises.bundle -scanforprivacyfile /Users/clementperrousset/Library/Developer/Xcode/DerivedData/entourage-cgufxcifbbuurcdqvxkcudhwmwam/Build/Products/Debug-iphonesimulator/Ent-Beta.app/SDWebImage_SDWebImage.bundle -scanforprivacyfile /Users/clementperrousset/Library/Developer/Xcode/DerivedData/entourage-cgufxcifbbuurcdqvxkcudhwmwam/Build/Products/Debug-iphonesimulator/Ent-Beta.app/SDWebImage_SDWebImageMapKit.bundle -scanforprivacyfile /Users/clementperrousset/Library/Developer/Xcode/DerivedData/entourage-cgufxcifbbuurcdqvxkcudhwmwam/Build/Products/Debug-iphonesimulator/Ent-Beta.app/SVProgressHUD_SVProgressHUD.bundle -scanforprivacyfile /Users/clementperrousset/Library/Developer/Xcode/DerivedData/entourage-cgufxcifbbuurcdqvxkcudhwmwam/Build/Products/Debug-iphonesimulator/Ent-Beta.app/nanopb_nanopb.bundle -o /Users/clementperrousset/Library/Developer/Xcode/DerivedData/entourage-cgufxcifbbuurcdqvxkcudhwmwam/Build/Products/Debug-iphonesimulator/Ent-Beta.app/Info.plist

GenerateDSYMFile /Users/clementperrousset/Library/Developer/Xcode/DerivedData/entourage-cgufxcifbbuurcdqvxkcudhwmwam/Build/Products/Debug-iphonesimulator/Ent-Beta.app.dSYM /Users/clementperrousset/Library/Developer/Xcode/DerivedData/entourage-cgufxcifbbuurcdqvxkcudhwmwam/Build/Products/Debug-iphonesimulator/Ent-Beta.app/Ent-Beta.debug.dylib (in target 'entourage' from project 'entourage')
    cd /Users/clementperrousset/Dev/entourage-ios
    /Applications/Xcode.app/Contents/Developer/Toolchains/XcodeDefault.xctoolchain/usr/bin/dsymutil /Users/clementperrousset/Library/Developer/Xcode/DerivedData/entourage-cgufxcifbbuurcdqvxkcudhwmwam/Build/Products/Debug-iphonesimulator/Ent-Beta.app/Ent-Beta.debug.dylib -o /Users/clementperrousset/Library/Developer/Xcode/DerivedData/entourage-cgufxcifbbuurcdqvxkcudhwmwam/Build/Products/Debug-iphonesimulator/Ent-Beta.app.dSYM

CodeSign /Users/clementperrousset/Library/Developer/Xcode/DerivedData/entourage-cgufxcifbbuurcdqvxkcudhwmwam/Build/Products/Debug-iphonesimulator/Ent-Beta.app/Ent-Beta.debug.dylib (in target 'entourage' from project 'entourage')
    cd /Users/clementperrousset/Dev/entourage-ios
    
    Signing Identity:     "Sign to Run Locally"
    
    /usr/bin/codesign --force --sign - --timestamp\=none --generate-entitlement-der /Users/clementperrousset/Library/Developer/Xcode/DerivedData/entourage-cgufxcifbbuurcdqvxkcudhwmwam/Build/Products/Debug-iphonesimulator/Ent-Beta.app/Ent-Beta.debug.dylib

CodeSign /Users/clementperrousset/Library/Developer/Xcode/DerivedData/entourage-cgufxcifbbuurcdqvxkcudhwmwam/Build/Products/Debug-iphonesimulator/Ent-Beta.app/__preview.dylib (in target 'entourage' from project 'entourage')
    cd /Users/clementperrousset/Dev/entourage-ios
    
    Signing Identity:     "Sign to Run Locally"
    
    /usr/bin/codesign --force --sign - --timestamp\=none --generate-entitlement-der /Users/clementperrousset/Library/Developer/Xcode/DerivedData/entourage-cgufxcifbbuurcdqvxkcudhwmwam/Build/Products/Debug-iphonesimulator/Ent-Beta.app/__preview.dylib
/Users/clementperrousset/Library/Developer/Xcode/DerivedData/entourage-cgufxcifbbuurcdqvxkcudhwmwam/Build/Products/Debug-iphonesimulator/Ent-Beta.app/__preview.dylib: replacing existing signature

CodeSign /Users/clementperrousset/Library/Developer/Xcode/DerivedData/entourage-cgufxcifbbuurcdqvxkcudhwmwam/Build/Products/Debug-iphonesimulator/Ent-Beta.app (in target 'entourage' from project 'entourage')
    cd /Users/clementperrousset/Dev/entourage-ios
    
    Signing Identity:     "Sign to Run Locally"
    
    /usr/bin/codesign --force --sign - --entitlements /Users/clementperrousset/Library/Developer/Xcode/DerivedData/entourage-cgufxcifbbuurcdqvxkcudhwmwam/Build/Intermediates.noindex/entourage.build/Debug-iphonesimulator/entourage.build/Ent-Beta.app.xcent --timestamp\=none --generate-entitlement-der /Users/clementperrousset/Library/Developer/Xcode/DerivedData/entourage-cgufxcifbbuurcdqvxkcudhwmwam/Build/Products/Debug-iphonesimulator/Ent-Beta.app

Validate /Users/clementperrousset/Library/Developer/Xcode/DerivedData/entourage-cgufxcifbbuurcdqvxkcudhwmwam/Build/Products/Debug-iphonesimulator/Ent-Beta.app (in target 'entourage' from project 'entourage')
    cd /Users/clementperrousset/Dev/entourage-ios
    builtin-validationUtility /Users/clementperrousset/Library/Developer/Xcode/DerivedData/entourage-cgufxcifbbuurcdqvxkcudhwmwam/Build/Products/Debug-iphonesimulator/Ent-Beta.app -shallow-bundle -infoplist-subpath Info.plist

** BUILD SUCCEEDED **

